Component: ARM Compiler 5.06 update 1 (build 61) Tool: armlink [4d35a8]

==============================================================================

Section Cross References

    main.o(.text) refers to remote.o(.text) for Remote_Scan
    main.o(.text) refers to stm32f4xx_gpio.o(.text) for GPIO_SetBits
    main.o(.text) refers to delay.o(.text) for delay_ms
    main.o(.text) refers to key.o(.text) for KEY_Scan
    main.o(.text) refers to lcd.o(.text) for LCD_ShowString
    main.o(.text) refers to misc.o(.text) for NVIC_PriorityGroupConfig
    main.o(.text) refers to usart.o(.text) for uart_init
    main.o(.text) refers to beep.o(.text) for BEEP_Init
    main.o(.text) refers to led.o(.text) for LED_Init
    main.o(.text) refers to adc.o(.text) for Adc_Init
    main.o(.text) refers to smog.o(.text) for Smog_Init
    main.o(.text) refers to main.o(.data) for screen
    main.o(.text) refers to lcd.o(.data) for POINT_COLOR
    system_stm32f4xx.o(.text) refers to system_stm32f4xx.o(.data) for SystemCoreClock
    led.o(.text) refers to stm32f4xx_rcc.o(.text) for RCC_AHB1PeriphClockCmd
    led.o(.text) refers to stm32f4xx_gpio.o(.text) for GPIO_Init
    lcd.o(.text) refers to _printf_percent.o(.ARM.Collect$$_printf_percent$$00000000) for _printf_percent
    lcd.o(.text) refers to _printf_x.o(.ARM.Collect$$_printf_percent$$0000000C) for _printf_x
    lcd.o(.text) refers to _printf_hex_int.o(.text) for _printf_longlong_hex
    lcd.o(.text) refers to delay.o(.text) for delay_us
    lcd.o(.text) refers to lcd.o(.bss) for lcddev
    lcd.o(.text) refers to lcd.o(.data) for POINT_COLOR
    lcd.o(.text) refers to dflt_clz.o(x$fpl$dfltu) for __aeabi_ui2d
    lcd.o(.text) refers to dmul.o(x$fpl$dmul) for __aeabi_dmul
    lcd.o(.text) refers to dfixu.o(x$fpl$dfixu) for __aeabi_d2uiz
    lcd.o(.text) refers to stm32f4xx_rcc.o(.text) for RCC_AHB1PeriphClockCmd
    lcd.o(.text) refers to stm32f4xx_gpio.o(.text) for GPIO_Init
    lcd.o(.text) refers to stm32f4xx_fsmc.o(.text) for FSMC_NORSRAMInit
    lcd.o(.text) refers to noretval__2printf.o(.text) for __2printf
    lcd.o(.text) refers to lcd.o(.constdata) for asc2_1206
    adc.o(.text) refers to stm32f4xx_rcc.o(.text) for RCC_AHB1PeriphClockCmd
    adc.o(.text) refers to stm32f4xx_gpio.o(.text) for GPIO_Init
    adc.o(.text) refers to stm32f4xx_adc.o(.text) for ADC_TempSensorVrefintCmd
    adc.o(.text) refers to delay.o(.text) for delay_ms
    adc.o(.text) refers to f2d.o(x$fpl$f2d) for __aeabi_f2d
    adc.o(.text) refers to dmul.o(x$fpl$dmul) for __aeabi_dmul
    adc.o(.text) refers to daddsub_clz.o(x$fpl$dsub) for __aeabi_dsub
    adc.o(.text) refers to ddiv.o(x$fpl$ddiv) for __aeabi_ddiv
    adc.o(.text) refers to daddsub_clz.o(x$fpl$dadd) for __aeabi_dadd
    adc.o(.text) refers to dfix.o(x$fpl$dfix) for __aeabi_d2iz
    beep.o(.text) refers to stm32f4xx_rcc.o(.text) for RCC_AHB1PeriphClockCmd
    beep.o(.text) refers to stm32f4xx_gpio.o(.text) for GPIO_Init
    key.o(.text) refers to stm32f4xx_rcc.o(.text) for RCC_AHB1PeriphClockCmd
    key.o(.text) refers to stm32f4xx_gpio.o(.text) for GPIO_Init
    key.o(.text) refers to delay.o(.text) for delay_ms
    key.o(.text) refers to key.o(.data) for key_up
    remote.o(.text) refers to stm32f4xx_rcc.o(.text) for RCC_AHB1PeriphClockCmd
    remote.o(.text) refers to stm32f4xx_gpio.o(.text) for GPIO_Init
    remote.o(.text) refers to stm32f4xx_tim.o(.text) for TIM_TimeBaseInit
    remote.o(.text) refers to misc.o(.text) for NVIC_Init
    remote.o(.text) refers to remote.o(.data) for RmtSta
    adc3.o(.text) refers to stm32f4xx_rcc.o(.text) for RCC_APB2PeriphClockCmd
    adc3.o(.text) refers to stm32f4xx_adc.o(.text) for ADC_CommonInit
    smog.o(.text) refers to _printf_percent.o(.ARM.Collect$$_printf_percent$$00000000) for _printf_percent
    smog.o(.text) refers to _printf_d.o(.ARM.Collect$$_printf_percent$$00000009) for _printf_d
    smog.o(.text) refers to _printf_dec.o(.text) for _printf_int_dec
    smog.o(.text) refers to stm32f4xx_rcc.o(.text) for RCC_AHB1PeriphClockCmd
    smog.o(.text) refers to stm32f4xx_gpio.o(.text) for GPIO_Init
    smog.o(.text) refers to adc3.o(.text) for Adc3_Init
    smog.o(.text) refers to delay.o(.text) for delay_ms
    smog.o(.text) refers to noretval__2printf.o(.text) for __2printf
    smog.o(.text) refers to dflt_clz.o(x$fpl$dfltu) for __aeabi_ui2d
    smog.o(.text) refers to ddiv.o(x$fpl$ddiv) for __aeabi_ddiv
    smog.o(.text) refers to daddsub_clz.o(x$fpl$dsub) for __aeabi_dsub
    smog.o(.text) refers to dmul.o(x$fpl$dmul) for __aeabi_dmul
    smog.o(.text) refers to dfixu.o(x$fpl$dfixu) for __aeabi_d2uiz
    smog.o(.text) refers to daddsub_clz.o(x$fpl$dadd) for __aeabi_dadd
    delay.o(.text) refers to misc.o(.text) for SysTick_CLKSourceConfig
    delay.o(.text) refers to delay.o(.data) for fac_us
    usart.o(.rev16_text) refers (Special) to use_no_semi_2.o(.text) for __use_no_semihosting
    usart.o(.revsh_text) refers (Special) to use_no_semi_2.o(.text) for __use_no_semihosting
[...]
    ../fplib/fpinit.s                        0x00000000   Number         0  fpinit.o ABSOLUTE
    ../fplib/usenofp.s                       0x00000000   Number         0  usenofp.o ABSOLUTE
    ..\CORE\startup_stm32f40_41xxx.s         0x00000000   Number         0  startup_stm32f40_41xxx.o ABSOLUTE
    ..\FWLIB\src\misc.c                      0x00000000   Number         0  misc.o ABSOLUTE
    ..\FWLIB\src\stm32f4xx_adc.c             0x00000000   Number         0  stm32f4xx_adc.o ABSOLUTE
    ..\FWLIB\src\stm32f4xx_fsmc.c            0x00000000   Number         0  stm32f4xx_fsmc.o ABSOLUTE
    ..\FWLIB\src\stm32f4xx_gpio.c            0x00000000   Number         0  stm32f4xx_gpio.o ABSOLUTE
    ..\FWLIB\src\stm32f4xx_rcc.c             0x00000000   Number         0  stm32f4xx_rcc.o ABSOLUTE
    ..\FWLIB\src\stm32f4xx_syscfg.c          0x00000000   Number         0  stm32f4xx_syscfg.o ABSOLUTE
    ..\FWLIB\src\stm32f4xx_tim.c             0x00000000   Number         0  stm32f4xx_tim.o ABSOLUTE
    ..\FWLIB\src\stm32f4xx_usart.c           0x00000000   Number         0  stm32f4xx_usart.o ABSOLUTE
    ..\HARDWARE\ADC3\adc3.c                  0x00000000   Number         0  adc3.o ABSOLUTE
    ..\HARDWARE\ADC\adc.c                    0x00000000   Number         0  adc.o ABSOLUTE
    ..\HARDWARE\BEEP\beep.c                  0x00000000   Number         0  beep.o ABSOLUTE
    ..\HARDWARE\KEY\key.c                    0x00000000   Number         0  key.o ABSOLUTE
    ..\HARDWARE\LCD\lcd.c                    0x00000000   Number         0  lcd.o ABSOLUTE
    ..\HARDWARE\LED\led.c                    0x00000000   Number         0  led.o ABSOLUTE
    ..\HARDWARE\REMOTE\remote.c              0x00000000   Number         0  remote.o ABSOLUTE
    ..\HARDWARE\SMOG\smog.c                  0x00000000   Number         0  smog.o ABSOLUTE
    ..\SYSTEM\delay\delay.c                  0x00000000   Number         0  delay.o ABSOLUTE
    ..\SYSTEM\sys\sys.c                      0x00000000   Number         0  sys.o ABSOLUTE
    ..\SYSTEM\usart\usart.c                  0x00000000   Number         0  usart.o ABSOLUTE
    ..\\FWLIB\\src\\misc.c                   0x00000000   Number         0  misc.o ABSOLUTE
    ..\\FWLIB\\src\\stm32f4xx_adc.c          0x00000000   Number         0  stm32f4xx_adc.o ABSOLUTE
    ..\\FWLIB\\src\\stm32f4xx_fsmc.c         0x00000000   Number         0  stm32f4xx_fsmc.o ABSOLUTE
    ..\\FWLIB\\src\\stm32f4xx_gpio.c         0x00000000   Number         0  stm32f4xx_gpio.o ABSOLUTE
    ..\\FWLIB\\src\\stm32f4xx_rcc.c          0x00000000   Number         0  stm32f4xx_rcc.o ABSOLUTE
    ..\\FWLIB\\src\\stm32f4xx_syscfg.c       0x00000000   Number         0  stm32f4xx_syscfg.o ABSOLUTE
    ..\\FWLIB\\src\\stm32f4xx_tim.c          0x00000000   Number         0  stm32f4xx_tim.o ABSOLUTE
    ..\\FWLIB\\src\\stm32f4xx_usart.c        0x00000000   Number         0  stm32f4xx_usart.o ABSOLUTE
    ..\\HARDWARE\\ADC3\\adc3.c               0x00000000   Number         0  adc3.o ABSOLUTE
    ..\\HARDWARE\\ADC\\adc.c                 0x00000000   Number         0  adc.o ABSOLUTE
    ..\\HARDWARE\\BEEP\\beep.c               0x00000000   Number         0  beep.o ABSOLUTE
    ..\\HARDWARE\\KEY\\key.c                 0x00000000   Number         0  key.o ABSOLUTE
    ..\\HARDWARE\\LCD\\lcd.c                 0x00000000   Number         0  lcd.o ABSOLUTE
    ..\\HARDWARE\\LED\\led.c                 0x00000000   Number         0  led.o ABSOLUTE
    ..\\HARDWARE\\REMOTE\\remote.c           0x00000000   Number         0  remote.o ABSOLUTE
    ..\\HARDWARE\\SMOG\\smog.c               0x00000000   Number         0  smog.o ABSOLUTE
    ..\\SYSTEM\\delay\\delay.c               0x00000000   Number         0  delay.o ABSOLUTE
    ..\\SYSTEM\\sys\\sys.c                   0x00000000   Number         0  sys.o ABSOLUTE
    ..\\SYSTEM\\usart\\usart.c               0x00000000   Number         0  usart.o ABSOLUTE
    dc.s                                     0x00000000   Number         0  dc.o ABSOLUTE
    main.c                                   0x00000000   Number         0  main.o ABSOLUTE
    main.c                                   0x00000000   Number         0  main.o ABSOLUTE
    stm32f4xx_it.c                           0x00000000   Number         0  stm32f4xx_it.o ABSOLUTE
    stm32f4xx_it.c                           0x00000000   Number         0  stm32f4xx_it.o ABSOLUTE
    system_stm32f4xx.c                       0x00000000   Number         0  system_stm32f4xx.o ABSOLUTE
    system_stm32f4xx.c                       0x00000000   Number         0  system_stm32f4xx.o ABSOLUTE
    RESET                                    0x08000000   Section      392  startup_stm32f40_41xxx.o(RESET)
    !!!main                                  0x08000188   Section        8  __main.o(!!!main)
    !!!scatter                               0x08000190   Section       52  __scatter.o(!!!scatter)
    !!handler_copy                           0x080001c4   Section       26  __scatter_copy.o(!!handler_copy)
    !!handler_zi                             0x080001e0   Section       28  __scatter_zi.o(!!handler_zi)
    .ARM.Collect$$_printf_percent$$00000000  0x080001fc   Section        0  _printf_percent.o(.ARM.Collect$$_printf_percent$$00000000)
    .ARM.Collect$$_printf_percent$$00000009  0x080001fc   Section        6  _printf_d.o(.ARM.Collect$$_printf_percent$$00000009)
    .ARM.Collect$$_printf_percent$$0000000C  0x08000202   Section        6  _printf_x.o(.ARM.Collect$$_printf_percent$$0000000C)
    .ARM.Collect$$_printf_percent$$00000017  0x08000208   Section        4  _printf_percent_end.o(.ARM.Collect$$_printf_percent$$00000017)
    .ARM.Collect$$libinit$$00000000          0x0800020c   Section        2  libinit.o(.ARM.Collect$$libinit$$00000000)
    .ARM.Collect$$libinit$$00000001          0x0800020e   Section        4  libinit2.o(.ARM.Collect$$libinit$$00000001)
    .ARM.Collect$$libinit$$00000004          0x08000212   Section        0  libinit2.o(.ARM.Collect$$libinit$$00000004)
    .ARM.Collect$$libinit$$0000000A          0x08000212   Section        0  libinit2.o(.ARM.Collect$$libinit$$0000000A)
    .ARM.Collect$$libinit$$0000000C          0x08000212   Section        0  libinit2.o(.ARM.Collect$$libinit$$0000000C)
    .ARM.Collect$$libinit$$0000000E          0x08000212   Section        0  libinit2.o(.ARM.Collect$$libinit$$0000000E)
    .ARM.Collect$$libinit$$00000011          0x08000212   Section        0  libinit2.o(.ARM.Collect$$libinit$$00000011)
    .ARM.Collect$$libinit$$00000013          0x08000212   Section        0  libinit2.o(.ARM.Collect$$libinit$$00000013)
    .ARM.Collect$$libinit$$00000015          0x08000212   Section        0  libinit2.o(.ARM.Collect$$libinit$$00000015)
    .ARM.Collect$$libinit$$00000017          0x08000212   Section        0  libinit2.o(.ARM.Collect$$libinit$$00000017)
    .ARM.Collect$$libinit$$00000019          0x08000212   Section        0  libinit2.o(.ARM.Collect$$libinit$$00000019)
    .ARM.Collect$$libinit$$0000001B          0x08000212   Section        0  libinit2.o(.ARM.Collect$$libinit$$0000001B)
    .ARM.Collect$$libinit$$0000001D          0x08000212   Section        0  libinit2.o(.ARM.Collect$$libinit$$0000001D)
    .ARM.Collect$$libinit$$0000001F          0x08000212   Section        0  libinit2.o(.ARM.Collect$$libinit$$0000001F)
    .ARM.Collect$$libinit$$00000021          0x08000212   Section        0  libinit2.o(.ARM.Collect$$libinit$$00000021)
    .ARM.Collect$$libinit$$00000023          0x08000212   Section        0  libinit2.o(.ARM.Collect$$libinit$$00000023)
    .ARM.Collect$$libinit$$00000025          0x08000212   Section        0  libinit2.o(.ARM.Collect$$libinit$$00000025)
    .ARM.Collect$$libinit$$0000002C          0x08000212   Section        0  libinit2.o(.ARM.Collect$$libinit$$0000002C)
    .ARM.Collect$$libinit$$0000002E          0x08000212   Section        0  libinit2.o(.ARM.Collect$$libinit$$0000002E)
    .ARM.Collect$$libinit$$00000030          0x08000212   Section        0  libinit2.o(.ARM.Collect$$libinit$$00000030)
    .ARM.Collect$$libinit$$00000032          0x08000212   Section        0  libinit2.o(.ARM.Collect$$libinit$$00000032)
    .ARM.Collect$$libinit$$00000033          0x08000212   Section        2  libinit2.o(.ARM.Collect$$libinit$$00000033)
    .ARM.Collect$$libshutdown$$00000000      0x08000214   Section        2  libshutdown.o(.ARM.Collect$$libshutdown$$00000000)
    .ARM.Collect$$libshutdown$$00000002      0x08000216   Section        0  libshutdown2.o(.ARM.Collect$$libshutdown$$00000002)
    .ARM.Collect$$libshutdown$$00000004      0x08000216   Section        0  libshutdown2.o(.ARM.Collect$$libshutdown$$00000004)
    .ARM.Collect$$libshutdown$$00000007      0x08000216   Section        0  libshutdown2.o(.ARM.Collect$$libshutdown$$00000007)
    .ARM.Collect$$libshutdown$$0000000A      0x08000216   Section        0  libshutdown2.o(.ARM.Collect$$libshutdown$$0000000A)
    .ARM.Collect$$libshutdown$$0000000C      0x08000216   Section        0  libshutdown2.o(.ARM.Collect$$libshutdown$$0000000C)
    .ARM.Collect$$libshutdown$$0000000F      0x08000216   Section        0  libshutdown2.o(.ARM.Collect$$libshutdown$$0000000F)
    .ARM.Collect$$libshutdown$$00000010      0x08000216   Section        2  libshutdown2.o(.ARM.Collect$$libshutdown$$00000010)
    .ARM.Collect$$rtentry$$00000000          0x08000218   Section        0  __rtentry.o(.ARM.Collect$$rtentry$$00000000)
    .ARM.Collect$$rtentry$$00000002          0x08000218   Section        0  __rtentry2.o(.ARM.Collect$$rtentry$$00000002)
    .ARM.Collect$$rtentry$$00000004          0x08000218   Section        6  __rtentry4.o(.ARM.Collect$$rtentry$$00000004)
    .ARM.Collect$$rtentry$$00000009          0x0800021e   Section        0  __rtentry2.o(.ARM.Collect$$rtentry$$00000009)
    .ARM.Collect$$rtentry$$0000000A          0x0800021e   Section        4  __rtentry2.o(.ARM.Collect$$rtentry$$0000000A)
    .ARM.Collect$$rtentry$$0000000C          0x08000222   Section        0  __rtentry2.o(.ARM.Collect$$rtentry$$0000000C)
    .ARM.Collect$$rtentry$$0000000D          0x08000222   Section        8  __rtentry2.o(.ARM.Collect$$rtentry$$0000000D)
    .ARM.Collect$$rtexit$$00000000           0x0800022a   Section        2  rtexit.o(.ARM.Collect$$rtexit$$00000000)
    .ARM.Collect$$rtexit$$00000002           0x0800022c   Section        0  rtexit2.o(.ARM.Collect$$rtexit$$00000002)
    .ARM.Collect$$rtexit$$00000003           0x0800022c   Section        4  rtexit2.o(.ARM.Collect$$rtexit$$00000003)
    .ARM.Collect$$rtexit$$00000004           0x08000230   Section        6  rtexit2.o(.ARM.Collect$$rtexit$$00000004)
    .text                                    0x08000238   Section        0  main.o(.text)
    .text                                    0x0800053c   Section        0  stm32f4xx_it.o(.text)
    .text                                    0x08000558   Section        0  system_stm32f4xx.o(.text)
    SetSysClock                              0x08000559   Thumb Code   220  system_stm32f4xx.o(.text)
    .text                                    0x08000768   Section        0  led.o(.text)
    .text                                    0x080007a8   Section        0  lcd.o(.text)
    .text                                    0x08005428   Section        0  adc.o(.text)
    .text                                    0x080055d8   Section        0  beep.o(.text)
    .text                                    0x08005618   Section        0  key.o(.text)
    .text                                    0x0800571c   Section        0  remote.o(.text)
    .text                                    0x080059fc   Section        0  adc3.o(.text)
    .text                                    0x08005a88   Section        0  smog.o(.text)
    .text                                    0x08005bc0   Section        0  delay.o(.text)
    .text                                    0x08005cc4   Section        0  usart.o(.text)
    .text                                    0x08005e10   Section       64  startup_stm32f40_41xxx.o(.text)
    $v0                                      0x08005e10   Number         0  startup_stm32f40_41xxx.o(.text)
    .text                                    0x08005e50   Section        0  misc.o(.text)
    .text                                    0x08005f30   Section        0  stm32f4xx_adc.o(.text)
    .text                                    0x08006394   Section        0  stm32f4xx_gpio.o(.text)
    .text                                    0x08006628   Section        0  stm32f4xx_fsmc.o(.text)
    .text                                    0x08006bf0   Section        0  stm32f4xx_rcc.o(.text)
    .text                                    0x0800724c   Section        0  stm32f4xx_usart.o(.text)
    .text                                    0x080076a0   Section        0  stm32f4xx_tim.o(.text)
    TI4_Config                               0x08007e3f   Thumb Code    80  stm32f4xx_tim.o(.text)
    TI3_Config                               0x08007ea1   Thumb Code    72  stm32f4xx_tim.o(.text)
    TI2_Config                               0x08007f03   Thumb Code    90  stm32f4xx_tim.o(.text)
    TI1_Config                               0x08007f6f   Thumb Code    58  stm32f4xx_tim.o(.text)
    .text                                    0x08008342   Section        2  use_no_semi_2.o(.text)
    .text                                    0x08008344   Section        0  noretval__2printf.o(.text)
    .text                                    0x0800835c   Section        0  __printf.o(.text)
    .text                                    0x080083c4   Section        0  _printf_dec.o(.text)
    .text                                    0x0800843c   Section        0  _printf_hex_int.o(.text)
    .text                                    0x08008494   Section        0  heapauxi.o(.text)
    .text                                    0x0800849a   Section        2  use_no_semi.o(.text)
    .text                                    0x0800849c   Section        0  _printf_intcommon.o(.text)
    .text                                    0x08008550   Section        0  _printf_char_file.o(.text)
    .text                                    0x08008574   Section        0  _printf_char_common.o(.text)
    _printf_input_char                       0x08008575   Thumb Code    10  _printf_char_common.o(.text)
    .text                                    0x080085a4   Section        0  ferror.o(.text)
    .text                                    0x080085ac   Section       74  sys_stackheap_outer.o(.text)
    .text                                    0x080085f6   Section        0  exit.o(.text)
    .text                                    0x08008608   Section        8  libspace.o(.text)
    x$fpl$dadd                               0x08008610   Section      336  daddsub_clz.o(x$fpl$dadd)
    $v0                                      0x08008610   Number         0  daddsub_clz.o(x$fpl$dadd)
    _dadd1                                   0x08008621   Thumb Code     0  daddsub_clz.o(x$fpl$dadd)
    x$fpl$ddiv                               0x08008760   Section      688  ddiv.o(x$fpl$ddiv)
    $v0                                      0x08008760   Number         0  ddiv.o(x$fpl$ddiv)
    ddiv_entry                               0x08008767   Thumb Code     0  ddiv.o(x$fpl$ddiv)
    x$fpl$dfix                               0x08008a10   Section       94  dfix.o(x$fpl$dfix)
    $v0                                      0x08008a10   Number         0  dfix.o(x$fpl$dfix)
    x$fpl$dfixu                              0x08008a70   Section       90  dfixu.o(x$fpl$dfixu)
    $v0                                      0x08008a70   Number         0  dfixu.o(x$fpl$dfixu)
    x$fpl$dfltu                              0x08008aca   Section       38  dflt_clz.o(x$fpl$dfltu)
    $v0                                      0x08008aca   Number         0  dflt_clz.o(x$fpl$dfltu)
    x$fpl$dmul                               0x08008af0   Section      340  dmul.o(x$fpl$dmul)
    $v0                                      0x08008af0   Number         0  dmul.o(x$fpl$dmul)
    x$fpl$dnaninf                            0x08008c44   Section      156  dnaninf.o(x$fpl$dnaninf)
    $v0                                      0x08008c44   Number         0  dnaninf.o(x$fpl$dnaninf)
    x$fpl$dretinf                            0x08008ce0   Section       12  dretinf.o(x$fpl$dretinf)
    $v0                                      0x08008ce0   Number         0  dretinf.o(x$fpl$dretinf)
    x$fpl$dsub                               0x08008cec   Section      468  daddsub_clz.o(x$fpl$dsub)
    $v0                                      0x08008cec   Number         0  daddsub_clz.o(x$fpl$dsub)
    _dsub1                                   0x08008cfd   Thumb Code     0  daddsub_clz.o(x$fpl$dsub)
    x$fpl$f2d                                0x08008ec0   Section       86  f2d.o(x$fpl$f2d)
    $v0                                      0x08008ec0   Number         0  f2d.o(x$fpl$f2d)
    x$fpl$fnaninf                            0x08008f16   Section      140  fnaninf.o(x$fpl$fnaninf)
    $v0                                      0x08008f16   Number         0  fnaninf.o(x$fpl$fnaninf)
    x$fpl$fpinit                             0x08008fa2   Section       10  fpinit.o(x$fpl$fpinit)
    $v0                                      0x08008fa2   Number         0  fpinit.o(x$fpl$fpinit)
    .constdata                               0x08008fac   Section     6080  lcd.o(.constdata)
    x$fpl$usenofp                            0x08008fac   Section        0  usenofp.o(x$fpl$usenofp)
    .constdata                               0x0800a76c   Section       28  stm32f4xx_fsmc.o(.constdata)
    .constdata                               0x0800a788   Section       40  _printf_hex_int.o(.constdata)
    uc_hextab                                0x0800a788   Data          20  _printf_hex_int.o(.constdata)
    lc_hextab                                0x0800a79c   Data          20  _printf_hex_int.o(.constdata)
    .data                                    0x20000000   Section        1  main.o(.data)
    .data                                    0x20000004   Section       20  system_stm32f4xx.o(.data)
    .data                                    0x20000018   Section        4  lcd.o(.data)
    .data                                    0x2000001c   Section        1  key.o(.data)
    key_up                                   0x2000001c   Data           1  key.o(.data)
    .data                                    0x20000020   Section        9  remote.o(.data)
    .data                                    0x2000002a   Section        4  delay.o(.data)
    fac_us                                   0x2000002a   Data           1  delay.o(.data)
    fac_ms                                   0x2000002c   Data           2  delay.o(.data)
    .data                                    0x20000030   Section        6  usart.o(.data)
    .data                                    0x20000036   Section       16  stm32f4xx_rcc.o(.data)
    APBAHBPrescTable                         0x20000036   Data          16  stm32f4xx_rcc.o(.data)
    .bss                                     0x20000048   Section       14  lcd.o(.bss)
    .bss                                     0x20000056   Section      200  usart.o(.bss)
    .bss                                     0x20000120   Section       96  libspace.o(.bss)
    HEAP                                     0x20000180   Section      512  startup_stm32f40_41xxx.o(HEAP)
    Heap_Mem                                 0x20000180   Data         512  startup_stm32f40_41xxx.o(HEAP)
    STACK                                    0x20000380   Section     1024  startup_stm32f40_41xxx.o(STACK)
    Stack_Mem                                0x20000380   Data        1024  startup_stm32f40_41xxx.o(STACK)
    __initial_sp                             0x20000780   Data           0  startup_stm32f40_41xxx.o(STACK)

    Global Symbols

    Symbol Name                              Value     Ov Type        Size  Object(Section)

    BuildAttributes$$THM_ISAv4$E$P$D$K$B$S$7EM$VFPi3$EXTD16$VFPS$VFMA$PE$A:L22UL41UL21$X:L11$S22US41US21$IEEE1$IW$USESV6$~STKCKD$USESV7$~SHL$OSPACE$ROPI$EBA8$UX$STANDARDLIB$REQ8$PRES8$EABIv2 0x00000000   Number         0  anon$$obj.o ABSOLUTE
    __ARM_use_no_argv                        0x00000000   Number         0  main.o ABSOLUTE
    __ARM_exceptions_init                     - Undefined Weak Reference
    __alloca_initialize                       - Undefined Weak Reference
    __arm_preinit_                            - Undefined Weak Reference
    __cpp_initialize__aeabi_                  - Undefined Weak Reference
    __cxa_finalize                            - Undefined Weak Reference
    __rt_locale                               - Undefined Weak Reference
    __sigvec_lookup                           - Undefined Weak Reference
    _atexit_init                              - Undefined Weak Reference
    _call_atexit_fns                          - Undefined Weak Reference
    _clock_init                               - Undefined Weak Reference
    _fp_trap_init                             - Undefined Weak Reference
    _fp_trap_shutdown                         - Undefined Weak Reference
    _get_lc_collate                           - Undefined Weak Reference
    _get_lc_ctype                             - Undefined Weak Reference
    _get_lc_monetary                          - Undefined Weak Reference
    _get_lc_numeric                           - Undefined Weak Reference
    _get_lc_time                              - Undefined Weak Reference
    _getenv_init                              - Undefined Weak Reference
    _handle_redirection                       - Undefined Weak Reference
    _init_alloc                               - Undefined Weak Reference
    _init_user_alloc                          - Undefined Weak Reference
    _initio                                   - Undefined Weak Reference
    _mutex_acquire                            - Undefined Weak Reference
    _mutex_release                            - Undefined Weak Reference
    _printf_post_padding                      - Undefined Weak Reference
    _printf_pre_padding                       - Undefined Weak Reference
    _printf_truncate_signed                   - Undefined Weak Reference
    _printf_truncate_unsigned                 - Undefined Weak Reference
    _rand_init                                - Undefined Weak Reference
    _signal_finish                            - Undefined Weak Reference
    _signal_init                              - Undefined Weak Reference
    _terminate_alloc                          - Undefined Weak Reference
    _terminate_user_alloc                     - Undefined Weak Reference
    _terminateio                              - Undefined Weak Reference
    __Vectors_Size                           0x00000188   Number         0  startup_stm32f40_41xxx.o ABSOLUTE
    __Vectors                                0x08000000   Data           4  startup_stm32f40_41xxx.o(RESET)
    __Vectors_End                            0x08000188   Data           0  startup_stm32f40_41xxx.o(RESET)
    __main                                   0x08000189   Thumb Code     8  __main.o(!!!main)
    __scatterload                            0x08000191   Thumb Code     0  __scatter.o(!!!scatter)
    __scatterload_rt2                        0x08000191   Thumb Code    44  __scatter.o(!!!scatter)
    __scatterload_rt2_thumb_only             0x08000191   Thumb Code     0  __scatter.o(!!!scatter)
    __scatterload_null                       0x0800019f   Thumb Code     0  __scatter.o(!!!scatter)
    __scatterload_copy                       0x080001c5   Thumb Code    26  __scatter_copy.o(!!handler_copy)
    __scatterload_zeroinit                   0x080001e1   Thumb Code    28  __scatter_zi.o(!!handler_zi)
    _printf_d                                0x080001fd   Thumb Code     0  _printf_d.o(.ARM.Collect$$_printf_percent$$00000009)
    _printf_percent                          0x080001fd   Thumb Code     0  _printf_percent.o(.ARM.Collect$$_printf_percent$$00000000)
    _printf_x                                0x08000203   Thumb Code     0  _printf_x.o(.ARM.Collect$$_printf_percent$$0000000C)
    _printf_percent_end                      0x08000209   Thumb Code     0  _printf_percent_end.o(.ARM.Collect$$_printf_percent$$00000017)
    __rt_lib_init                            0x0800020d   Thumb Code     0  libinit.o(.ARM.Collect$$libinit$$00000000)
    __rt_lib_init_fp_1                       0x0800020f   Thumb Code     0  libinit2.o(.ARM.Collect$$libinit$$00000001)
    __rt_lib_init_alloca_1                   0x08000213   Thumb Code     0  libinit2.o(.ARM.Collect$$libinit$$0000002E)
    __rt_lib_init_argv_1                     0x08000213   Thumb Code     0  libinit2.o(.ARM.Collect$$libinit$$0000002C)
    __rt_lib_init_atexit_1                   0x08000213   Thumb Code     0  libinit2.o(.ARM.Collect$$libinit$$0000001B)
    __rt_lib_init_clock_1                    0x08000213   Thumb Code     0  libinit2.o(.ARM.Collect$$libinit$$00000021)
    __rt_lib_init_cpp_1                      0x08000213   Thumb Code     0  libinit2.o(.ARM.Collect$$libinit$$00000032)
    __rt_lib_init_exceptions_1               0x08000213   Thumb Code     0  libinit2.o(.ARM.Collect$$libinit$$00000030)
    __rt_lib_init_fp_trap_1                  0x08000213   Thumb Code     0  libinit2.o(.ARM.Collect$$libinit$$0000001F)
    __rt_lib_init_getenv_1                   0x08000213   Thumb Code     0  libinit2.o(.ARM.Collect$$libinit$$00000023)
    __rt_lib_init_heap_1                     0x08000213   Thumb Code     0  libinit2.o(.ARM.Collect$$libinit$$0000000A)
    __rt_lib_init_lc_collate_1               0x08000213   Thumb Code     0  libinit2.o(.ARM.Collect$$libinit$$00000011)
    __rt_lib_init_lc_ctype_1                 0x08000213   Thumb Code     0  libinit2.o(.ARM.Collect$$libinit$$00000013)
    __rt_lib_init_lc_monetary_1              0x08000213   Thumb Code     0  libinit2.o(.ARM.Collect$$libinit$$00000015)
    __rt_lib_init_lc_numeric_1               0x08000213   Thumb Code     0  libinit2.o(.ARM.Collect$$libinit$$00000017)
    __rt_lib_init_lc_time_1                  0x08000213   Thumb Code     0  libinit2.o(.ARM.Collect$$libinit$$00000019)
    __rt_lib_init_preinit_1                  0x08000213   Thumb Code     0  libinit2.o(.ARM.Collect$$libinit$$00000004)
    __rt_lib_init_rand_1                     0x08000213   Thumb Code     0  libinit2.o(.ARM.Collect$$libinit$$0000000E)
    __rt_lib_init_return                     0x08000213   Thumb Code     0  libinit2.o(.ARM.Collect$$libinit$$00000033)
    __rt_lib_init_signal_1                   0x08000213   Thumb Code     0  libinit2.o(.ARM.Collect$$libinit$$0000001D)
    __rt_lib_init_stdio_1                    0x08000213   Thumb Code     0  libinit2.o(.ARM.Collect$$libinit$$00000025)
    __rt_lib_init_user_alloc_1               0x08000213   Thumb Code     0  libinit2.o(.ARM.Collect$$libinit$$0000000C)
    __rt_lib_shutdown                        0x08000215   Thumb Code     0  libshutdown.o(.ARM.Collect$$libshutdown$$00000000)
    __rt_lib_shutdown_cpp_1                  0x08000217   Thumb Code     0  libshutdown2.o(.ARM.Collect$$libshutdown$$00000002)
    __rt_lib_shutdown_fp_trap_1              0x08000217   Thumb Code     0  libshutdown2.o(.ARM.Collect$$libshutdown$$00000007)
    __rt_lib_shutdown_heap_1                 0x08000217   Thumb Code     0  libshutdown2.o(.ARM.Collect$$libshutdown$$0000000F)
    __rt_lib_shutdown_return                 0x08000217   Thumb Code     0  libshutdown2.o(.ARM.Collect$$libshutdown$$00000010)
    __rt_lib_shutdown_signal_1               0x08000217   Thumb Code     0  libshutdown2.o(.ARM.Collect$$libshutdown$$0000000A)
    __rt_lib_shutdown_stdio_1                0x08000217   Thumb Code     0  libshutdown2.o(.ARM.Collect$$libshutdown$$00000004)
    __rt_lib_shutdown_user_alloc_1           0x08000217   Thumb Code     0  libshutdown2.o(.ARM.Collect$$libshutdown$$0000000C)
    __rt_entry                               0x08000219   Thumb Code     0  __rtentry.o(.ARM.Collect$$rtentry$$00000000)
    __rt_entry_presh_1                       0x08000219   Thumb Code     0  __rtentry2.o(.ARM.Collect$$rtentry$$00000002)
    __rt_entry_sh                            0x08000219   Thumb Code     0  __rtentry4.o(.ARM.Collect$$rtentry$$00000004)
    __rt_entry_li                            0x0800021f   Thumb Code     0  __rtentry2.o(.ARM.Collect$$rtentry$$0000000A)
    __rt_entry_postsh_1                      0x0800021f   Thumb Code     0  __rtentry2.o(.ARM.Collect$$rtentry$$00000009)
    __rt_entry_main                          0x08000223   Thumb Code     0  __rtentry2.o(.ARM.Collect$$rtentry$$0000000D)
    __rt_entry_postli_1                      0x08000223   Thumb Code     0  __rtentry2.o(.ARM.Collect$$rtentry$$0000000C)
    __rt_exit                                0x0800022b   Thumb Code     0  rtexit.o(.ARM.Collect$$rtexit$$00000000)
    __rt_exit_ls                             0x0800022d   Thumb Code     0  rtexit2.o(.ARM.Collect$$rtexit$$00000003)
    __rt_exit_prels_1                        0x0800022d   Thumb Code     0  rtexit2.o(.ARM.Collect$$rtexit$$00000002)
    __rt_exit_exit                           0x08000231   Thumb Code     0  rtexit2.o(.ARM.Collect$$rtexit$$00000004)
    remoteFunction                           0x08000239   Thumb Code   128  main.o(.text)
    keyFunction                              0x080002b9   Thumb Code   140  main.o(.text)
    showScreen                               0x08000345   Thumb Code   160  main.o(.text)
    main                                     0x080003e5   Thumb Code   234  main.o(.text)
    NMI_Handler                              0x0800053d   Thumb Code     2  stm32f4xx_it.o(.text)
    HardFault_Handler                        0x0800053f   Thumb Code     4  stm32f4xx_it.o(.text)
    MemManage_Handler                        0x08000543   Thumb Code     4  stm32f4xx_it.o(.text)
    BusFault_Handler                         0x08000547   Thumb Code     4  stm32f4xx_it.o(.text)
    UsageFault_Handler                       0x0800054b   Thumb Code     4  stm32f4xx_it.o(.text)
    SVC_Handler                              0x0800054f   Thumb Code     2  stm32f4xx_it.o(.text)
    DebugMon_Handler                         0x08000551   Thumb Code     2  stm32f4xx_it.o(.text)
    PendSV_Handler                           0x08000553   Thumb Code     2  stm32f4xx_it.o(.text)
    SysTick_Handler                          0x08000555   Thumb Code     2  stm32f4xx_it.o(.text)
    SystemInit                               0x08000635   Thumb Code    88  system_stm32f4xx.o(.text)
    SystemCoreClockUpdate                    0x0800068d   Thumb Code   174  system_stm32f4xx.o(.text)
    LED_Init                                 0x08000769   Thumb Code    60  led.o(.text)
    LCD_WR_REG                               0x080007a9   Thumb Code    18  lcd.o(.text)
    LCD_WR_DATA                              0x080007bb   Thumb Code    20  lcd.o(.text)
    LCD_RD_DATA                              0x080007cf   Thumb Code    16  lcd.o(.text)
    LCD_WriteReg                             0x080007df   Thumb Code    14  lcd.o(.text)
    LCD_ReadReg                              0x080007ed   Thumb Code    22  lcd.o(.text)
    LCD_WriteRAM_Prepare                     0x08000803   Thumb Code    10  lcd.o(.text)
    LCD_WriteRAM                             0x0800080d   Thumb Code     8  lcd.o(.text)
    LCD_BGR2RGB                              0x08000815   Thumb Code    26  lcd.o(.text)
    opt_delay                                0x0800082f   Thumb Code    14  lcd.o(.text)
    LCD_SetCursor                            0x0800083d   Thumb Code   418  lcd.o(.text)
    LCD_ReadPoint                            0x080009df   Thumb Code   360  lcd.o(.text)
    LCD_DisplayOn                            0x08000b47   Thumb Code   102  lcd.o(.text)
    LCD_DisplayOff                           0x08000bad   Thumb Code    90  lcd.o(.text)
    LCD_Scan_Dir                             0x08000c07   Thumb Code   744  lcd.o(.text)
    LCD_DrawPoint                            0x08000eef   Thumb Code    28  lcd.o(.text)
    LCD_Fast_DrawPoint                       0x08000f0b   Thumb Code   388  lcd.o(.text)
    LCD_SSD_BackLightSet                     0x0800108f   Thumb Code    88  lcd.o(.text)
    LCD_Display_Dir                          0x080010e7   Thumb Code   444  lcd.o(.text)
    LCD_Set_Window                           0x080012a3   Thumb Code   546  lcd.o(.text)
    LCD_Clear                                0x080014c5   Thumb Code   100  lcd.o(.text)
    LCD_Init                                 0x08001529   Thumb Code 14696  lcd.o(.text)
    LCD_Fill                                 0x08004e91   Thumb Code   180  lcd.o(.text)
    LCD_Color_Fill                           0x08004f45   Thumb Code   100  lcd.o(.text)
    LCD_DrawLine                             0x08004fa9   Thumb Code   176  lcd.o(.text)
    LCD_DrawRectangle                        0x08005059   Thumb Code    60  lcd.o(.text)
    LCD_Draw_Circle                          0x08005095   Thumb Code   152  lcd.o(.text)
    LCD_ShowChar                             0x0800512d   Thumb Code   272  lcd.o(.text)
    LCD_Pow                                  0x0800523d   Thumb Code    22  lcd.o(.text)
    LCD_ShowNum                              0x08005253   Thumb Code   148  lcd.o(.text)
    LCD_ShowxNum                             0x080052e7   Thumb Code   220  lcd.o(.text)
    LCD_ShowString                           0x080053c3   Thumb Code   102  lcd.o(.text)
    Adc_Init                                 0x08005429   Thumb Code   154  adc.o(.text)
    Get_Adc                                  0x080054c3   Thumb Code    44  adc.o(.text)
    Get_Adc_Average                          0x080054ef   Thumb Code    46  adc.o(.text)
    Get_Temprate                             0x0800551d   Thumb Code   140  adc.o(.text)
    BEEP_Init                                0x080055d9   Thumb Code    60  beep.o(.text)
    KEY_Init                                 0x08005619   Thumb Code    60  key.o(.text)
    KEY_Scan                                 0x08005655   Thumb Code   188  key.o(.text)
    Remote_Init                              0x0800571d   Thumb Code   218  remote.o(.text)
    TIM1_UP_TIM10_IRQHandler                 0x080057f7   Thumb Code   112  remote.o(.text)
    TIM1_CC_IRQHandler                       0x08005867   Thumb Code   286  remote.o(.text)
    Remote_Scan                              0x08005985   Thumb Code    92  remote.o(.text)
    Adc3_Init                                0x080059fd   Thumb Code    92  adc3.o(.text)
    Get_Adc3                                 0x08005a59   Thumb Code    44  adc3.o(.text)
    Smog_Init                                0x08005a89   Thumb Code    34  smog.o(.text)
    Smog_Get_Vol                             0x08005aab   Thumb Code    48  smog.o(.text)
    Smog_Trans_Concentration                 0x08005adb   Thumb Code   146  smog.o(.text)
    delay_init                               0x08005bc1   Thumb Code    52  delay.o(.text)
    delay_us                                 0x08005bf5   Thumb Code    72  delay.o(.text)
    delay_xms                                0x08005c3d   Thumb Code    72  delay.o(.text)
    delay_ms                                 0x08005c85   Thumb Code    56  delay.o(.text)
    _sys_exit                                0x08005cc5   Thumb Code     6  usart.o(.text)
    fputc                                    0x08005ccb   Thumb Code    22  usart.o(.text)
    uart_init                                0x08005ce1   Thumb Code   164  usart.o(.text)
    USART1_IRQHandler                        0x08005d85   Thumb Code   122  usart.o(.text)
    Reset_Handler                            0x08005e11   Thumb Code     8  startup_stm32f40_41xxx.o(.text)
    ADC_IRQHandler                           0x08005e2b   Thumb Code     0  startup_stm32f40_41xxx.o(.text)
    CAN1_RX0_IRQHandler                      0x08005e2b   Thumb Code     0  startup_stm32f40_41xxx.o(.text)
    CAN1_RX1_IRQHandler                      0x08005e2b   Thumb Code     0  startup_stm32f40_41xxx.o(.text)
    CAN1_SCE_IRQHandler                      0x08005e2b   Thumb Code     0  startup_stm32f40_41xxx.o(.text)
    CAN1_TX_IRQHandler                       0x08005e2b   Thumb Code     0  startup_stm32f40_41xxx.o(.text)
    CAN2_RX0_IRQHandler                      0x08005e2b   Thumb Code     0  startup_stm32f40_41xxx.o(.text)
    CAN2_RX1_IRQHandler                      0x08005e2b   Thumb Code     0  startup_stm32f40_41xxx.o(.text)
    CAN2_SCE_IRQHandler                      0x08005e2b   Thumb Code     0  startup_stm32f40_41xxx.o(.text)
    CAN2_TX_IRQHandler                       0x08005e2b   Thumb Code     0  startup_stm32f40_41xxx.o(.text)
    CRYP_IRQHandler                          0x08005e2b   Thumb Code     0  startup_stm32f40_41xxx.o(.text)
    DCMI_IRQHandler                          0x08005e2b   Thumb Code     0  startup_stm32f40_41xxx.o(.text)
    DMA1_Stream0_IRQHandler                  0x08005e2b   Thumb Code     0  startup_stm32f40_41xxx.o(.text)
    DMA1_Stream1_IRQHandler                  0x08005e2b   Thumb Code     0  startup_stm32f40_41xxx.o(.text)
    DMA1_Stream2_IRQHandler                  0x08005e2b   Thumb Code     0  startup_stm32f40_41xxx.o(.text)
    DMA1_Stream3_IRQHandler                  0x08005e2b   Thumb Code     0  startup_stm32f40_41xxx.o(.text)
    DMA1_Stream4_IRQHandler                  0x08005e2b   Thumb Code     0  startup_stm32f40_41xxx.o(.text)
    DMA1_Stream5_IRQHandler                  0x08005e2b   Thumb Code     0  startup_stm32f40_41xxx.o(.text)
    DMA1_Stream6_IRQHandler                  0x08005e2b   Thumb Code     0  startup_stm32f40_41xxx.o(.text)
    DMA1_Stream7_IRQHandler                  0x08005e2b   Thumb Code     0  startup_stm32f40_41xxx.o(.text)
    DMA2_Stream0_IRQHandler                  0x08005e2b   Thumb Code     0  startup_stm32f40_41xxx.o(.text)
    DMA2_Stream1_IRQHandler                  0x08005e2b   Thumb Code     0  startup_stm32f40_41xxx.o(.text)
    DMA2_Stream2_IRQHandler                  0x08005e2b   Thumb Code     0  startup_stm32f40_41xxx.o(.text)
    DMA2_Stream3_IRQHandler                  0x08005e2b   Thumb Code     0  startup_stm32f40_41xxx.o(.text)
    DMA2_Stream4_IRQHandler                  0x08005e2b   Thumb Code     0  startup_stm32f40_41xxx.o(.text)
    DMA2_Stream5_IRQHandler                  0x08005e2b   Thumb Code     0  startup_stm32f40_41xxx.o(.text)
    DMA2_Stream6_IRQHandler                  0x08005e2b   Thumb Code     0  startup_stm32f40_41xxx.o(.text)
    DMA2_Stream7_IRQHandler                  0x08005e2b   Thumb Code     0  startup_stm32f40_41xxx.o(.text)
    ETH_IRQHandler                           0x08005e2b   Thumb Code     0  startup_stm32f40_41xxx.o(.text)
    ETH_WKUP_IRQHandler                      0x08005e2b   Thumb Code     0  startup_stm32f40_41xxx.o(.text)
    EXTI0_IRQHandler                         0x08005e2b   Thumb Code     0  startup_stm32f40_41xxx.o(.text)
    EXTI15_10_IRQHandler                     0x08005e2b   Thumb Code     0  startup_stm32f40_41xxx.o(.text)
    EXTI1_IRQHandler                         0x08005e2b   Thumb Code     0  startup_stm32f40_41xxx.o(.text)
    EXTI2_IRQHandler                         0x08005e2b   Thumb Code     0  startup_stm32f40_41xxx.o(.text)
    EXTI3_IRQHandler                         0x08005e2b   Thumb Code     0  startup_stm32f40_41xxx.o(.text)
    EXTI4_IRQHandler                         0x08005e2b   Thumb Code     0  startup_stm32f40_41xxx.o(.text)
    EXTI9_5_IRQHandler                       0x08005e2b   Thumb Code     0  startup_stm32f40_41xxx.o(.text)
    FLASH_IRQHandler                         0x08005e2b   Thumb Code     0  startup_stm32f40_41xxx.o(.text)
    FPU_IRQHandler                           0x08005e2b   Thumb Code     0  startup_stm32f40_41xxx.o(.text)
    FSMC_IRQHandler                          0x08005e2b   Thumb Code     0  startup_stm32f40_41xxx.o(.text)
    HASH_RNG_IRQHandler                      0x08005e2b   Thumb Code     0  startup_stm32f40_41xxx.o(.text)
    I2C1_ER_IRQHandler                       0x08005e2b   Thumb Code     0  startup_stm32f40_41xxx.o(.text)
    I2C1_EV_IRQHandler                       0x08005e2b   Thumb Code     0  startup_stm32f40_41xxx.o(.text)
    I2C2_ER_IRQHandler                       0x08005e2b   Thumb Code     0  startup_stm32f40_41xxx.o(.text)
    I2C2_EV_IRQHandler                       0x08005e2b   Thumb Code     0  startup_stm32f40_41xxx.o(.text)
    I2C3_ER_IRQHandler                       0x08005e2b   Thumb Code     0  startup_stm32f40_41xxx.o(.text)
    I2C3_EV_IRQHandler                       0x08005e2b   Thumb Code     0  startup_stm32f40_41xxx.o(.text)
    OTG_FS_IRQHandler                        0x08005e2b   Thumb Code     0  startup_stm32f40_41xxx.o(.text)
    OTG_FS_WKUP_IRQHandler                   0x08005e2b   Thumb Code     0  startup_stm32f40_41xxx.o(.text)
    OTG_HS_EP1_IN_IRQHandler                 0x08005e2b   Thumb Code     0  startup_stm32f40_41xxx.o(.text)
    OTG_HS_EP1_OUT_IRQHandler                0x08005e2b   Thumb Code     0  startup_stm32f40_41xxx.o(.text)
    OTG_HS_IRQHandler                        0x08005e2b   Thumb Code     0  startup_stm32f40_41xxx.o(.text)
    OTG_HS_WKUP_IRQHandler                   0x08005e2b   Thumb Code     0  startup_stm32f40_41xxx.o(.text)
    PVD_IRQHandler                           0x08005e2b   Thumb Code     0  startup_stm32f40_41xxx.o(.text)
    RCC_IRQHandler                           0x08005e2b   Thumb Code     0  startup_stm32f40_41xxx.o(.text)
    RTC_Alarm_IRQHandler                     0x08005e2b   Thumb Code     0  startup_stm32f40_41xxx.o(.text)
    RTC_WKUP_IRQHandler                      0x08005e2b   Thumb Code     0  startup_stm32f40_41xxx.o(.text)
    SDIO_IRQHandler                          0x08005e2b   Thumb Code     0  startup_stm32f40_41xxx.o(.text)
    SPI1_IRQHandler                          0x08005e2b   Thumb Code     0  startup_stm32f40_41xxx.o(.text)
    SPI2_IRQHandler                          0x08005e2b   Thumb Code     0  startup_stm32f40_41xxx.o(.text)
    SPI3_IRQHandler                          0x08005e2b   Thumb Code     0  startup_stm32f40_41xxx.o(.text)
    TAMP_STAMP_IRQHandler                    0x08005e2b   Thumb Code     0  startup_stm32f40_41xxx.o(.text)
    TIM1_BRK_TIM9_IRQHandler                 0x08005e2b   Thumb Code     0  startup_stm32f40_41xxx.o(.text)
    TIM1_TRG_COM_TIM11_IRQHandler            0x08005e2b   Thumb Code     0  startup_stm32f40_41xxx.o(.text)
    TIM2_IRQHandler                          0x08005e2b   Thumb Code     0  startup_stm32f40_41xxx.o(.text)
    TIM3_IRQHandler                          0x08005e2b   Thumb Code     0  startup_stm32f40_41xxx.o(.text)
    TIM4_IRQHandler                          0x08005e2b   Thumb Code     0  startup_stm32f40_41xxx.o(.text)
    TIM5_IRQHandler                          0x08005e2b   Thumb Code     0  startup_stm32f40_41xxx.o(.text)
    TIM6_DAC_IRQHandler                      0x08005e2b   Thumb Code     0  startup_stm32f40_41xxx.o(.text)
    TIM7_IRQHandler                          0x08005e2b   Thumb Code     0  startup_stm32f40_41xxx.o(.text)
    TIM8_BRK_TIM12_IRQHandler                0x08005e2b   Thumb Code     0  startup_stm32f40_41xxx.o(.text)
    TIM8_CC_IRQHandler                       0x08005e2b   Thumb Code     0  startup_stm32f40_41xxx.o(.text)
    TIM8_TRG_COM_TIM14_IRQHandler            0x08005e2b   Thumb Code     0  startup_stm32f40_41xxx.o(.text)
    TIM8_UP_TIM13_IRQHandler                 0x08005e2b   Thumb Code     0  startup_stm32f40_41xxx.o(.text)
    UART4_IRQHandler                         0x08005e2b   Thumb Code     0  startup_stm32f40_41xxx.o(.text)
    UART5_IRQHandler                         0x08005e2b   Thumb Code     0  startup_stm32f40_41xxx.o(.text)
    USART2_IRQHandler                        0x08005e2b   Thumb Code     0  startup_stm32f40_41xxx.o(.text)
    USART3_IRQHandler                        0x08005e2b   Thumb Code     0  startup_stm32f40_41xxx.o(.text)
    USART6_IRQHandler                        0x08005e2b   Thumb Code     0  startup_stm32f40_41xxx.o(.text)
    WWDG_IRQHandler                          0x08005e2b   Thumb Code     0  startup_stm32f40_41xxx.o(.text)
    __user_initial_stackheap                 0x08005e2d   Thumb Code     0  startup_stm32f40_41xxx.o(.text)
    NVIC_PriorityGroupConfig                 0x08005e51   Thumb Code    10  misc.o(.text)
    NVIC_Init                                0x08005e5b   Thumb Code   106  misc.o(.text)
    NVIC_SetVectorTable                      0x08005ec5   Thumb Code    14  misc.o(.text)
    NVIC_SystemLPConfig                      0x08005ed3   Thumb Code    34  misc.o(.text)
    SysTick_CLKSourceConfig                  0x08005ef5   Thumb Code    40  misc.o(.text)
    ADC_DeInit                               0x08005f31   Thumb Code    22  stm32f4xx_adc.o(.text)
    ADC_Init                                 0x08005f47   Thumb Code    74  stm32f4xx_adc.o(.text)
    ADC_StructInit                           0x08005f91   Thumb Code    20  stm32f4xx_adc.o(.text)
    ADC_CommonInit                           0x08005fa5   Thumb Code    34  stm32f4xx_adc.o(.text)
    ADC_CommonStructInit                     0x08005fc7   Thumb Code    12  stm32f4xx_adc.o(.text)
    ADC_Cmd                                  0x08005fd3   Thumb Code    22  stm32f4xx_adc.o(.text)
    ADC_AnalogWatchdogCmd                    0x08005fe9   Thumb Code    16  stm32f4xx_adc.o(.text)
    ADC_AnalogWatchdogThresholdsConfig       0x08005ff9   Thumb Code     6  stm32f4xx_adc.o(.text)
    ADC_AnalogWatchdogSingleChannelConfig    0x08005fff   Thumb Code    16  stm32f4xx_adc.o(.text)
    ADC_TempSensorVrefintCmd                 0x0800600f   Thumb Code    34  stm32f4xx_adc.o(.text)
    ADC_VBATCmd                              0x08006031   Thumb Code    34  stm32f4xx_adc.o(.text)
    ADC_RegularChannelConfig                 0x08006053   Thumb Code   184  stm32f4xx_adc.o(.text)
    ADC_SoftwareStartConv                    0x0800610b   Thumb Code    10  stm32f4xx_adc.o(.text)
    ADC_GetSoftwareStartConvStatus           0x08006115   Thumb Code    20  stm32f4xx_adc.o(.text)
    ADC_EOCOnEachRegularChannelCmd           0x08006129   Thumb Code    22  stm32f4xx_adc.o(.text)
    ADC_ContinuousModeCmd                    0x0800613f   Thumb Code    22  stm32f4xx_adc.o(.text)
    ADC_DiscModeChannelCountConfig           0x08006155   Thumb Code    24  stm32f4xx_adc.o(.text)
    ADC_DiscModeCmd                          0x0800616d   Thumb Code    22  stm32f4xx_adc.o(.text)
    ADC_GetConversionValue                   0x08006183   Thumb Code     8  stm32f4xx_adc.o(.text)
    ADC_GetMultiModeConversionValue          0x0800618b   Thumb Code     8  stm32f4xx_adc.o(.text)
    ADC_DMACmd                               0x08006193   Thumb Code    22  stm32f4xx_adc.o(.text)
    ADC_DMARequestAfterLastTransferCmd       0x080061a9   Thumb Code    22  stm32f4xx_adc.o(.text)
    ADC_MultiModeDMARequestAfterLastTransferCmd 0x080061bf   Thumb Code    34  stm32f4xx_adc.o(.text)
    ADC_InjectedChannelConfig                0x080061e1   Thumb Code   130  stm32f4xx_adc.o(.text)
    ADC_InjectedSequencerLengthConfig        0x08006263   Thumb Code    24  stm32f4xx_adc.o(.text)
    ADC_SetInjectedOffset                    0x0800627b   Thumb Code    20  stm32f4xx_adc.o(.text)
    ADC_ExternalTrigInjectedConvConfig       0x0800628f   Thumb Code    16  stm32f4xx_adc.o(.text)
    ADC_ExternalTrigInjectedConvEdgeConfig   0x0800629f   Thumb Code    16  stm32f4xx_adc.o(.text)
    ADC_SoftwareStartInjectedConv            0x080062af   Thumb Code    10  stm32f4xx_adc.o(.text)
    ADC_GetSoftwareStartInjectedConvCmdStatus 0x080062b9   Thumb Code    20  stm32f4xx_adc.o(.text)
    ADC_AutoInjectedConvCmd                  0x080062cd   Thumb Code    22  stm32f4xx_adc.o(.text)
    ADC_InjectedDiscModeCmd                  0x080062e3   Thumb Code    22  stm32f4xx_adc.o(.text)
    ADC_GetInjectedConversionValue           0x080062f9   Thumb Code    28  stm32f4xx_adc.o(.text)
    ADC_ITConfig                             0x08006315   Thumb Code    56  stm32f4xx_adc.o(.text)
    ADC_GetFlagStatus                        0x0800634d   Thumb Code    18  stm32f4xx_adc.o(.text)
    ADC_ClearFlag                            0x0800635f   Thumb Code     6  stm32f4xx_adc.o(.text)
    ADC_GetITStatus                          0x08006365   Thumb Code    38  stm32f4xx_adc.o(.text)
    ADC_ClearITPendingBit                    0x0800638b   Thumb Code    10  stm32f4xx_adc.o(.text)
    GPIO_DeInit                              0x08006395   Thumb Code   268  stm32f4xx_gpio.o(.text)
    GPIO_Init                                0x080064a1   Thumb Code   144  stm32f4xx_gpio.o(.text)
    GPIO_StructInit                          0x08006531   Thumb Code    18  stm32f4xx_gpio.o(.text)
    GPIO_PinLockConfig                       0x08006543   Thumb Code    34  stm32f4xx_gpio.o(.text)
    GPIO_ReadInputDataBit                    0x08006565   Thumb Code    18  stm32f4xx_gpio.o(.text)
    GPIO_ReadInputData                       0x08006577   Thumb Code     8  stm32f4xx_gpio.o(.text)
    GPIO_ReadOutputDataBit                   0x0800657f   Thumb Code    18  stm32f4xx_gpio.o(.text)
    GPIO_ReadOutputData                      0x08006591   Thumb Code     8  stm32f4xx_gpio.o(.text)
    GPIO_SetBits                             0x08006599   Thumb Code     4  stm32f4xx_gpio.o(.text)
    GPIO_ResetBits                           0x0800659d   Thumb Code     4  stm32f4xx_gpio.o(.text)
    GPIO_WriteBit                            0x080065a1   Thumb Code    10  stm32f4xx_gpio.o(.text)
    GPIO_Write                               0x080065ab   Thumb Code     4  stm32f4xx_gpio.o(.text)
    GPIO_ToggleBits                          0x080065af   Thumb Code     8  stm32f4xx_gpio.o(.text)
    GPIO_PinAFConfig                         0x080065b7   Thumb Code    70  stm32f4xx_gpio.o(.text)
    FSMC_NORSRAMDeInit                       0x08006629   Thumb Code    54  stm32f4xx_fsmc.o(.text)
    FSMC_NORSRAMInit                         0x0800665f   Thumb Code   230  stm32f4xx_fsmc.o(.text)
    FSMC_NORSRAMStructInit                   0x08006745   Thumb Code    48  stm32f4xx_fsmc.o(.text)
    FSMC_NORSRAMCmd                          0x08006775   Thumb Code    46  stm32f4xx_fsmc.o(.text)
    FSMC_NANDDeInit                          0x080067a3   Thumb Code    62  stm32f4xx_fsmc.o(.text)
    FSMC_NANDInit                            0x080067e1   Thumb Code   132  stm32f4xx_fsmc.o(.text)
    FSMC_NANDStructInit                      0x08006865   Thumb Code    54  stm32f4xx_fsmc.o(.text)
    FSMC_NANDCmd                             0x0800689b   Thumb Code    86  stm32f4xx_fsmc.o(.text)
    FSMC_NANDECCCmd                          0x080068f1   Thumb Code    86  stm32f4xx_fsmc.o(.text)
    FSMC_GetECC                              0x08006947   Thumb Code    24  stm32f4xx_fsmc.o(.text)
    FSMC_PCCARDDeInit                        0x0800695f   Thumb Code    36  stm32f4xx_fsmc.o(.text)
    FSMC_PCCARDInit                          0x08006983   Thumb Code   130  stm32f4xx_fsmc.o(.text)
    FSMC_PCCARDStructInit                    0x08006a05   Thumb Code    60  stm32f4xx_fsmc.o(.text)
    FSMC_PCCARDCmd                           0x08006a41   Thumb Code    44  stm32f4xx_fsmc.o(.text)
    FSMC_ITConfig                            0x08006a6d   Thumb Code   128  stm32f4xx_fsmc.o(.text)
    FSMC_GetFlagStatus                       0x08006aed   Thumb Code    54  stm32f4xx_fsmc.o(.text)
    FSMC_ClearFlag                           0x08006b23   Thumb Code    74  stm32f4xx_fsmc.o(.text)
    FSMC_GetITStatus                         0x08006b6d   Thumb Code    62  stm32f4xx_fsmc.o(.text)
    FSMC_ClearITPendingBit                   0x08006bab   Thumb Code    66  stm32f4xx_fsmc.o(.text)
    RCC_DeInit                               0x08006bf1   Thumb Code    82  stm32f4xx_rcc.o(.text)
    RCC_HSEConfig                            0x08006c43   Thumb Code    14  stm32f4xx_rcc.o(.text)
    RCC_GetFlagStatus                        0x08006c51   Thumb Code    60  stm32f4xx_rcc.o(.text)
    RCC_WaitForHSEStartUp                    0x08006c8d   Thumb Code    56  stm32f4xx_rcc.o(.text)
    RCC_AdjustHSICalibrationValue            0x08006cc5   Thumb Code    20  stm32f4xx_rcc.o(.text)
    RCC_HSICmd                               0x08006cd9   Thumb Code     6  stm32f4xx_rcc.o(.text)
    RCC_LSEConfig                            0x08006cdf   Thumb Code    46  stm32f4xx_rcc.o(.text)
    RCC_LSICmd                               0x08006d0d   Thumb Code     6  stm32f4xx_rcc.o(.text)
    RCC_PLLConfig                            0x08006d13   Thumb Code    32  stm32f4xx_rcc.o(.text)
    RCC_PLLCmd                               0x08006d33   Thumb Code     6  stm32f4xx_rcc.o(.text)
    RCC_PLLI2SConfig                         0x08006d39   Thumb Code    14  stm32f4xx_rcc.o(.text)
    RCC_PLLI2SCmd                            0x08006d47   Thumb Code     6  stm32f4xx_rcc.o(.text)
    RCC_PLLSAIConfig                         0x08006d4d   Thumb Code    20  stm32f4xx_rcc.o(.text)
    RCC_PLLSAICmd                            0x08006d61   Thumb Code     6  stm32f4xx_rcc.o(.text)
    RCC_ClockSecuritySystemCmd               0x08006d67   Thumb Code     6  stm32f4xx_rcc.o(.text)
    RCC_MCO1Config                           0x08006d6d   Thumb Code    28  stm32f4xx_rcc.o(.text)
    RCC_MCO2Config                           0x08006d89   Thumb Code    28  stm32f4xx_rcc.o(.text)
    RCC_SYSCLKConfig                         0x08006da5   Thumb Code    20  stm32f4xx_rcc.o(.text)
    RCC_GetSYSCLKSource                      0x08006db9   Thumb Code    12  stm32f4xx_rcc.o(.text)
    RCC_HCLKConfig                           0x08006dc5   Thumb Code    20  stm32f4xx_rcc.o(.text)
    RCC_PCLK1Config                          0x08006dd9   Thumb Code    20  stm32f4xx_rcc.o(.text)
    RCC_PCLK2Config                          0x08006ded   Thumb Code    22  stm32f4xx_rcc.o(.text)
    RCC_GetClocksFreq                        0x08006e03   Thumb Code   222  stm32f4xx_rcc.o(.text)
    RCC_RTCCLKConfig                         0x08006ee1   Thumb Code    54  stm32f4xx_rcc.o(.text)
    RCC_RTCCLKCmd                            0x08006f17   Thumb Code     8  stm32f4xx_rcc.o(.text)
    RCC_BackupResetCmd                       0x08006f1f   Thumb Code     8  stm32f4xx_rcc.o(.text)
    RCC_I2SCLKConfig                         0x08006f27   Thumb Code     6  stm32f4xx_rcc.o(.text)
    RCC_SAIPLLI2SClkDivConfig                0x08006f2d   Thumb Code    26  stm32f4xx_rcc.o(.text)
    RCC_SAIPLLSAIClkDivConfig                0x08006f47   Thumb Code    28  stm32f4xx_rcc.o(.text)
    RCC_SAIBlockACLKConfig                   0x08006f63   Thumb Code    20  stm32f4xx_rcc.o(.text)
    RCC_SAIBlockBCLKConfig                   0x08006f77   Thumb Code    20  stm32f4xx_rcc.o(.text)
    RCC_LTDCCLKDivConfig                     0x08006f8b   Thumb Code    20  stm32f4xx_rcc.o(.text)
    RCC_TIMCLKPresConfig                     0x08006f9f   Thumb Code     6  stm32f4xx_rcc.o(.text)
    RCC_AHB1PeriphClockCmd                   0x08006fa5   Thumb Code    34  stm32f4xx_rcc.o(.text)
    RCC_AHB2PeriphClockCmd                   0x08006fc7   Thumb Code    78  stm32f4xx_rcc.o(.text)
    RCC_AHB3PeriphClockCmd                   0x08007015   Thumb Code    34  stm32f4xx_rcc.o(.text)
    RCC_APB1PeriphClockCmd                   0x08007037   Thumb Code    34  stm32f4xx_rcc.o(.text)
    RCC_APB2PeriphClockCmd                   0x08007059   Thumb Code    34  stm32f4xx_rcc.o(.text)
    RCC_AHB1PeriphResetCmd                   0x0800707b   Thumb Code    34  stm32f4xx_rcc.o(.text)
    RCC_AHB2PeriphResetCmd                   0x0800709d   Thumb Code    34  stm32f4xx_rcc.o(.text)
    RCC_AHB3PeriphResetCmd                   0x080070bf   Thumb Code    34  stm32f4xx_rcc.o(.text)
    RCC_APB1PeriphResetCmd                   0x080070e1   Thumb Code    34  stm32f4xx_rcc.o(.text)
    RCC_APB2PeriphResetCmd                   0x08007103   Thumb Code    34  stm32f4xx_rcc.o(.text)
    RCC_AHB1PeriphClockLPModeCmd             0x08007125   Thumb Code    34  stm32f4xx_rcc.o(.text)
    RCC_AHB2PeriphClockLPModeCmd             0x08007147   Thumb Code    34  stm32f4xx_rcc.o(.text)
    RCC_AHB3PeriphClockLPModeCmd             0x08007169   Thumb Code    34  stm32f4xx_rcc.o(.text)
    RCC_APB1PeriphClockLPModeCmd             0x0800718b   Thumb Code    34  stm32f4xx_rcc.o(.text)
    RCC_APB2PeriphClockLPModeCmd             0x080071ad   Thumb Code    34  stm32f4xx_rcc.o(.text)
    RCC_LSEModeConfig                        0x080071cf   Thumb Code    40  stm32f4xx_rcc.o(.text)
    RCC_ITConfig                             0x080071f7   Thumb Code    34  stm32f4xx_rcc.o(.text)
    RCC_ClearFlag                            0x08007219   Thumb Code    18  stm32f4xx_rcc.o(.text)
    RCC_GetITStatus                          0x0800722b   Thumb Code    22  stm32f4xx_rcc.o(.text)
    RCC_ClearITPendingBit                    0x08007241   Thumb Code     8  stm32f4xx_rcc.o(.text)
    USART_DeInit                             0x0800724d   Thumb Code   206  stm32f4xx_usart.o(.text)
    USART_Init                               0x0800731b   Thumb Code   204  stm32f4xx_usart.o(.text)
    USART_StructInit                         0x080073e7   Thumb Code    24  stm32f4xx_usart.o(.text)
    USART_ClockInit                          0x080073ff   Thumb Code    32  stm32f4xx_usart.o(.text)
    USART_ClockStructInit                    0x0800741f   Thumb Code    12  stm32f4xx_usart.o(.text)
    USART_Cmd                                0x0800742b   Thumb Code    24  stm32f4xx_usart.o(.text)
    USART_SetPrescaler                       0x08007443   Thumb Code    16  stm32f4xx_usart.o(.text)
    USART_OverSampling8Cmd                   0x08007453   Thumb Code    22  stm32f4xx_usart.o(.text)
    USART_OneBitMethodCmd                    0x08007469   Thumb Code    24  stm32f4xx_usart.o(.text)
    USART_SendData                           0x08007481   Thumb Code     8  stm32f4xx_usart.o(.text)
    USART_ReceiveData                        0x08007489   Thumb Code    10  stm32f4xx_usart.o(.text)
    USART_SetAddress                         0x08007493   Thumb Code    18  stm32f4xx_usart.o(.text)
    USART_ReceiverWakeUpCmd                  0x080074a5   Thumb Code    24  stm32f4xx_usart.o(.text)
    USART_WakeUpConfig                       0x080074bd   Thumb Code    18  stm32f4xx_usart.o(.text)
    USART_LINBreakDetectLengthConfig         0x080074cf   Thumb Code    18  stm32f4xx_usart.o(.text)
    USART_LINCmd                             0x080074e1   Thumb Code    24  stm32f4xx_usart.o(.text)
    USART_SendBreak                          0x080074f9   Thumb Code    10  stm32f4xx_usart.o(.text)
    USART_HalfDuplexCmd                      0x08007503   Thumb Code    24  stm32f4xx_usart.o(.text)
    USART_SetGuardTime                       0x0800751b   Thumb Code    16  stm32f4xx_usart.o(.text)
    USART_SmartCardCmd                       0x0800752b   Thumb Code    24  stm32f4xx_usart.o(.text)
    USART_SmartCardNACKCmd                   0x08007543   Thumb Code    24  stm32f4xx_usart.o(.text)
    USART_IrDAConfig                         0x0800755b   Thumb Code    18  stm32f4xx_usart.o(.text)
    USART_IrDACmd                            0x0800756d   Thumb Code    24  stm32f4xx_usart.o(.text)
    USART_DMACmd                             0x08007585   Thumb Code    18  stm32f4xx_usart.o(.text)
    USART_ITConfig                           0x08007597   Thumb Code    74  stm32f4xx_usart.o(.text)
    USART_GetFlagStatus                      0x080075e1   Thumb Code    26  stm32f4xx_usart.o(.text)
    USART_ClearFlag                          0x080075fb   Thumb Code    18  stm32f4xx_usart.o(.text)
    USART_GetITStatus                        0x0800760d   Thumb Code   118  stm32f4xx_usart.o(.text)
    USART_ClearITPendingBit                  0x08007683   Thumb Code    30  stm32f4xx_usart.o(.text)
    TIM_DeInit                               0x080076a1   Thumb Code   346  stm32f4xx_tim.o(.text)
    TIM_TimeBaseInit                         0x080077fb   Thumb Code   104  stm32f4xx_tim.o(.text)
    TIM_TimeBaseStructInit                   0x08007863   Thumb Code    18  stm32f4xx_tim.o(.text)
    TIM_PrescalerConfig                      0x08007875   Thumb Code     6  stm32f4xx_tim.o(.text)
    TIM_CounterModeConfig                    0x0800787b   Thumb Code    18  stm32f4xx_tim.o(.text)
    TIM_SetCounter                           0x0800788d   Thumb Code     4  stm32f4xx_tim.o(.text)
    TIM_SetAutoreload                        0x08007891   Thumb Code     4  stm32f4xx_tim.o(.text)
    TIM_GetCounter                           0x08007895   Thumb Code     6  stm32f4xx_tim.o(.text)
    TIM_GetPrescaler                         0x0800789b   Thumb Code     6  stm32f4xx_tim.o(.text)
    TIM_UpdateDisableConfig                  0x080078a1   Thumb Code    24  stm32f4xx_tim.o(.text)
    TIM_UpdateRequestConfig                  0x080078b9   Thumb Code    24  stm32f4xx_tim.o(.text)
    TIM_ARRPreloadConfig                     0x080078d1   Thumb Code    24  stm32f4xx_tim.o(.text)
    TIM_SelectOnePulseMode                   0x080078e9   Thumb Code    18  stm32f4xx_tim.o(.text)
    TIM_SetClockDivision                     0x080078fb   Thumb Code    18  stm32f4xx_tim.o(.text)
    TIM_Cmd                                  0x0800790d   Thumb Code    24  stm32f4xx_tim.o(.text)
    TIM_OC1Init                              0x08007925   Thumb Code   114  stm32f4xx_tim.o(.text)
    TIM_OC2Init                              0x08007997   Thumb Code   154  stm32f4xx_tim.o(.text)
    TIM_OC3Init                              0x08007a31   Thumb Code   204  stm32f4xx_tim.o(.text)
    TIM_OC4Init                              0x08007afd   Thumb Code   112  stm32f4xx_tim.o(.text)
    TIM_OCStructInit                         0x08007b6d   Thumb Code    20  stm32f4xx_tim.o(.text)
    TIM_SelectOCxM                           0x08007b81   Thumb Code    86  stm32f4xx_tim.o(.text)
    TIM_SetCompare1                          0x08007bd7   Thumb Code     4  stm32f4xx_tim.o(.text)
    TIM_SetCompare2                          0x08007bdb   Thumb Code     4  stm32f4xx_tim.o(.text)
    TIM_SetCompare3                          0x08007bdf   Thumb Code     4  stm32f4xx_tim.o(.text)
    TIM_SetCompare4                          0x08007be3   Thumb Code     4  stm32f4xx_tim.o(.text)
    TIM_ForcedOC1Config                      0x08007be7   Thumb Code    18  stm32f4xx_tim.o(.text)
    TIM_ForcedOC2Config                      0x08007bf9   Thumb Code    26  stm32f4xx_tim.o(.text)
    TIM_ForcedOC3Config                      0x08007c13   Thumb Code    18  stm32f4xx_tim.o(.text)
    TIM_ForcedOC4Config                      0x08007c25   Thumb Code    26  stm32f4xx_tim.o(.text)
    TIM_OC1PreloadConfig                     0x08007c3f   Thumb Code    18  stm32f4xx_tim.o(.text)
    TIM_OC2PreloadConfig                     0x08007c51   Thumb Code    26  stm32f4xx_tim.o(.text)
    TIM_OC3PreloadConfig                     0x08007c6b   Thumb Code    18  stm32f4xx_tim.o(.text)
    TIM_OC4PreloadConfig                     0x08007c7d   Thumb Code    26  stm32f4xx_tim.o(.text)
    TIM_OC1FastConfig                        0x08007c97   Thumb Code    18  stm32f4xx_tim.o(.text)
    TIM_OC2FastConfig                        0x08007ca9   Thumb Code    26  stm32f4xx_tim.o(.text)
    TIM_OC3FastConfig                        0x08007cc3   Thumb Code    18  stm32f4xx_tim.o(.text)
    TIM_OC4FastConfig                        0x08007cd5   Thumb Code    26  stm32f4xx_tim.o(.text)
    TIM_ClearOC1Ref                          0x08007cef   Thumb Code    18  stm32f4xx_tim.o(.text)
    TIM_ClearOC2Ref                          0x08007d01   Thumb Code    24  stm32f4xx_tim.o(.text)
    TIM_ClearOC3Ref                          0x08007d19   Thumb Code    18  stm32f4xx_tim.o(.text)
    TIM_ClearOC4Ref                          0x08007d2b   Thumb Code    24  stm32f4xx_tim.o(.text)
    TIM_OC1PolarityConfig                    0x08007d43   Thumb Code    18  stm32f4xx_tim.o(.text)
    TIM_OC1NPolarityConfig                   0x08007d55   Thumb Code    18  stm32f4xx_tim.o(.text)
    TIM_OC2PolarityConfig                    0x08007d67   Thumb Code    26  stm32f4xx_tim.o(.text)
    TIM_OC2NPolarityConfig                   0x08007d81   Thumb Code    26  stm32f4xx_tim.o(.text)
    TIM_OC3PolarityConfig                    0x08007d9b   Thumb Code    26  stm32f4xx_tim.o(.text)
    TIM_OC3NPolarityConfig                   0x08007db5   Thumb Code    26  stm32f4xx_tim.o(.text)
    TIM_OC4PolarityConfig                    0x08007dcf   Thumb Code    26  stm32f4xx_tim.o(.text)
    TIM_CCxCmd                               0x08007de9   Thumb Code    30  stm32f4xx_tim.o(.text)
    TIM_CCxNCmd                              0x08007e07   Thumb Code    30  stm32f4xx_tim.o(.text)
    TIM_SetIC4Prescaler                      0x08007e25   Thumb Code    26  stm32f4xx_tim.o(.text)
    TIM_SetIC3Prescaler                      0x08007e8f   Thumb Code    18  stm32f4xx_tim.o(.text)
    TIM_SetIC2Prescaler                      0x08007ee9   Thumb Code    26  stm32f4xx_tim.o(.text)
    TIM_SetIC1Prescaler                      0x08007f5d   Thumb Code    18  stm32f4xx_tim.o(.text)
    TIM_ICInit                               0x08007fa9   Thumb Code   110  stm32f4xx_tim.o(.text)
    TIM_ICStructInit                         0x08008017   Thumb Code    18  stm32f4xx_tim.o(.text)
    TIM_PWMIConfig                           0x08008029   Thumb Code   124  stm32f4xx_tim.o(.text)
    TIM_GetCapture1                          0x080080a5   Thumb Code     6  stm32f4xx_tim.o(.text)
    TIM_GetCapture2                          0x080080ab   Thumb Code     6  stm32f4xx_tim.o(.text)
    TIM_GetCapture3                          0x080080b1   Thumb Code     6  stm32f4xx_tim.o(.text)
    TIM_GetCapture4                          0x080080b7   Thumb Code     6  stm32f4xx_tim.o(.text)
    TIM_BDTRConfig                           0x080080bd   Thumb Code    32  stm32f4xx_tim.o(.text)
    TIM_BDTRStructInit                       0x080080dd   Thumb Code    18  stm32f4xx_tim.o(.text)
    TIM_CtrlPWMOutputs                       0x080080ef   Thumb Code    30  stm32f4xx_tim.o(.text)
    TIM_SelectCOM                            0x0800810d   Thumb Code    24  stm32f4xx_tim.o(.text)
    TIM_CCPreloadControl                     0x08008125   Thumb Code    24  stm32f4xx_tim.o(.text)
    TIM_ITConfig                             0x0800813d   Thumb Code    18  stm32f4xx_tim.o(.text)
    TIM_GenerateEvent                        0x0800814f   Thumb Code     4  stm32f4xx_tim.o(.text)
    TIM_GetFlagStatus                        0x08008153   Thumb Code    18  stm32f4xx_tim.o(.text)
    TIM_ClearFlag                            0x08008165   Thumb Code     6  stm32f4xx_tim.o(.text)
    TIM_GetITStatus                          0x0800816b   Thumb Code    34  stm32f4xx_tim.o(.text)
    TIM_ClearITPendingBit                    0x0800818d   Thumb Code     6  stm32f4xx_tim.o(.text)
    TIM_DMAConfig                            0x08008193   Thumb Code    10  stm32f4xx_tim.o(.text)
    TIM_DMACmd                               0x0800819d   Thumb Code    18  stm32f4xx_tim.o(.text)
    TIM_SelectCCDMA                          0x080081af   Thumb Code    24  stm32f4xx_tim.o(.text)
    TIM_InternalClockConfig                  0x080081c7   Thumb Code    12  stm32f4xx_tim.o(.text)
    TIM_SelectInputTrigger                   0x080081d3   Thumb Code    18  stm32f4xx_tim.o(.text)
    TIM_ITRxExternalClockConfig              0x080081e5   Thumb Code    24  stm32f4xx_tim.o(.text)
    TIM_TIxExternalClockConfig               0x080081fd   Thumb Code    62  stm32f4xx_tim.o(.text)
    TIM_ETRConfig                            0x0800823b   Thumb Code    28  stm32f4xx_tim.o(.text)
    TIM_ETRClockMode1Config                  0x08008257   Thumb Code    54  stm32f4xx_tim.o(.text)
    TIM_ETRClockMode2Config                  0x0800828d   Thumb Code    32  stm32f4xx_tim.o(.text)
    TIM_SelectOutputTrigger                  0x080082ad   Thumb Code    18  stm32f4xx_tim.o(.text)
    TIM_SelectSlaveMode                      0x080082bf   Thumb Code    18  stm32f4xx_tim.o(.text)
    TIM_SelectMasterSlaveMode                0x080082d1   Thumb Code    18  stm32f4xx_tim.o(.text)
    TIM_EncoderInterfaceConfig               0x080082e3   Thumb Code    66  stm32f4xx_tim.o(.text)
    TIM_SelectHallSensor                     0x08008325   Thumb Code    24  stm32f4xx_tim.o(.text)
    TIM_RemapConfig                          0x0800833d   Thumb Code     6  stm32f4xx_tim.o(.text)
    __use_no_semihosting                     0x08008343   Thumb Code     2  use_no_semi_2.o(.text)
    __2printf                                0x08008345   Thumb Code    20  noretval__2printf.o(.text)
    __printf                                 0x0800835d   Thumb Code   104  __printf.o(.text)
    _printf_int_dec                          0x080083c5   Thumb Code   104  _printf_dec.o(.text)
    _printf_int_hex                          0x0800843d   Thumb Code    84  _printf_hex_int.o(.text)
    _printf_longlong_hex                     0x0800843d   Thumb Code     0  _printf_hex_int.o(.text)
    __use_two_region_memory                  0x08008495   Thumb Code     2  heapauxi.o(.text)
    __rt_heap_escrow$2region                 0x08008497   Thumb Code     2  heapauxi.o(.text)
    __rt_heap_expand$2region                 0x08008499   Thumb Code     2  heapauxi.o(.text)
    __I$use$semihosting                      0x0800849b   Thumb Code     0  use_no_semi.o(.text)
    __use_no_semihosting_swi                 0x0800849b   Thumb Code     2  use_no_semi.o(.text)
    _printf_int_common                       0x0800849d   Thumb Code   178  _printf_intcommon.o(.text)
    _printf_char_file                        0x08008551   Thumb Code    32  _printf_char_file.o(.text)
    _printf_char_common                      0x0800857f   Thumb Code    32  _printf_char_common.o(.text)
    ferror                                   0x080085a5   Thumb Code     8  ferror.o(.text)
    __user_setup_stackheap                   0x080085ad   Thumb Code    74  sys_stackheap_outer.o(.text)
    exit                                     0x080085f7   Thumb Code    18  exit.o(.text)
    __user_libspace                          0x08008609   Thumb Code     8  libspace.o(.text)
    __user_perproc_libspace                  0x08008609   Thumb Code     0  libspace.o(.text)
    __user_perthread_libspace                0x08008609   Thumb Code     0  libspace.o(.text)
    __aeabi_dadd                             0x08008611   Thumb Code     0  daddsub_clz.o(x$fpl$dadd)
    _dadd                                    0x08008611   Thumb Code   332  daddsub_clz.o(x$fpl$dadd)
    __aeabi_ddiv                             0x08008761   Thumb Code     0  ddiv.o(x$fpl$ddiv)
    _ddiv                                    0x08008761   Thumb Code   552  ddiv.o(x$fpl$ddiv)
    __aeabi_d2iz                             0x08008a11   Thumb Code     0  dfix.o(x$fpl$dfix)
    _dfix                                    0x08008a11   Thumb Code    94  dfix.o(x$fpl$dfix)
    __aeabi_d2uiz                            0x08008a71   Thumb Code     0  dfixu.o(x$fpl$dfixu)
    _dfixu                                   0x08008a71   Thumb Code    90  dfixu.o(x$fpl$dfixu)
    __aeabi_ui2d                             0x08008acb   Thumb Code     0  dflt_clz.o(x$fpl$dfltu)
    _dfltu                                   0x08008acb   Thumb Code    38  dflt_clz.o(x$fpl$dfltu)
    __aeabi_dmul                             0x08008af1   Thumb Code     0  dmul.o(x$fpl$dmul)
    _dmul                                    0x08008af1   Thumb Code   332  dmul.o(x$fpl$dmul)
    __fpl_dnaninf                            0x08008c45   Thumb Code   156  dnaninf.o(x$fpl$dnaninf)
    __fpl_dretinf                            0x08008ce1   Thumb Code    12  dretinf.o(x$fpl$dretinf)
    __aeabi_dsub                             0x08008ced   Thumb Code     0  daddsub_clz.o(x$fpl$dsub)
    _dsub                                    0x08008ced   Thumb Code   464  daddsub_clz.o(x$fpl$dsub)
    __aeabi_f2d                              0x08008ec1   Thumb Code     0  f2d.o(x$fpl$f2d)
    _f2d                                     0x08008ec1   Thumb Code    86  f2d.o(x$fpl$f2d)
    __fpl_fnaninf                            0x08008f17   Thumb Code   140  fnaninf.o(x$fpl$fnaninf)
    _fp_init                                 0x08008fa3   Thumb Code    10  fpinit.o(x$fpl$fpinit)
    __fplib_config_fpu_vfp                   0x08008fab   Thumb Code     0  fpinit.o(x$fpl$fpinit)
    __fplib_config_pureend_doubles           0x08008fab   Thumb Code     0  fpinit.o(x$fpl$fpinit)
    __I$use$fp                               0x08008fac   Number         0  usenofp.o(x$fpl$usenofp)
    asc2_1206                                0x08008fac   Data        1140  lcd.o(.constdata)
    asc2_1608                                0x08009420   Data        1520  lcd.o(.constdata)
    asc2_2412                                0x08009a10   Data        3420  lcd.o(.constdata)
    FSMC_DefaultTimingStruct                 0x0800a76c   Data          28  stm32f4xx_fsmc.o(.constdata)
    Region$$Table$$Base                      0x0800a7b0   Number         0  anon$$obj.o(Region$$Table)
    Region$$Table$$Limit                     0x0800a7d0   Number         0  anon$$obj.o(Region$$Table)
    screen                                   0x20000000   Data           1  main.o(.data)
    SystemCoreClock                          0x20000004   Data           4  system_stm32f4xx.o(.data)
    AHBPrescTable                            0x20000008   Data          16  system_stm32f4xx.o(.data)
    POINT_COLOR                              0x20000018   Data           2  lcd.o(.data)
    BACK_COLOR                               0x2000001a   Data           2  lcd.o(.data)
    RmtSta                                   0x20000020   Data           1  remote.o(.data)
    Dval                                     0x20000022   Data           2  remote.o(.data)
    RmtRec                                   0x20000024   Data           4  remote.o(.data)
    RmtCnt                                   0x20000028   Data           1  remote.o(.data)
    __stdout                                 0x20000030   Data           4  usart.o(.data)
    USART_RX_STA                             0x20000034   Data           2  usart.o(.data)
    lcddev                                   0x20000048   Data          14  lcd.o(.bss)
    USART_RX_BUF                             0x20000056   Data         200  usart.o(.bss)
    __libspace_start                         0x20000120   Data          96  libspace.o(.bss)
    __temporary_stack_top$libspace           0x20000180   Data           0  libspace.o(.bss)



==============================================================================

Memory Map of the image

  Image Entry point : 0x08000189

  Load Region LR_IROM1 (Base: 0x08000000, Size: 0x0000a818, Max: 0x00100000, ABSOLUTE)

    Execution Region ER_IROM1 (Base: 0x08000000, Size: 0x0000a7d0, Max: 0x00100000, ABSOLUTE)

    Base Addr    Size         Type   Attr      Idx    E Section Name        Object

    0x08000000   0x00000188   Data   RO          507    RESET               startup_stm32f40_41xxx.o
    0x08000188   0x00000008   Code   RO          735  * !!!main             c_w.l(__main.o)
    0x08000190   0x00000034   Code   RO          938    !!!scatter          c_w.l(__scatter.o)
    0x080001c4   0x0000001a   Code   RO          940    !!handler_copy      c_w.l(__scatter_copy.o)
    0x080001de   0x00000002   PAD
    0x080001e0   0x0000001c   Code   RO          942    !!handler_zi        c_w.l(__scatter_zi.o)
    0x080001fc   0x00000000   Code   RO          732    .ARM.Collect$$_printf_percent$$00000000  c_w.l(_printf_percent.o)
    0x080001fc   0x00000006   Code   RO          731    .ARM.Collect$$_printf_percent$$00000009  c_w.l(_printf_d.o)
    0x08000202   0x00000006   Code   RO          730    .ARM.Collect$$_printf_percent$$0000000C  c_w.l(_printf_x.o)
    0x08000208   0x00000004   Code   RO          772    .ARM.Collect$$_printf_percent$$00000017  c_w.l(_printf_percent_end.o)
    0x0800020c   0x00000002   Code   RO          812    .ARM.Collect$$libinit$$00000000  c_w.l(libinit.o)
    0x0800020e   0x00000004   Code   RO          818    .ARM.Collect$$libinit$$00000001  c_w.l(libinit2.o)
    0x08000212   0x00000000   Code   RO          821    .ARM.Collect$$libinit$$00000004  c_w.l(libinit2.o)
    0x08000212   0x00000000   Code   RO          824    .ARM.Collect$$libinit$$0000000A  c_w.l(libinit2.o)
    0x08000212   0x00000000   Code   RO          826    .ARM.Collect$$libinit$$0000000C  c_w.l(libinit2.o)
    0x08000212   0x00000000   Code   RO          828    .ARM.Collect$$libinit$$0000000E  c_w.l(libinit2.o)
    0x08000212   0x00000000   Code   RO          831    .ARM.Collect$$libinit$$00000011  c_w.l(libinit2.o)
    0x08000212   0x00000000   Code   RO          833    .ARM.Collect$$libinit$$00000013  c_w.l(libinit2.o)
    0x08000212   0x00000000   Code   RO          835    .ARM.Collect$$libinit$$00000015  c_w.l(libinit2.o)
    0x08000212   0x00000000   Code   RO          837    .ARM.Collect$$libinit$$00000017  c_w.l(libinit2.o)
    0x08000212   0x00000000   Code   RO          839    .ARM.Collect$$libinit$$00000019  c_w.l(libinit2.o)
    0x08000212   0x00000000   Code   RO          841    .ARM.Collect$$libinit$$0000001B  c_w.l(libinit2.o)
    0x08000212   0x00000000   Code   RO          843    .ARM.Collect$$libinit$$0000001D  c_w.l(libinit2.o)
    0x08000212   0x00000000   Code   RO          845    .ARM.Collect$$libinit$$0000001F  c_w.l(libinit2.o)
    0x08000212   0x00000000   Code   RO          847    .ARM.Collect$$libinit$$00000021  c_w.l(libinit2.o)
    0x08000212   0x00000000   Code   RO          849    .ARM.Collect$$libinit$$00000023  c_w.l(libinit2.o)
    0x08000212   0x00000000   Code   RO          851    .ARM.Collect$$libinit$$00000025  c_w.l(libinit2.o)
    0x08000212   0x00000000   Code   RO          855    .ARM.Collect$$libinit$$0000002C  c_w.l(libinit2.o)
    0x08000212   0x00000000   Code   RO          857    .ARM.Collect$$libinit$$0000002E  c_w.l(libinit2.o)
    0x08000212   0x00000000   Code   RO          859    .ARM.Collect$$libinit$$00000030  c_w.l(libinit2.o)
    0x08000212   0x00000000   Code   RO          861    .ARM.Collect$$libinit$$00000032  c_w.l(libinit2.o)
    0x08000212   0x00000002   Code   RO          862    .ARM.Collect$$libinit$$00000033  c_w.l(libinit2.o)
    0x08000214   0x00000002   Code   RO          880    .ARM.Collect$$libshutdown$$00000000  c_w.l(libshutdown.o)
    0x08000216   0x00000000   Code   RO          890    .ARM.Collect$$libshutdown$$00000002  c_w.l(libshutdown2.o)
    0x08000216   0x00000000   Code   RO          892    .ARM.Collect$$libshutdown$$00000004  c_w.l(libshutdown2.o)
    0x08000216   0x00000000   Code   RO          895    .ARM.Collect$$libshutdown$$00000007  c_w.l(libshutdown2.o)
    0x08000216   0x00000000   Code   RO          898    .ARM.Collect$$libshutdown$$0000000A  c_w.l(libshutdown2.o)
    0x08000216   0x00000000   Code   RO          900    .ARM.Collect$$libshutdown$$0000000C  c_w.l(libshutdown2.o)
    0x08000216   0x00000000   Code   RO          903    .ARM.Collect$$libshutdown$$0000000F  c_w.l(libshutdown2.o)
    0x08000216   0x00000002   Code   RO          904    .ARM.Collect$$libshutdown$$00000010  c_w.l(libshutdown2.o)
    0x08000218   0x00000000   Code   RO          767    .ARM.Collect$$rtentry$$00000000  c_w.l(__rtentry.o)
    0x08000218   0x00000000   Code   RO          781    .ARM.Collect$$rtentry$$00000002  c_w.l(__rtentry2.o)
    0x08000218   0x00000006   Code   RO          793    .ARM.Collect$$rtentry$$00000004  c_w.l(__rtentry4.o)
    0x0800021e   0x00000000   Code   RO          783    .ARM.Collect$$rtentry$$00000009  c_w.l(__rtentry2.o)
    0x0800021e   0x00000004   Code   RO          784    .ARM.Collect$$rtentry$$0000000A  c_w.l(__rtentry2.o)
    0x08000222   0x00000000   Code   RO          786    .ARM.Collect$$rtentry$$0000000C  c_w.l(__rtentry2.o)
    0x08000222   0x00000008   Code   RO          787    .ARM.Collect$$rtentry$$0000000D  c_w.l(__rtentry2.o)
    0x0800022a   0x00000002   Code   RO          816    .ARM.Collect$$rtexit$$00000000  c_w.l(rtexit.o)
    0x0800022c   0x00000000   Code   RO          864    .ARM.Collect$$rtexit$$00000002  c_w.l(rtexit2.o)
    0x0800022c   0x00000004   Code   RO          865    .ARM.Collect$$rtexit$$00000003  c_w.l(rtexit2.o)
    0x08000230   0x00000006   Code   RO          866    .ARM.Collect$$rtexit$$00000004  c_w.l(rtexit2.o)
    0x08000236   0x00000002   PAD
    0x08000238   0x00000304   Code   RO            3    .text               main.o
    0x0800053c   0x0000001a   Code   RO          176    .text               stm32f4xx_it.o
    0x08000556   0x00000002   PAD
    0x08000558   0x00000210   Code   RO          225    .text               system_stm32f4xx.o
    0x08000768   0x00000040   Code   RO          251    .text               led.o
    0x080007a8   0x00004c80   Code   RO          271    .text               lcd.o
    0x08005428   0x000001b0   Code   RO          309    .text               adc.o
    0x080055d8   0x00000040   Code   RO          329    .text               beep.o
    0x08005618   0x00000104   Code   RO          349    .text               key.o
    0x0800571c   0x000002e0   Code   RO          370    .text               remote.o
    0x080059fc   0x0000008c   Code   RO          396    .text               adc3.o
    0x08005a88   0x00000138   Code   RO          416    .text               smog.o
    0x08005bc0   0x00000104   Code   RO          436    .text               delay.o
    0x08005cc4   0x0000014c   Code   RO          476    .text               usart.o
    0x08005e10   0x00000040   Code   RO          508    .text               startup_stm32f40_41xxx.o
    0x08005e50   0x000000e0   Code   RO          514    .text               misc.o
    0x08005f30   0x00000464   Code   RO          534    .text               stm32f4xx_adc.o
    0x08006394   0x00000294   Code   RO          554    .text               stm32f4xx_gpio.o
    0x08006628   0x000005c8   Code   RO          574    .text               stm32f4xx_fsmc.o
    0x08006bf0   0x0000065c   Code   RO          597    .text               stm32f4xx_rcc.o
    0x0800724c   0x00000454   Code   RO          619    .text               stm32f4xx_usart.o
    0x080076a0   0x00000ca2   Code   RO          659    .text               stm32f4xx_tim.o
    0x08008342   0x00000002   Code   RO          679    .text               c_w.l(use_no_semi_2.o)
    0x08008344   0x00000018   Code   RO          683    .text               c_w.l(noretval__2printf.o)
    0x0800835c   0x00000068   Code   RO          685    .text               c_w.l(__printf.o)
    0x080083c4   0x00000078   Code   RO          687    .text               c_w.l(_printf_dec.o)
    0x0800843c   0x00000058   Code   RO          692    .text               c_w.l(_printf_hex_int.o)
    0x08008494   0x00000006   Code   RO          733    .text               c_w.l(heapauxi.o)
    0x0800849a   0x00000002   Code   RO          765    .text               c_w.l(use_no_semi.o)
    0x0800849c   0x000000b2   Code   RO          768    .text               c_w.l(_printf_intcommon.o)
    0x0800854e   0x00000002   PAD
    0x08008550   0x00000024   Code   RO          770    .text               c_w.l(_printf_char_file.o)
    0x08008574   0x00000030   Code   RO          795    .text               c_w.l(_printf_char_common.o)
    0x080085a4   0x00000008   Code   RO          797    .text               c_w.l(ferror.o)
    0x080085ac   0x0000004a   Code   RO          801    .text               c_w.l(sys_stackheap_outer.o)
    0x080085f6   0x00000012   Code   RO          805    .text               c_w.l(exit.o)
    0x08008608   0x00000008   Code   RO          813    .text               c_w.l(libspace.o)
    0x08008610   0x00000150   Code   RO          737    x$fpl$dadd          fz_wm.l(daddsub_clz.o)
    0x08008760   0x000002b0   Code   RO          744    x$fpl$ddiv          fz_wm.l(ddiv.o)
    0x08008a10   0x0000005e   Code   RO          747    x$fpl$dfix          fz_wm.l(dfix.o)
    0x08008a6e   0x00000002   PAD
    0x08008a70   0x0000005a   Code   RO          751    x$fpl$dfixu         fz_wm.l(dfixu.o)
    0x08008aca   0x00000026   Code   RO          755    x$fpl$dfltu         fz_wm.l(dflt_clz.o)
    0x08008af0   0x00000154   Code   RO          761    x$fpl$dmul          fz_wm.l(dmul.o)
    0x08008c44   0x0000009c   Code   RO          773    x$fpl$dnaninf       fz_wm.l(dnaninf.o)
    0x08008ce0   0x0000000c   Code   RO          775    x$fpl$dretinf       fz_wm.l(dretinf.o)
    0x08008cec   0x000001d4   Code   RO          739    x$fpl$dsub          fz_wm.l(daddsub_clz.o)
    0x08008ec0   0x00000056   Code   RO          763    x$fpl$f2d           fz_wm.l(f2d.o)
    0x08008f16   0x0000008c   Code   RO          777    x$fpl$fnaninf       fz_wm.l(fnaninf.o)
    0x08008fa2   0x0000000a   Code   RO          872    x$fpl$fpinit        fz_wm.l(fpinit.o)
    0x08008fac   0x00000000   Code   RO          779    x$fpl$usenofp       fz_wm.l(usenofp.o)
    0x08008fac   0x000017c0   Data   RO          273    .constdata          lcd.o
    0x0800a76c   0x0000001c   Data   RO          575    .constdata          stm32f4xx_fsmc.o
    0x0800a788   0x00000028   Data   RO          693    .constdata          c_w.l(_printf_hex_int.o)
    0x0800a7b0   0x00000020   Data   RO          936    Region$$Table       anon$$obj.o


    Execution Region RW_IRAM1 (Base: 0x20000000, Size: 0x00000780, Max: 0x00020000, ABSOLUTE)

    Base Addr    Size         Type   Attr      Idx    E Section Name        Object

    0x20000000   0x00000001   Data   RW            4    .data               main.o
    0x20000001   0x00000003   PAD
    0x20000004   0x00000014   Data   RW          226    .data               system_stm32f4xx.o
    0x20000018   0x00000004   Data   RW          274    .data               lcd.o
    0x2000001c   0x00000001   Data   RW          350    .data               key.o
    0x2000001d   0x00000003   PAD
    0x20000020   0x00000009   Data   RW          371    .data               remote.o
    0x20000029   0x00000001   PAD
    0x2000002a   0x00000004   Data   RW          437    .data               delay.o
    0x2000002e   0x00000002   PAD
    0x20000030   0x00000006   Data   RW          478    .data               usart.o
    0x20000036   0x00000010   Data   RW          598    .data               stm32f4xx_rcc.o
    0x20000046   0x00000002   PAD
    0x20000048   0x0000000e   Zero   RW          272    .bss                lcd.o
    0x20000056   0x000000c8   Zero   RW          477    .bss                usart.o
    0x2000011e   0x00000002   PAD
    0x20000120   0x00000060   Zero   RW          814    .bss                c_w.l(libspace.o)
    0x20000180   0x00000200   Zero   RW          506    HEAP                startup_stm32f40_41xxx.o
    0x20000380   0x00000400   Zero   RW          505    STACK               startup_stm32f40_41xxx.o


==============================================================================

Image component sizes


      Code (inc. data)   RO Data    RW Data    ZI Data      Debug   Object Name

       432         48          0          0          0       1516   adc.o
       140          4          0          0          0        869   adc3.o
        64          4          0          0          0        584   beep.o
       260          8          0          4          0       1589   delay.o
       260         12          0          1          0        932   key.o
     19584        174       6080          4         14      23146   lcd.o
        64          4          0          0          0        579   led.o
       772        110          0          1          0     305274   main.o
       224         20          0          0          0       1925   misc.o
       736         28          0          9          0       1978   remote.o
       312         84          0          0          0       1082   smog.o
        64         26        392          0       1536        868   startup_stm32f40_41xxx.o
      1124         24          0          0          0      10798   stm32f4xx_adc.o
      1480         18         28          0          0       5810   stm32f4xx_fsmc.o
       660         44          0          0          0       4265   stm32f4xx_gpio.o
        26          0          0          0          0       1278   stm32f4xx_it.o
      1628         52          0         16          0      13196   stm32f4xx_rcc.o
      3234         60          0          0          0      23124   stm32f4xx_tim.o
      1108         34          0          0          0       7992   stm32f4xx_usart.o
       528         46          0         20          0       1939   system_stm32f4xx.o
       332         18          0          6        200       3502   usart.o

    ----------------------------------------------------------------------
     33034        818       6532         72       1752     412246   Object Totals
         0          0         32          0          0          0   (incl. Generated)
         2          0          0         11          2          0   (incl. Padding)

    ----------------------------------------------------------------------

      Code (inc. data)   RO Data    RW Data    ZI Data      Debug   Library Member Name

         8          0          0          0          0         68   __main.o
       104          0          0          0          0         84   __printf.o
         0          0          0          0          0          0   __rtentry.o
        12          0          0          0          0          0   __rtentry2.o
         6          0          0          0          0          0   __rtentry4.o
        52          8          0          0          0          0   __scatter.o
        26          0          0          0          0          0   __scatter_copy.o
        28          0          0          0          0          0   __scatter_zi.o
        48          6          0          0          0         96   _printf_char_common.o
        36          4          0          0          0         80   _printf_char_file.o
         6          0          0          0          0          0   _printf_d.o
       120         16          0          0          0         92   _printf_dec.o
        88          4         40          0          0         88   _printf_hex_int.o
       178          0          0          0          0         88   _printf_intcommon.o
         0          0          0          0          0          0   _printf_percent.o
         4          0          0          0          0          0   _printf_percent_end.o
         6          0          0          0          0          0   _printf_x.o
        18          0          0          0          0         80   exit.o
         8          0          0          0          0         68   ferror.o
         6          0          0          0          0        152   heapauxi.o
         2          0          0          0          0          0   libinit.o
         6          0          0          0          0          0   libinit2.o
         2          0          0          0          0          0   libshutdown.o
         2          0          0          0          0          0   libshutdown2.o
         8          4          0          0         96         68   libspace.o
        24          4          0          0          0         84   noretval__2printf.o
         2          0          0          0          0          0   rtexit.o
        10          0          0          0          0          0   rtexit2.o
        74          0          0          0          0         80   sys_stackheap_outer.o
         2          0          0          0          0         68   use_no_semi.o
         2          0          0          0          0         68   use_no_semi_2.o
       804         16          0          0          0        368   daddsub_clz.o
       688        140          0          0          0        256   ddiv.o
        94          4          0          0          0        140   dfix.o
        90          4          0          0          0        140   dfixu.o
        38          0          0          0          0        116   dflt_clz.o
       340         12          0          0          0        152   dmul.o
       156          4          0          0          0        140   dnaninf.o
        12          0          0          0          0        116   dretinf.o
        86          4          0          0          0        132   f2d.o
       140          4          0          0          0        132   fnaninf.o
        10          0          0          0          0        116   fpinit.o
         0          0          0          0          0          0   usenofp.o

    ----------------------------------------------------------------------
      3354        234         40          0         96       3072   Library Totals
         8          0          0          0          0          0   (incl. Padding)

    ----------------------------------------------------------------------

      Code (inc. data)   RO Data    RW Data    ZI Data      Debug   Library Name

       888         46         40          0         96       1264   c_w.l
      2458        188          0          0          0       1808   fz_wm.l

    ----------------------------------------------------------------------
      3354        234         40          0         96       3072   Library Totals

    ----------------------------------------------------------------------

==============================================================================


      Code (inc. data)   RO Data    RW Data    ZI Data      Debug   

     36388       1052       6572         72       1848     409546   Grand Totals
     36388       1052       6572         72       1848     409546   ELF Image Totals
     36388       1052       6572         72          0          0   ROM Totals

==============================================================================

    Total RO  Size (Code + RO Data)                42960 (  41.95kB)
    Total RW  Size (RW Data + ZI Data)              1920 (   1.88kB)
    Total ROM Size (Code + RO Data + RW Data)      43032 (  42.02kB)

==============================================================================

