Component: ARM Compiler 5.06 update 1 (build 61) Tool: armlink [4d35a8]

==============================================================================

Section Cross References

    main.o(.text) refers to lcd.o(.text) for LCD_ShowString
    main.o(.text) refers to misc.o(.text) for NVIC_PriorityGroupConfig
    main.o(.text) refers to delay.o(.text) for delay_init
    main.o(.text) refers to usart.o(.text) for uart_init
    main.o(.text) refers to beep.o(.text) for BEEP_Init
    main.o(.text) refers to led.o(.text) for LED_Init
    main.o(.text) refers to adc.o(.text) for Adc_Init
    main.o(.text) refers to remote.o(.text) for Remote_Init
    main.o(.text) refers to smog.o(.text) for Smog_Init
    main.o(.text) refers to timer.o(.text) for TIM3_Int_Init
    main.o(.text) refers to lcd.o(.data) for POINT_COLOR
    system_stm32f4xx.o(.text) refers to system_stm32f4xx.o(.data) for SystemCoreClock
    led.o(.text) refers to stm32f4xx_rcc.o(.text) for RCC_AHB1PeriphClockCmd
    led.o(.text) refers to stm32f4xx_gpio.o(.text) for GPIO_Init
    lcd.o(.text) refers to _printf_percent.o(.ARM.Collect$$_printf_percent$$00000000) for _printf_percent
    lcd.o(.text) refers to _printf_x.o(.ARM.Collect$$_printf_percent$$0000000C) for _printf_x
    lcd.o(.text) refers to _printf_hex_int.o(.text) for _printf_longlong_hex
    lcd.o(.text) refers to delay.o(.text) for delay_us
    lcd.o(.text) refers to lcd.o(.bss) for lcddev
    lcd.o(.text) refers to lcd.o(.data) for POINT_COLOR
    lcd.o(.text) refers to dflt_clz.o(x$fpl$dfltu) for __aeabi_ui2d
    lcd.o(.text) refers to dmul.o(x$fpl$dmul) for __aeabi_dmul
    lcd.o(.text) refers to dfixu.o(x$fpl$dfixu) for __aeabi_d2uiz
    lcd.o(.text) refers to stm32f4xx_rcc.o(.text) for RCC_AHB1PeriphClockCmd
    lcd.o(.text) refers to stm32f4xx_gpio.o(.text) for GPIO_Init
    lcd.o(.text) refers to stm32f4xx_fsmc.o(.text) for FSMC_NORSRAMInit
    lcd.o(.text) refers to noretval__2printf.o(.text) for __2printf
    lcd.o(.text) refers to lcd.o(.constdata) for asc2_1206
    adc.o(.text) refers to stm32f4xx_rcc.o(.text) for RCC_AHB1PeriphClockCmd
    adc.o(.text) refers to stm32f4xx_gpio.o(.text) for GPIO_Init
    adc.o(.text) refers to stm32f4xx_adc.o(.text) for ADC_TempSensorVrefintCmd
    adc.o(.text) refers to delay.o(.text) for delay_ms
    adc.o(.text) refers to f2d.o(x$fpl$f2d) for __aeabi_f2d
    adc.o(.text) refers to dmul.o(x$fpl$dmul) for __aeabi_dmul
    adc.o(.text) refers to daddsub_clz.o(x$fpl$dsub) for __aeabi_dsub
    adc.o(.text) refers to ddiv.o(x$fpl$ddiv) for __aeabi_ddiv
    adc.o(.text) refers to daddsub_clz.o(x$fpl$dadd) for __aeabi_dadd
    adc.o(.text) refers to dfix.o(x$fpl$dfix) for __aeabi_d2iz
    beep.o(.text) refers to stm32f4xx_rcc.o(.text) for RCC_AHB1PeriphClockCmd
    beep.o(.text) refers to stm32f4xx_gpio.o(.text) for GPIO_Init
    key.o(.text) refers to stm32f4xx_rcc.o(.text) for RCC_AHB1PeriphClockCmd
    key.o(.text) refers to stm32f4xx_gpio.o(.text) for GPIO_Init
    key.o(.text) refers to delay.o(.text) for delay_ms
    key.o(.text) refers to key.o(.data) for key_up
    remote.o(.text) refers to stm32f4xx_rcc.o(.text) for RCC_AHB1PeriphClockCmd
    remote.o(.text) refers to stm32f4xx_gpio.o(.text) for GPIO_Init
    remote.o(.text) refers to stm32f4xx_tim.o(.text) for TIM_TimeBaseInit
    remote.o(.text) refers to misc.o(.text) for NVIC_Init
    remote.o(.text) refers to remote.o(.data) for RmtSta
    adc3.o(.text) refers to stm32f4xx_rcc.o(.text) for RCC_APB2PeriphClockCmd
    adc3.o(.text) refers to stm32f4xx_adc.o(.text) for ADC_CommonInit
    smog.o(.text) refers to _printf_percent.o(.ARM.Collect$$_printf_percent$$00000000) for _printf_percent
    smog.o(.text) refers to _printf_d.o(.ARM.Collect$$_printf_percent$$00000009) for _printf_d
    smog.o(.text) refers to _printf_dec.o(.text) for _printf_int_dec
    smog.o(.text) refers to stm32f4xx_rcc.o(.text) for RCC_AHB1PeriphClockCmd
    smog.o(.text) refers to stm32f4xx_gpio.o(.text) for GPIO_Init
    smog.o(.text) refers to adc3.o(.text) for Adc3_Init
    smog.o(.text) refers to delay.o(.text) for delay_ms
    smog.o(.text) refers to noretval__2printf.o(.text) for __2printf
    smog.o(.text) refers to dflt_clz.o(x$fpl$dfltu) for __aeabi_ui2d
    smog.o(.text) refers to ddiv.o(x$fpl$ddiv) for __aeabi_ddiv
    smog.o(.text) refers to daddsub_clz.o(x$fpl$dsub) for __aeabi_dsub
    smog.o(.text) refers to dmul.o(x$fpl$dmul) for __aeabi_dmul
    smog.o(.text) refers to dfixu.o(x$fpl$dfixu) for __aeabi_d2uiz
    smog.o(.text) refers to daddsub_clz.o(x$fpl$dadd) for __aeabi_dadd
    timer.o(.text) refers to stm32f4xx_rcc.o(.text) for RCC_APB1PeriphClockCmd
    timer.o(.text) refers to stm32f4xx_tim.o(.text) for TIM_TimeBaseInit
    timer.o(.text) refers to misc.o(.text) for NVIC_Init
    timer.o(.text) refers to remote.o(.text) for Remote_Scan
    timer.o(.text) refers to stm32f4xx_gpio.o(.text) for GPIO_SetBits
    timer.o(.text) refers to key.o(.text) for KEY_Scan
[...]
    ..\FWLIB\src\stm32f4xx_fsmc.c            0x00000000   Number         0  stm32f4xx_fsmc.o ABSOLUTE
    ..\FWLIB\src\stm32f4xx_gpio.c            0x00000000   Number         0  stm32f4xx_gpio.o ABSOLUTE
    ..\FWLIB\src\stm32f4xx_rcc.c             0x00000000   Number         0  stm32f4xx_rcc.o ABSOLUTE
    ..\FWLIB\src\stm32f4xx_syscfg.c          0x00000000   Number         0  stm32f4xx_syscfg.o ABSOLUTE
    ..\FWLIB\src\stm32f4xx_tim.c             0x00000000   Number         0  stm32f4xx_tim.o ABSOLUTE
    ..\FWLIB\src\stm32f4xx_usart.c           0x00000000   Number         0  stm32f4xx_usart.o ABSOLUTE
    ..\HARDWARE\ADC3\adc3.c                  0x00000000   Number         0  adc3.o ABSOLUTE
    ..\HARDWARE\ADC\adc.c                    0x00000000   Number         0  adc.o ABSOLUTE
    ..\HARDWARE\BEEP\beep.c                  0x00000000   Number         0  beep.o ABSOLUTE
    ..\HARDWARE\KEY\key.c                    0x00000000   Number         0  key.o ABSOLUTE
    ..\HARDWARE\LCD\lcd.c                    0x00000000   Number         0  lcd.o ABSOLUTE
    ..\HARDWARE\LED\led.c                    0x00000000   Number         0  led.o ABSOLUTE
    ..\HARDWARE\REMOTE\remote.c              0x00000000   Number         0  remote.o ABSOLUTE
    ..\HARDWARE\SMOG\smog.c                  0x00000000   Number         0  smog.o ABSOLUTE
    ..\HARDWARE\TIMER\timer.c                0x00000000   Number         0  timer.o ABSOLUTE
    ..\SYSTEM\delay\delay.c                  0x00000000   Number         0  delay.o ABSOLUTE
    ..\SYSTEM\sys\sys.c                      0x00000000   Number         0  sys.o ABSOLUTE
    ..\SYSTEM\usart\usart.c                  0x00000000   Number         0  usart.o ABSOLUTE
    ..\\FWLIB\\src\\misc.c                   0x00000000   Number         0  misc.o ABSOLUTE
    ..\\FWLIB\\src\\stm32f4xx_adc.c          0x00000000   Number         0  stm32f4xx_adc.o ABSOLUTE
    ..\\FWLIB\\src\\stm32f4xx_fsmc.c         0x00000000   Number         0  stm32f4xx_fsmc.o ABSOLUTE
    ..\\FWLIB\\src\\stm32f4xx_gpio.c         0x00000000   Number         0  stm32f4xx_gpio.o ABSOLUTE
    ..\\FWLIB\\src\\stm32f4xx_rcc.c          0x00000000   Number         0  stm32f4xx_rcc.o ABSOLUTE
    ..\\FWLIB\\src\\stm32f4xx_syscfg.c       0x00000000   Number         0  stm32f4xx_syscfg.o ABSOLUTE
    ..\\FWLIB\\src\\stm32f4xx_tim.c          0x00000000   Number         0  stm32f4xx_tim.o ABSOLUTE
    ..\\FWLIB\\src\\stm32f4xx_usart.c        0x00000000   Number         0  stm32f4xx_usart.o ABSOLUTE
    ..\\HARDWARE\\ADC3\\adc3.c               0x00000000   Number         0  adc3.o ABSOLUTE
    ..\\HARDWARE\\ADC\\adc.c                 0x00000000   Number         0  adc.o ABSOLUTE
    ..\\HARDWARE\\BEEP\\beep.c               0x00000000   Number         0  beep.o ABSOLUTE
    ..\\HARDWARE\\KEY\\key.c                 0x00000000   Number         0  key.o ABSOLUTE
    ..\\HARDWARE\\LCD\\lcd.c                 0x00000000   Number         0  lcd.o ABSOLUTE
    ..\\HARDWARE\\LED\\led.c                 0x00000000   Number         0  led.o ABSOLUTE
    ..\\HARDWARE\\REMOTE\\remote.c           0x00000000   Number         0  remote.o ABSOLUTE
    ..\\HARDWARE\\SMOG\\smog.c               0x00000000   Number         0  smog.o ABSOLUTE
    ..\\HARDWARE\\TIMER\\timer.c             0x00000000   Number         0  timer.o ABSOLUTE
    ..\\SYSTEM\\delay\\delay.c               0x00000000   Number         0  delay.o ABSOLUTE
    ..\\SYSTEM\\sys\\sys.c                   0x00000000   Number         0  sys.o ABSOLUTE
    ..\\SYSTEM\\usart\\usart.c               0x00000000   Number         0  usart.o ABSOLUTE
    dc.s                                     0x00000000   Number         0  dc.o ABSOLUTE
    main.c                                   0x00000000   Number         0  main.o ABSOLUTE
    main.c                                   0x00000000   Number         0  main.o ABSOLUTE
    stm32f4xx_it.c                           0x00000000   Number         0  stm32f4xx_it.o ABSOLUTE
    stm32f4xx_it.c                           0x00000000   Number         0  stm32f4xx_it.o ABSOLUTE
    system_stm32f4xx.c                       0x00000000   Number         0  system_stm32f4xx.o ABSOLUTE
    system_stm32f4xx.c                       0x00000000   Number         0  system_stm32f4xx.o ABSOLUTE
    RESET                                    0x08000000   Section      392  startup_stm32f40_41xxx.o(RESET)
    !!!main                                  0x08000188   Section        8  __main.o(!!!main)
    !!!scatter                               0x08000190   Section       52  __scatter.o(!!!scatter)
    !!handler_copy                           0x080001c4   Section       26  __scatter_copy.o(!!handler_copy)
    !!handler_zi                             0x080001e0   Section       28  __scatter_zi.o(!!handler_zi)
    .ARM.Collect$$_printf_percent$$00000000  0x080001fc   Section        0  _printf_percent.o(.ARM.Collect$$_printf_percent$$00000000)
    .ARM.Collect$$_printf_percent$$00000009  0x080001fc   Section        6  _printf_d.o(.ARM.Collect$$_printf_percent$$00000009)
    .ARM.Collect$$_printf_percent$$0000000C  0x08000202   Section        6  _printf_x.o(.ARM.Collect$$_printf_percent$$0000000C)
    .ARM.Collect$$_printf_percent$$00000017  0x08000208   Section        4  _printf_percent_end.o(.ARM.Collect$$_printf_percent$$00000017)
    .ARM.Collect$$libinit$$00000000          0x0800020c   Section        2  libinit.o(.ARM.Collect$$libinit$$00000000)
    .ARM.Collect$$libinit$$00000001          0x0800020e   Section        4  libinit2.o(.ARM.Collect$$libinit$$00000001)
    .ARM.Collect$$libinit$$00000004          0x08000212   Section        0  libinit2.o(.ARM.Collect$$libinit$$00000004)
    .ARM.Collect$$libinit$$0000000A          0x08000212   Section        0  libinit2.o(.ARM.Collect$$libinit$$0000000A)
    .ARM.Collect$$libinit$$0000000C          0x08000212   Section        0  libinit2.o(.ARM.Collect$$libinit$$0000000C)
    .ARM.Collect$$libinit$$0000000E          0x08000212   Section        0  libinit2.o(.ARM.Collect$$libinit$$0000000E)
    .ARM.Collect$$libinit$$00000011          0x08000212   Section        0  libinit2.o(.ARM.Collect$$libinit$$00000011)
    .ARM.Collect$$libinit$$00000013          0x08000212   Section        0  libinit2.o(.ARM.Collect$$libinit$$00000013)
    .ARM.Collect$$libinit$$00000015          0x08000212   Section        0  libinit2.o(.ARM.Collect$$libinit$$00000015)
    .ARM.Collect$$libinit$$00000017          0x08000212   Section        0  libinit2.o(.ARM.Collect$$libinit$$00000017)
    .ARM.Collect$$libinit$$00000019          0x08000212   Section        0  libinit2.o(.ARM.Collect$$libinit$$00000019)
    .ARM.Collect$$libinit$$0000001B          0x08000212   Section        0  libinit2.o(.ARM.Collect$$libinit$$0000001B)
    .ARM.Collect$$libinit$$0000001D          0x08000212   Section        0  libinit2.o(.ARM.Collect$$libinit$$0000001D)
    .ARM.Collect$$libinit$$0000001F          0x08000212   Section        0  libinit2.o(.ARM.Collect$$libinit$$0000001F)
    .ARM.Collect$$libinit$$00000021          0x08000212   Section        0  libinit2.o(.ARM.Collect$$libinit$$00000021)
    .ARM.Collect$$libinit$$00000023          0x08000212   Section        0  libinit2.o(.ARM.Collect$$libinit$$00000023)
    .ARM.Collect$$libinit$$00000025          0x08000212   Section        0  libinit2.o(.ARM.Collect$$libinit$$00000025)
    .ARM.Collect$$libinit$$0000002C          0x08000212   Section        0  libinit2.o(.ARM.Collect$$libinit$$0000002C)
    .ARM.Collect$$libinit$$0000002E          0x08000212   Section        0  libinit2.o(.ARM.Collect$$libinit$$0000002E)
    .ARM.Collect$$libinit$$00000030          0x08000212   Section        0  libinit2.o(.ARM.Collect$$libinit$$00000030)
    .ARM.Collect$$libinit$$00000032          0x08000212   Section        0  libinit2.o(.ARM.Collect$$libinit$$00000032)
    .ARM.Collect$$libinit$$00000033          0x08000212   Section        2  libinit2.o(.ARM.Collect$$libinit$$00000033)
    .ARM.Collect$$libshutdown$$00000000      0x08000214   Section        2  libshutdown.o(.ARM.Collect$$libshutdown$$00000000)
    .ARM.Collect$$libshutdown$$00000002      0x08000216   Section        0  libshutdown2.o(.ARM.Collect$$libshutdown$$00000002)
    .ARM.Collect$$libshutdown$$00000004      0x08000216   Section        0  libshutdown2.o(.ARM.Collect$$libshutdown$$00000004)
    .ARM.Collect$$libshutdown$$00000007      0x08000216   Section        0  libshutdown2.o(.ARM.Collect$$libshutdown$$00000007)
    .ARM.Collect$$libshutdown$$0000000A      0x08000216   Section        0  libshutdown2.o(.ARM.Collect$$libshutdown$$0000000A)
    .ARM.Collect$$libshutdown$$0000000C      0x08000216   Section        0  libshutdown2.o(.ARM.Collect$$libshutdown$$0000000C)
    .ARM.Collect$$libshutdown$$0000000F      0x08000216   Section        0  libshutdown2.o(.ARM.Collect$$libshutdown$$0000000F)
    .ARM.Collect$$libshutdown$$00000010      0x08000216   Section        2  libshutdown2.o(.ARM.Collect$$libshutdown$$00000010)
    .ARM.Collect$$rtentry$$00000000          0x08000218   Section        0  __rtentry.o(.ARM.Collect$$rtentry$$00000000)
    .ARM.Collect$$rtentry$$00000002          0x08000218   Section        0  __rtentry2.o(.ARM.Collect$$rtentry$$00000002)
    .ARM.Collect$$rtentry$$00000004          0x08000218   Section        6  __rtentry4.o(.ARM.Collect$$rtentry$$00000004)
    .ARM.Collect$$rtentry$$00000009          0x0800021e   Section        0  __rtentry2.o(.ARM.Collect$$rtentry$$00000009)
    .ARM.Collect$$rtentry$$0000000A          0x0800021e   Section        4  __rtentry2.o(.ARM.Collect$$rtentry$$0000000A)
    .ARM.Collect$$rtentry$$0000000C          0x08000222   Section        0  __rtentry2.o(.ARM.Collect$$rtentry$$0000000C)
    .ARM.Collect$$rtentry$$0000000D          0x08000222   Section        8  __rtentry2.o(.ARM.Collect$$rtentry$$0000000D)
    .ARM.Collect$$rtexit$$00000000           0x0800022a   Section        2  rtexit.o(.ARM.Collect$$rtexit$$00000000)
    .ARM.Collect$$rtexit$$00000002           0x0800022c   Section        0  rtexit2.o(.ARM.Collect$$rtexit$$00000002)
    .ARM.Collect$$rtexit$$00000003           0x0800022c   Section        4  rtexit2.o(.ARM.Collect$$rtexit$$00000003)
    .ARM.Collect$$rtexit$$00000004           0x08000230   Section        6  rtexit2.o(.ARM.Collect$$rtexit$$00000004)
    .text                                    0x08000238   Section        0  main.o(.text)
    .text                                    0x08000424   Section        0  stm32f4xx_it.o(.text)
    .text                                    0x08000440   Section        0  system_stm32f4xx.o(.text)
    SetSysClock                              0x08000441   Thumb Code   220  system_stm32f4xx.o(.text)
    .text                                    0x08000650   Section        0  led.o(.text)
    .text                                    0x08000690   Section        0  lcd.o(.text)
    .text                                    0x08005310   Section        0  adc.o(.text)
    .text                                    0x080054c0   Section        0  beep.o(.text)
    .text                                    0x08005500   Section        0  key.o(.text)
    .text                                    0x08005604   Section        0  remote.o(.text)
    .text                                    0x080058e4   Section        0  adc3.o(.text)
    .text                                    0x08005970   Section        0  smog.o(.text)
    .text                                    0x08005aa8   Section        0  timer.o(.text)
    .text                                    0x08005c40   Section        0  delay.o(.text)
    .text                                    0x08005d44   Section        0  usart.o(.text)
    .text                                    0x08005e90   Section       64  startup_stm32f40_41xxx.o(.text)
    $v0                                      0x08005e90   Number         0  startup_stm32f40_41xxx.o(.text)
    .text                                    0x08005ed0   Section        0  misc.o(.text)
    .text                                    0x08005fb0   Section        0  stm32f4xx_adc.o(.text)
    .text                                    0x08006414   Section        0  stm32f4xx_gpio.o(.text)
    .text                                    0x080066a8   Section        0  stm32f4xx_fsmc.o(.text)
    .text                                    0x08006c70   Section        0  stm32f4xx_rcc.o(.text)
    .text                                    0x080072cc   Section        0  stm32f4xx_usart.o(.text)
    .text                                    0x08007720   Section        0  stm32f4xx_tim.o(.text)
    TI4_Config                               0x08007ebf   Thumb Code    80  stm32f4xx_tim.o(.text)
    TI3_Config                               0x08007f21   Thumb Code    72  stm32f4xx_tim.o(.text)
    TI2_Config                               0x08007f83   Thumb Code    90  stm32f4xx_tim.o(.text)
    TI1_Config                               0x08007fef   Thumb Code    58  stm32f4xx_tim.o(.text)
    .text                                    0x080083c2   Section        2  use_no_semi_2.o(.text)
    .text                                    0x080083c4   Section        0  noretval__2printf.o(.text)
    .text                                    0x080083dc   Section        0  __printf.o(.text)
    .text                                    0x08008444   Section        0  _printf_dec.o(.text)
    .text                                    0x080084bc   Section        0  _printf_hex_int.o(.text)
    .text                                    0x08008514   Section        0  heapauxi.o(.text)
    .text                                    0x0800851a   Section        2  use_no_semi.o(.text)
    .text                                    0x0800851c   Section        0  _printf_intcommon.o(.text)
    .text                                    0x080085d0   Section        0  _printf_char_file.o(.text)
    .text                                    0x080085f4   Section        0  _printf_char_common.o(.text)
    _printf_input_char                       0x080085f5   Thumb Code    10  _printf_char_common.o(.text)
    .text                                    0x08008624   Section        0  ferror.o(.text)
    .text                                    0x0800862c   Section       74  sys_stackheap_outer.o(.text)
    .text                                    0x08008676   Section        0  exit.o(.text)
    .text                                    0x08008688   Section        8  libspace.o(.text)
    x$fpl$dadd                               0x08008690   Section      336  daddsub_clz.o(x$fpl$dadd)
    $v0                                      0x08008690   Number         0  daddsub_clz.o(x$fpl$dadd)
    _dadd1                                   0x080086a1   Thumb Code     0  daddsub_clz.o(x$fpl$dadd)
    x$fpl$ddiv                               0x080087e0   Section      688  ddiv.o(x$fpl$ddiv)
    $v0                                      0x080087e0   Number         0  ddiv.o(x$fpl$ddiv)
    ddiv_entry                               0x080087e7   Thumb Code     0  ddiv.o(x$fpl$ddiv)
    x$fpl$dfix                               0x08008a90   Section       94  dfix.o(x$fpl$dfix)
    $v0                                      0x08008a90   Number         0  dfix.o(x$fpl$dfix)
    x$fpl$dfixu                              0x08008af0   Section       90  dfixu.o(x$fpl$dfixu)
    $v0                                      0x08008af0   Number         0  dfixu.o(x$fpl$dfixu)
    x$fpl$dfltu                              0x08008b4a   Section       38  dflt_clz.o(x$fpl$dfltu)
    $v0                                      0x08008b4a   Number         0  dflt_clz.o(x$fpl$dfltu)
    x$fpl$dmul                               0x08008b70   Section      340  dmul.o(x$fpl$dmul)
    $v0                                      0x08008b70   Number         0  dmul.o(x$fpl$dmul)
    x$fpl$dnaninf                            0x08008cc4   Section      156  dnaninf.o(x$fpl$dnaninf)
    $v0                                      0x08008cc4   Number         0  dnaninf.o(x$fpl$dnaninf)
    x$fpl$dretinf                            0x08008d60   Section       12  dretinf.o(x$fpl$dretinf)
    $v0                                      0x08008d60   Number         0  dretinf.o(x$fpl$dretinf)
    x$fpl$dsub                               0x08008d6c   Section      468  daddsub_clz.o(x$fpl$dsub)
    $v0                                      0x08008d6c   Number         0  daddsub_clz.o(x$fpl$dsub)
    _dsub1                                   0x08008d7d   Thumb Code     0  daddsub_clz.o(x$fpl$dsub)
    x$fpl$f2d                                0x08008f40   Section       86  f2d.o(x$fpl$f2d)
    $v0                                      0x08008f40   Number         0  f2d.o(x$fpl$f2d)
    x$fpl$fnaninf                            0x08008f96   Section      140  fnaninf.o(x$fpl$fnaninf)
    $v0                                      0x08008f96   Number         0  fnaninf.o(x$fpl$fnaninf)
    x$fpl$fpinit                             0x08009022   Section       10  fpinit.o(x$fpl$fpinit)
    $v0                                      0x08009022   Number         0  fpinit.o(x$fpl$fpinit)
    .constdata                               0x0800902c   Section     6080  lcd.o(.constdata)
    x$fpl$usenofp                            0x0800902c   Section        0  usenofp.o(x$fpl$usenofp)
    .constdata                               0x0800a7ec   Section       28  stm32f4xx_fsmc.o(.constdata)
    .constdata                               0x0800a808   Section       40  _printf_hex_int.o(.constdata)
    uc_hextab                                0x0800a808   Data          20  _printf_hex_int.o(.constdata)
    lc_hextab                                0x0800a81c   Data          20  _printf_hex_int.o(.constdata)
    .data                                    0x20000000   Section       20  system_stm32f4xx.o(.data)
    .data                                    0x20000014   Section        4  lcd.o(.data)
    .data                                    0x20000018   Section        1  key.o(.data)
    key_up                                   0x20000018   Data           1  key.o(.data)
    .data                                    0x2000001c   Section        9  remote.o(.data)
    .data                                    0x20000025   Section        1  timer.o(.data)
    .data                                    0x20000026   Section        4  delay.o(.data)
    fac_us                                   0x20000026   Data           1  delay.o(.data)
    fac_ms                                   0x20000028   Data           2  delay.o(.data)
    .data                                    0x2000002c   Section        6  usart.o(.data)
    .data                                    0x20000032   Section       16  stm32f4xx_rcc.o(.data)
    APBAHBPrescTable                         0x20000032   Data          16  stm32f4xx_rcc.o(.data)
    .bss                                     0x20000044   Section       14  lcd.o(.bss)
    .bss                                     0x20000052   Section      200  usart.o(.bss)
    .bss                                     0x2000011c   Section       96  libspace.o(.bss)
    HEAP                                     0x20000180   Section      512  startup_stm32f40_41xxx.o(HEAP)
    Heap_Mem                                 0x20000180   Data         512  startup_stm32f40_41xxx.o(HEAP)
    STACK                                    0x20000380   Section     1024  startup_stm32f40_41xxx.o(STACK)
    Stack_Mem                                0x20000380   Data        1024  startup_stm32f40_41xxx.o(STACK)
    __initial_sp                             0x20000780   Data           0  startup_stm32f40_41xxx.o(STACK)

    Global Symbols

    Symbol Name                              Value     Ov Type        Size  Object(Section)

    BuildAttributes$$THM_ISAv4$E$P$D$K$B$S$7EM$VFPi3$EXTD16$VFPS$VFMA$PE$A:L22UL41UL21$X:L11$S22US41US21$IEEE1$IW$USESV6$~STKCKD$USESV7$~SHL$OSPACE$ROPI$EBA8$UX$STANDARDLIB$REQ8$PRES8$EABIv2 0x00000000   Number         0  anon$$obj.o ABSOLUTE
    __ARM_use_no_argv                        0x00000000   Number         0  main.o ABSOLUTE
    __ARM_exceptions_init                     - Undefined Weak Reference
    __alloca_initialize                       - Undefined Weak Reference
    __arm_preinit_                            - Undefined Weak Reference
    __cpp_initialize__aeabi_                  - Undefined Weak Reference
    __cxa_finalize                            - Undefined Weak Reference
    __rt_locale                               - Undefined Weak Reference
    __sigvec_lookup                           - Undefined Weak Reference
    _atexit_init                              - Undefined Weak Reference
    _call_atexit_fns                          - Undefined Weak Reference
    _clock_init                               - Undefined Weak Reference
    _fp_trap_init                             - Undefined Weak Reference
    _fp_trap_shutdown                         - Undefined Weak Reference
    _get_lc_collate                           - Undefined Weak Reference
    _get_lc_ctype                             - Undefined Weak Reference
    _get_lc_monetary                          - Undefined Weak Reference
    _get_lc_numeric                           - Undefined Weak Reference
    _get_lc_time                              - Undefined Weak Reference
    _getenv_init                              - Undefined Weak Reference
    _handle_redirection                       - Undefined Weak Reference
    _init_alloc                               - Undefined Weak Reference
    _init_user_alloc                          - Undefined Weak Reference
    _initio                                   - Undefined Weak Reference
    _mutex_acquire                            - Undefined Weak Reference
    _mutex_release                            - Undefined Weak Reference
    _printf_post_padding                      - Undefined Weak Reference
    _printf_pre_padding                       - Undefined Weak Reference
    _printf_truncate_signed                   - Undefined Weak Reference
    _printf_truncate_unsigned                 - Undefined Weak Reference
    _rand_init                                - Undefined Weak Reference
    _signal_finish                            - Undefined Weak Reference
    _signal_init                              - Undefined Weak Reference
    _terminate_alloc                          - Undefined Weak Reference
    _terminate_user_alloc                     - Undefined Weak Reference
    _terminateio                              - Undefined Weak Reference
    __Vectors_Size                           0x00000188   Number         0  startup_stm32f40_41xxx.o ABSOLUTE
    __Vectors                                0x08000000   Data           4  startup_stm32f40_41xxx.o(RESET)
    __Vectors_End                            0x08000188   Data           0  startup_stm32f40_41xxx.o(RESET)
    __main                                   0x08000189   Thumb Code     8  __main.o(!!!main)
    __scatterload                            0x08000191   Thumb Code     0  __scatter.o(!!!scatter)
    __scatterload_rt2                        0x08000191   Thumb Code    44  __scatter.o(!!!scatter)
    __scatterload_rt2_thumb_only             0x08000191   Thumb Code     0  __scatter.o(!!!scatter)
    __scatterload_null                       0x0800019f   Thumb Code     0  __scatter.o(!!!scatter)
    __scatterload_copy                       0x080001c5   Thumb Code    26  __scatter_copy.o(!!handler_copy)
    __scatterload_zeroinit                   0x080001e1   Thumb Code    28  __scatter_zi.o(!!handler_zi)
    _printf_d                                0x080001fd   Thumb Code     0  _printf_d.o(.ARM.Collect$$_printf_percent$$00000009)
    _printf_percent                          0x080001fd   Thumb Code     0  _printf_percent.o(.ARM.Collect$$_printf_percent$$00000000)
    _printf_x                                0x08000203   Thumb Code     0  _printf_x.o(.ARM.Collect$$_printf_percent$$0000000C)
    _printf_percent_end                      0x08000209   Thumb Code     0  _printf_percent_end.o(.ARM.Collect$$_printf_percent$$00000017)
    __rt_lib_init                            0x0800020d   Thumb Code     0  libinit.o(.ARM.Collect$$libinit$$00000000)
    __rt_lib_init_fp_1                       0x0800020f   Thumb Code     0  libinit2.o(.ARM.Collect$$libinit$$00000001)
    __rt_lib_init_alloca_1                   0x08000213   Thumb Code     0  libinit2.o(.ARM.Collect$$libinit$$0000002E)
    __rt_lib_init_argv_1                     0x08000213   Thumb Code     0  libinit2.o(.ARM.Collect$$libinit$$0000002C)
    __rt_lib_init_atexit_1                   0x08000213   Thumb Code     0  libinit2.o(.ARM.Collect$$libinit$$0000001B)
    __rt_lib_init_clock_1                    0x08000213   Thumb Code     0  libinit2.o(.ARM.Collect$$libinit$$00000021)
    __rt_lib_init_cpp_1                      0x08000213   Thumb Code     0  libinit2.o(.ARM.Collect$$libinit$$00000032)
    __rt_lib_init_exceptions_1               0x08000213   Thumb Code     0  libinit2.o(.ARM.Collect$$libinit$$00000030)
    __rt_lib_init_fp_trap_1                  0x08000213   Thumb Code     0  libinit2.o(.ARM.Collect$$libinit$$0000001F)
    __rt_lib_init_getenv_1                   0x08000213   Thumb Code     0  libinit2.o(.ARM.Collect$$libinit$$00000023)
    __rt_lib_init_heap_1                     0x08000213   Thumb Code     0  libinit2.o(.ARM.Collect$$libinit$$0000000A)
    __rt_lib_init_lc_collate_1               0x08000213   Thumb Code     0  libinit2.o(.ARM.Collect$$libinit$$00000011)
    __rt_lib_init_lc_ctype_1                 0x08000213   Thumb Code     0  libinit2.o(.ARM.Collect$$libinit$$00000013)
    __rt_lib_init_lc_monetary_1              0x08000213   Thumb Code     0  libinit2.o(.ARM.Collect$$libinit$$00000015)
    __rt_lib_init_lc_numeric_1               0x08000213   Thumb Code     0  libinit2.o(.ARM.Collect$$libinit$$00000017)
    __rt_lib_init_lc_time_1                  0x08000213   Thumb Code     0  libinit2.o(.ARM.Collect$$libinit$$00000019)
    __rt_lib_init_preinit_1                  0x08000213   Thumb Code     0  libinit2.o(.ARM.Collect$$libinit$$00000004)
    __rt_lib_init_rand_1                     0x08000213   Thumb Code     0  libinit2.o(.ARM.Collect$$libinit$$0000000E)
    __rt_lib_init_return                     0x08000213   Thumb Code     0  libinit2.o(.ARM.Collect$$libinit$$00000033)
    __rt_lib_init_signal_1                   0x08000213   Thumb Code     0  libinit2.o(.ARM.Collect$$libinit$$0000001D)
    __rt_lib_init_stdio_1                    0x08000213   Thumb Code     0  libinit2.o(.ARM.Collect$$libinit$$00000025)
    __rt_lib_init_user_alloc_1               0x08000213   Thumb Code     0  libinit2.o(.ARM.Collect$$libinit$$0000000C)
    __rt_lib_shutdown                        0x08000215   Thumb Code     0  libshutdown.o(.ARM.Collect$$libshutdown$$00000000)
    __rt_lib_shutdown_cpp_1                  0x08000217   Thumb Code     0  libshutdown2.o(.ARM.Collect$$libshutdown$$00000002)
    __rt_lib_shutdown_fp_trap_1              0x08000217   Thumb Code     0  libshutdown2.o(.ARM.Collect$$libshutdown$$00000007)
    __rt_lib_shutdown_heap_1                 0x08000217   Thumb Code     0  libshutdown2.o(.ARM.Collect$$libshutdown$$0000000F)
    __rt_lib_shutdown_return                 0x08000217   Thumb Code     0  libshutdown2.o(.ARM.Collect$$libshutdown$$00000010)
    __rt_lib_shutdown_signal_1               0x08000217   Thumb Code     0  libshutdown2.o(.ARM.Collect$$libshutdown$$0000000A)
    __rt_lib_shutdown_stdio_1                0x08000217   Thumb Code     0  libshutdown2.o(.ARM.Collect$$libshutdown$$00000004)
    __rt_lib_shutdown_user_alloc_1           0x08000217   Thumb Code     0  libshutdown2.o(.ARM.Collect$$libshutdown$$0000000C)
    __rt_entry                               0x08000219   Thumb Code     0  __rtentry.o(.ARM.Collect$$rtentry$$00000000)
    __rt_entry_presh_1                       0x08000219   Thumb Code     0  __rtentry2.o(.ARM.Collect$$rtentry$$00000002)
    __rt_entry_sh                            0x08000219   Thumb Code     0  __rtentry4.o(.ARM.Collect$$rtentry$$00000004)
    __rt_entry_li                            0x0800021f   Thumb Code     0  __rtentry2.o(.ARM.Collect$$rtentry$$0000000A)
    __rt_entry_postsh_1                      0x0800021f   Thumb Code     0  __rtentry2.o(.ARM.Collect$$rtentry$$00000009)
    __rt_entry_main                          0x08000223   Thumb Code     0  __rtentry2.o(.ARM.Collect$$rtentry$$0000000D)
    __rt_entry_postli_1                      0x08000223   Thumb Code     0  __rtentry2.o(.ARM.Collect$$rtentry$$0000000C)
    __rt_exit                                0x0800022b   Thumb Code     0  rtexit.o(.ARM.Collect$$rtexit$$00000000)
    __rt_exit_ls                             0x0800022d   Thumb Code     0  rtexit2.o(.ARM.Collect$$rtexit$$00000003)
    __rt_exit_prels_1                        0x0800022d   Thumb Code     0  rtexit2.o(.ARM.Collect$$rtexit$$00000002)
    __rt_exit_exit                           0x08000231   Thumb Code     0  rtexit2.o(.ARM.Collect$$rtexit$$00000004)
    showScreen                               0x08000239   Thumb Code   160  main.o(.text)
    main                                     0x080002d9   Thumb Code   236  main.o(.text)
    NMI_Handler                              0x08000425   Thumb Code     2  stm32f4xx_it.o(.text)
    HardFault_Handler                        0x08000427   Thumb Code     4  stm32f4xx_it.o(.text)
    MemManage_Handler                        0x0800042b   Thumb Code     4  stm32f4xx_it.o(.text)
    BusFault_Handler                         0x0800042f   Thumb Code     4  stm32f4xx_it.o(.text)
    UsageFault_Handler                       0x08000433   Thumb Code     4  stm32f4xx_it.o(.text)
    SVC_Handler                              0x08000437   Thumb Code     2  stm32f4xx_it.o(.text)
    DebugMon_Handler                         0x08000439   Thumb Code     2  stm32f4xx_it.o(.text)
    PendSV_Handler                           0x0800043b   Thumb Code     2  stm32f4xx_it.o(.text)
    SysTick_Handler                          0x0800043d   Thumb Code     2  stm32f4xx_it.o(.text)
    SystemInit                               0x0800051d   Thumb Code    88  system_stm32f4xx.o(.text)
    SystemCoreClockUpdate                    0x08000575   Thumb Code   174  system_stm32f4xx.o(.text)
    LED_Init                                 0x08000651   Thumb Code    60  led.o(.text)
    LCD_WR_REG                               0x08000691   Thumb Code    18  lcd.o(.text)
    LCD_WR_DATA                              0x080006a3   Thumb Code    20  lcd.o(.text)
    LCD_RD_DATA                              0x080006b7   Thumb Code    16  lcd.o(.text)
    LCD_WriteReg                             0x080006c7   Thumb Code    14  lcd.o(.text)
    LCD_ReadReg                              0x080006d5   Thumb Code    22  lcd.o(.text)
    LCD_WriteRAM_Prepare                     0x080006eb   Thumb Code    10  lcd.o(.text)
    LCD_WriteRAM                             0x080006f5   Thumb Code     8  lcd.o(.text)
    LCD_BGR2RGB                              0x080006fd   Thumb Code    26  lcd.o(.text)
    opt_delay                                0x08000717   Thumb Code    14  lcd.o(.text)
    LCD_SetCursor                            0x08000725   Thumb Code   418  lcd.o(.text)
    LCD_ReadPoint                            0x080008c7   Thumb Code   360  lcd.o(.text)
    LCD_DisplayOn                            0x08000a2f   Thumb Code   102  lcd.o(.text)
    LCD_DisplayOff                           0x08000a95   Thumb Code    90  lcd.o(.text)
    LCD_Scan_Dir                             0x08000aef   Thumb Code   744  lcd.o(.text)
    LCD_DrawPoint                            0x08000dd7   Thumb Code    28  lcd.o(.text)
    LCD_Fast_DrawPoint                       0x08000df3   Thumb Code   388  lcd.o(.text)
    LCD_SSD_BackLightSet                     0x08000f77   Thumb Code    88  lcd.o(.text)
    LCD_Display_Dir                          0x08000fcf   Thumb Code   444  lcd.o(.text)
    LCD_Set_Window                           0x0800118b   Thumb Code   546  lcd.o(.text)
    LCD_Clear                                0x080013ad   Thumb Code   100  lcd.o(.text)
    LCD_Init                                 0x08001411   Thumb Code 14696  lcd.o(.text)
    LCD_Fill                                 0x08004d79   Thumb Code   180  lcd.o(.text)
    LCD_Color_Fill                           0x08004e2d   Thumb Code   100  lcd.o(.text)
    LCD_DrawLine                             0x08004e91   Thumb Code   176  lcd.o(.text)
    LCD_DrawRectangle                        0x08004f41   Thumb Code    60  lcd.o(.text)
    LCD_Draw_Circle                          0x08004f7d   Thumb Code   152  lcd.o(.text)
    LCD_ShowChar                             0x08005015   Thumb Code   272  lcd.o(.text)
    LCD_Pow                                  0x08005125   Thumb Code    22  lcd.o(.text)
    LCD_ShowNum                              0x0800513b   Thumb Code   148  lcd.o(.text)
    LCD_ShowxNum                             0x080051cf   Thumb Code   220  lcd.o(.text)
    LCD_ShowString                           0x080052ab   Thumb Code   102  lcd.o(.text)
    Adc_Init                                 0x08005311   Thumb Code   154  adc.o(.text)
    Get_Adc                                  0x080053ab   Thumb Code    44  adc.o(.text)
    Get_Adc_Average                          0x080053d7   Thumb Code    46  adc.o(.text)
    Get_Temprate                             0x08005405   Thumb Code   140  adc.o(.text)
    BEEP_Init                                0x080054c1   Thumb Code    60  beep.o(.text)
    KEY_Init                                 0x08005501   Thumb Code    60  key.o(.text)
    KEY_Scan                                 0x0800553d   Thumb Code   188  key.o(.text)
    Remote_Init                              0x08005605   Thumb Code   218  remote.o(.text)
    TIM1_UP_TIM10_IRQHandler                 0x080056df   Thumb Code   112  remote.o(.text)
    TIM1_CC_IRQHandler                       0x0800574f   Thumb Code   286  remote.o(.text)
    Remote_Scan                              0x0800586d   Thumb Code    92  remote.o(.text)
    Adc3_Init                                0x080058e5   Thumb Code    92  adc3.o(.text)
    Get_Adc3                                 0x08005941   Thumb Code    44  adc3.o(.text)
    Smog_Init                                0x08005971   Thumb Code    34  smog.o(.text)
    Smog_Get_Vol                             0x08005993   Thumb Code    48  smog.o(.text)
    Smog_Trans_Concentration                 0x080059c3   Thumb Code   146  smog.o(.text)
    TIM3_Int_Init                            0x08005aa9   Thumb Code    88  timer.o(.text)
    remoteFunction                           0x08005b01   Thumb Code   122  timer.o(.text)
    keyFunction                              0x08005b7b   Thumb Code   138  timer.o(.text)
    TIM3_IRQHandler                          0x08005c05   Thumb Code    40  timer.o(.text)
    delay_init                               0x08005c41   Thumb Code    52  delay.o(.text)
    delay_us                                 0x08005c75   Thumb Code    72  delay.o(.text)
    delay_xms                                0x08005cbd   Thumb Code    72  delay.o(.text)
    delay_ms                                 0x08005d05   Thumb Code    56  delay.o(.text)
    _sys_exit                                0x08005d45   Thumb Code     6  usart.o(.text)
    fputc                                    0x08005d4b   Thumb Code    22  usart.o(.text)
    uart_init                                0x08005d61   Thumb Code   164  usart.o(.text)
    USART1_IRQHandler                        0x08005e05   Thumb Code   122  usart.o(.text)
    Reset_Handler                            0x08005e91   Thumb Code     8  startup_stm32f40_41xxx.o(.text)
    ADC_IRQHandler                           0x08005eab   Thumb Code     0  startup_stm32f40_41xxx.o(.text)
    CAN1_RX0_IRQHandler                      0x08005eab   Thumb Code     0  startup_stm32f40_41xxx.o(.text)
    CAN1_RX1_IRQHandler                      0x08005eab   Thumb Code     0  startup_stm32f40_41xxx.o(.text)
    CAN1_SCE_IRQHandler                      0x08005eab   Thumb Code     0  startup_stm32f40_41xxx.o(.text)
    CAN1_TX_IRQHandler                       0x08005eab   Thumb Code     0  startup_stm32f40_41xxx.o(.text)
    CAN2_RX0_IRQHandler                      0x08005eab   Thumb Code     0  startup_stm32f40_41xxx.o(.text)
    CAN2_RX1_IRQHandler                      0x08005eab   Thumb Code     0  startup_stm32f40_41xxx.o(.text)
    CAN2_SCE_IRQHandler                      0x08005eab   Thumb Code     0  startup_stm32f40_41xxx.o(.text)
    CAN2_TX_IRQHandler                       0x08005eab   Thumb Code     0  startup_stm32f40_41xxx.o(.text)
    CRYP_IRQHandler                          0x08005eab   Thumb Code     0  startup_stm32f40_41xxx.o(.text)
    DCMI_IRQHandler                          0x08005eab   Thumb Code     0  startup_stm32f40_41xxx.o(.text)
    DMA1_Stream0_IRQHandler                  0x08005eab   Thumb Code     0  startup_stm32f40_41xxx.o(.text)
    DMA1_Stream1_IRQHandler                  0x08005eab   Thumb Code     0  startup_stm32f40_41xxx.o(.text)
    DMA1_Stream2_IRQHandler                  0x08005eab   Thumb Code     0  startup_stm32f40_41xxx.o(.text)
    DMA1_Stream3_IRQHandler                  0x08005eab   Thumb Code     0  startup_stm32f40_41xxx.o(.text)
    DMA1_Stream4_IRQHandler                  0x08005eab   Thumb Code     0  startup_stm32f40_41xxx.o(.text)
    DMA1_Stream5_IRQHandler                  0x08005eab   Thumb Code     0  startup_stm32f40_41xxx.o(.text)
    DMA1_Stream6_IRQHandler                  0x08005eab   Thumb Code     0  startup_stm32f40_41xxx.o(.text)
    DMA1_Stream7_IRQHandler                  0x08005eab   Thumb Code     0  startup_stm32f40_41xxx.o(.text)
    DMA2_Stream0_IRQHandler                  0x08005eab   Thumb Code     0  startup_stm32f40_41xxx.o(.text)
    DMA2_Stream1_IRQHandler                  0x08005eab   Thumb Code     0  startup_stm32f40_41xxx.o(.text)
    DMA2_Stream2_IRQHandler                  0x08005eab   Thumb Code     0  startup_stm32f40_41xxx.o(.text)
    DMA2_Stream3_IRQHandler                  0x08005eab   Thumb Code     0  startup_stm32f40_41xxx.o(.text)
    DMA2_Stream4_IRQHandler                  0x08005eab   Thumb Code     0  startup_stm32f40_41xxx.o(.text)
    DMA2_Stream5_IRQHandler                  0x08005eab   Thumb Code     0  startup_stm32f40_41xxx.o(.text)
    DMA2_Stream6_IRQHandler                  0x08005eab   Thumb Code     0  startup_stm32f40_41xxx.o(.text)
    DMA2_Stream7_IRQHandler                  0x08005eab   Thumb Code     0  startup_stm32f40_41xxx.o(.text)
    ETH_IRQHandler                           0x08005eab   Thumb Code     0  startup_stm32f40_41xxx.o(.text)
    ETH_WKUP_IRQHandler                      0x08005eab   Thumb Code     0  startup_stm32f40_41xxx.o(.text)
    EXTI0_IRQHandler                         0x08005eab   Thumb Code     0  startup_stm32f40_41xxx.o(.text)
    EXTI15_10_IRQHandler                     0x08005eab   Thumb Code     0  startup_stm32f40_41xxx.o(.text)
    EXTI1_IRQHandler                         0x08005eab   Thumb Code     0  startup_stm32f40_41xxx.o(.text)
    EXTI2_IRQHandler                         0x08005eab   Thumb Code     0  startup_stm32f40_41xxx.o(.text)
    EXTI3_IRQHandler                         0x08005eab   Thumb Code     0  startup_stm32f40_41xxx.o(.text)
    EXTI4_IRQHandler                         0x08005eab   Thumb Code     0  startup_stm32f40_41xxx.o(.text)
    EXTI9_5_IRQHandler                       0x08005eab   Thumb Code     0  startup_stm32f40_41xxx.o(.text)
    FLASH_IRQHandler                         0x08005eab   Thumb Code     0  startup_stm32f40_41xxx.o(.text)
    FPU_IRQHandler                           0x08005eab   Thumb Code     0  startup_stm32f40_41xxx.o(.text)
    FSMC_IRQHandler                          0x08005eab   Thumb Code     0  startup_stm32f40_41xxx.o(.text)
    HASH_RNG_IRQHandler                      0x08005eab   Thumb Code     0  startup_stm32f40_41xxx.o(.text)
    I2C1_ER_IRQHandler                       0x08005eab   Thumb Code     0  startup_stm32f40_41xxx.o(.text)
    I2C1_EV_IRQHandler                       0x08005eab   Thumb Code     0  startup_stm32f40_41xxx.o(.text)
    I2C2_ER_IRQHandler                       0x08005eab   Thumb Code     0  startup_stm32f40_41xxx.o(.text)
    I2C2_EV_IRQHandler                       0x08005eab   Thumb Code     0  startup_stm32f40_41xxx.o(.text)
    I2C3_ER_IRQHandler                       0x08005eab   Thumb Code     0  startup_stm32f40_41xxx.o(.text)
    I2C3_EV_IRQHandler                       0x08005eab   Thumb Code     0  startup_stm32f40_41xxx.o(.text)
    OTG_FS_IRQHandler                        0x08005eab   Thumb Code     0  startup_stm32f40_41xxx.o(.text)
    OTG_FS_WKUP_IRQHandler                   0x08005eab   Thumb Code     0  startup_stm32f40_41xxx.o(.text)
    OTG_HS_EP1_IN_IRQHandler                 0x08005eab   Thumb Code     0  startup_stm32f40_41xxx.o(.text)
    OTG_HS_EP1_OUT_IRQHandler                0x08005eab   Thumb Code     0  startup_stm32f40_41xxx.o(.text)
    OTG_HS_IRQHandler                        0x08005eab   Thumb Code     0  startup_stm32f40_41xxx.o(.text)
    OTG_HS_WKUP_IRQHandler                   0x08005eab   Thumb Code     0  startup_stm32f40_41xxx.o(.text)
    PVD_IRQHandler                           0x08005eab   Thumb Code     0  startup_stm32f40_41xxx.o(.text)
    RCC_IRQHandler                           0x08005eab   Thumb Code     0  startup_stm32f40_41xxx.o(.text)
    RTC_Alarm_IRQHandler                     0x08005eab   Thumb Code     0  startup_stm32f40_41xxx.o(.text)
    RTC_WKUP_IRQHandler                      0x08005eab   Thumb Code     0  startup_stm32f40_41xxx.o(.text)
    SDIO_IRQHandler                          0x08005eab   Thumb Code     0  startup_stm32f40_41xxx.o(.text)
    SPI1_IRQHandler                          0x08005eab   Thumb Code     0  startup_stm32f40_41xxx.o(.text)
    SPI2_IRQHandler                          0x08005eab   Thumb Code     0  startup_stm32f40_41xxx.o(.text)
    SPI3_IRQHandler                          0x08005eab   Thumb Code     0  startup_stm32f40_41xxx.o(.text)
    TAMP_STAMP_IRQHandler                    0x08005eab   Thumb Code     0  startup_stm32f40_41xxx.o(.text)
    TIM1_BRK_TIM9_IRQHandler                 0x08005eab   Thumb Code     0  startup_stm32f40_41xxx.o(.text)
    TIM1_TRG_COM_TIM11_IRQHandler            0x08005eab   Thumb Code     0  startup_stm32f40_41xxx.o(.text)
    TIM2_IRQHandler                          0x08005eab   Thumb Code     0  startup_stm32f40_41xxx.o(.text)
    TIM4_IRQHandler                          0x08005eab   Thumb Code     0  startup_stm32f40_41xxx.o(.text)
    TIM5_IRQHandler                          0x08005eab   Thumb Code     0  startup_stm32f40_41xxx.o(.text)
    TIM6_DAC_IRQHandler                      0x08005eab   Thumb Code     0  startup_stm32f40_41xxx.o(.text)
    TIM7_IRQHandler                          0x08005eab   Thumb Code     0  startup_stm32f40_41xxx.o(.text)
    TIM8_BRK_TIM12_IRQHandler                0x08005eab   Thumb Code     0  startup_stm32f40_41xxx.o(.text)
    TIM8_CC_IRQHandler                       0x08005eab   Thumb Code     0  startup_stm32f40_41xxx.o(.text)
    TIM8_TRG_COM_TIM14_IRQHandler            0x08005eab   Thumb Code     0  startup_stm32f40_41xxx.o(.text)
    TIM8_UP_TIM13_IRQHandler                 0x08005eab   Thumb Code     0  startup_stm32f40_41xxx.o(.text)
    UART4_IRQHandler                         0x08005eab   Thumb Code     0  startup_stm32f40_41xxx.o(.text)
    UART5_IRQHandler                         0x08005eab   Thumb Code     0  startup_stm32f40_41xxx.o(.text)
    USART2_IRQHandler                        0x08005eab   Thumb Code     0  startup_stm32f40_41xxx.o(.text)
    USART3_IRQHandler                        0x08005eab   Thumb Code     0  startup_stm32f40_41xxx.o(.text)
    USART6_IRQHandler                        0x08005eab   Thumb Code     0  startup_stm32f40_41xxx.o(.text)
    WWDG_IRQHandler                          0x08005eab   Thumb Code     0  startup_stm32f40_41xxx.o(.text)
    __user_initial_stackheap                 0x08005ead   Thumb Code     0  startup_stm32f40_41xxx.o(.text)
    NVIC_PriorityGroupConfig                 0x08005ed1   Thumb Code    10  misc.o(.text)
    NVIC_Init                                0x08005edb   Thumb Code   106  misc.o(.text)
    NVIC_SetVectorTable                      0x08005f45   Thumb Code    14  misc.o(.text)
    NVIC_SystemLPConfig                      0x08005f53   Thumb Code    34  misc.o(.text)
    SysTick_CLKSourceConfig                  0x08005f75   Thumb Code    40  misc.o(.text)
    ADC_DeInit                               0x08005fb1   Thumb Code    22  stm32f4xx_adc.o(.text)
    ADC_Init                                 0x08005fc7   Thumb Code    74  stm32f4xx_adc.o(.text)
    ADC_StructInit                           0x08006011   Thumb Code    20  stm32f4xx_adc.o(.text)
    ADC_CommonInit                           0x08006025   Thumb Code    34  stm32f4xx_adc.o(.text)
    ADC_CommonStructInit                     0x08006047   Thumb Code    12  stm32f4xx_adc.o(.text)
    ADC_Cmd                                  0x08006053   Thumb Code    22  stm32f4xx_adc.o(.text)
    ADC_AnalogWatchdogCmd                    0x08006069   Thumb Code    16  stm32f4xx_adc.o(.text)
    ADC_AnalogWatchdogThresholdsConfig       0x08006079   Thumb Code     6  stm32f4xx_adc.o(.text)
    ADC_AnalogWatchdogSingleChannelConfig    0x0800607f   Thumb Code    16  stm32f4xx_adc.o(.text)
    ADC_TempSensorVrefintCmd                 0x0800608f   Thumb Code    34  stm32f4xx_adc.o(.text)
    ADC_VBATCmd                              0x080060b1   Thumb Code    34  stm32f4xx_adc.o(.text)
    ADC_RegularChannelConfig                 0x080060d3   Thumb Code   184  stm32f4xx_adc.o(.text)
    ADC_SoftwareStartConv                    0x0800618b   Thumb Code    10  stm32f4xx_adc.o(.text)
    ADC_GetSoftwareStartConvStatus           0x08006195   Thumb Code    20  stm32f4xx_adc.o(.text)
    ADC_EOCOnEachRegularChannelCmd           0x080061a9   Thumb Code    22  stm32f4xx_adc.o(.text)
    ADC_ContinuousModeCmd                    0x080061bf   Thumb Code    22  stm32f4xx_adc.o(.text)
    ADC_DiscModeChannelCountConfig           0x080061d5   Thumb Code    24  stm32f4xx_adc.o(.text)
    ADC_DiscModeCmd                          0x080061ed   Thumb Code    22  stm32f4xx_adc.o(.text)
    ADC_GetConversionValue                   0x08006203   Thumb Code     8  stm32f4xx_adc.o(.text)
    ADC_GetMultiModeConversionValue          0x0800620b   Thumb Code     8  stm32f4xx_adc.o(.text)
    ADC_DMACmd                               0x08006213   Thumb Code    22  stm32f4xx_adc.o(.text)
    ADC_DMARequestAfterLastTransferCmd       0x08006229   Thumb Code    22  stm32f4xx_adc.o(.text)
    ADC_MultiModeDMARequestAfterLastTransferCmd 0x0800623f   Thumb Code    34  stm32f4xx_adc.o(.text)
    ADC_InjectedChannelConfig                0x08006261   Thumb Code   130  stm32f4xx_adc.o(.text)
    ADC_InjectedSequencerLengthConfig        0x080062e3   Thumb Code    24  stm32f4xx_adc.o(.text)
    ADC_SetInjectedOffset                    0x080062fb   Thumb Code    20  stm32f4xx_adc.o(.text)
    ADC_ExternalTrigInjectedConvConfig       0x0800630f   Thumb Code    16  stm32f4xx_adc.o(.text)
    ADC_ExternalTrigInjectedConvEdgeConfig   0x0800631f   Thumb Code    16  stm32f4xx_adc.o(.text)
    ADC_SoftwareStartInjectedConv            0x0800632f   Thumb Code    10  stm32f4xx_adc.o(.text)
    ADC_GetSoftwareStartInjectedConvCmdStatus 0x08006339   Thumb Code    20  stm32f4xx_adc.o(.text)
    ADC_AutoInjectedConvCmd                  0x0800634d   Thumb Code    22  stm32f4xx_adc.o(.text)
    ADC_InjectedDiscModeCmd                  0x08006363   Thumb Code    22  stm32f4xx_adc.o(.text)
    ADC_GetInjectedConversionValue           0x08006379   Thumb Code    28  stm32f4xx_adc.o(.text)
    ADC_ITConfig                             0x08006395   Thumb Code    56  stm32f4xx_adc.o(.text)
    ADC_GetFlagStatus                        0x080063cd   Thumb Code    18  stm32f4xx_adc.o(.text)
    ADC_ClearFlag                            0x080063df   Thumb Code     6  stm32f4xx_adc.o(.text)
    ADC_GetITStatus                          0x080063e5   Thumb Code    38  stm32f4xx_adc.o(.text)
    ADC_ClearITPendingBit                    0x0800640b   Thumb Code    10  stm32f4xx_adc.o(.text)
    GPIO_DeInit                              0x08006415   Thumb Code   268  stm32f4xx_gpio.o(.text)
    GPIO_Init                                0x08006521   Thumb Code   144  stm32f4xx_gpio.o(.text)
    GPIO_StructInit                          0x080065b1   Thumb Code    18  stm32f4xx_gpio.o(.text)
    GPIO_PinLockConfig                       0x080065c3   Thumb Code    34  stm32f4xx_gpio.o(.text)
    GPIO_ReadInputDataBit                    0x080065e5   Thumb Code    18  stm32f4xx_gpio.o(.text)
    GPIO_ReadInputData                       0x080065f7   Thumb Code     8  stm32f4xx_gpio.o(.text)
    GPIO_ReadOutputDataBit                   0x080065ff   Thumb Code    18  stm32f4xx_gpio.o(.text)
    GPIO_ReadOutputData                      0x08006611   Thumb Code     8  stm32f4xx_gpio.o(.text)
    GPIO_SetBits                             0x08006619   Thumb Code     4  stm32f4xx_gpio.o(.text)
    GPIO_ResetBits                           0x0800661d   Thumb Code     4  stm32f4xx_gpio.o(.text)
    GPIO_WriteBit                            0x08006621   Thumb Code    10  stm32f4xx_gpio.o(.text)
    GPIO_Write                               0x0800662b   Thumb Code     4  stm32f4xx_gpio.o(.text)
    GPIO_ToggleBits                          0x0800662f   Thumb Code     8  stm32f4xx_gpio.o(.text)
    GPIO_PinAFConfig                         0x08006637   Thumb Code    70  stm32f4xx_gpio.o(.text)
    FSMC_NORSRAMDeInit                       0x080066a9   Thumb Code    54  stm32f4xx_fsmc.o(.text)
    FSMC_NORSRAMInit                         0x080066df   Thumb Code   230  stm32f4xx_fsmc.o(.text)
    FSMC_NORSRAMStructInit                   0x080067c5   Thumb Code    48  stm32f4xx_fsmc.o(.text)
    FSMC_NORSRAMCmd                          0x080067f5   Thumb Code    46  stm32f4xx_fsmc.o(.text)
    FSMC_NANDDeInit                          0x08006823   Thumb Code    62  stm32f4xx_fsmc.o(.text)
    FSMC_NANDInit                            0x08006861   Thumb Code   132  stm32f4xx_fsmc.o(.text)
    FSMC_NANDStructInit                      0x080068e5   Thumb Code    54  stm32f4xx_fsmc.o(.text)
    FSMC_NANDCmd                             0x0800691b   Thumb Code    86  stm32f4xx_fsmc.o(.text)
    FSMC_NANDECCCmd                          0x08006971   Thumb Code    86  stm32f4xx_fsmc.o(.text)
    FSMC_GetECC                              0x080069c7   Thumb Code    24  stm32f4xx_fsmc.o(.text)
    FSMC_PCCARDDeInit                        0x080069df   Thumb Code    36  stm32f4xx_fsmc.o(.text)
    FSMC_PCCARDInit                          0x08006a03   Thumb Code   130  stm32f4xx_fsmc.o(.text)
    FSMC_PCCARDStructInit                    0x08006a85   Thumb Code    60  stm32f4xx_fsmc.o(.text)
    FSMC_PCCARDCmd                           0x08006ac1   Thumb Code    44  stm32f4xx_fsmc.o(.text)
    FSMC_ITConfig                            0x08006aed   Thumb Code   128  stm32f4xx_fsmc.o(.text)
    FSMC_GetFlagStatus                       0x08006b6d   Thumb Code    54  stm32f4xx_fsmc.o(.text)
    FSMC_ClearFlag                           0x08006ba3   Thumb Code    74  stm32f4xx_fsmc.o(.text)
    FSMC_GetITStatus                         0x08006bed   Thumb Code    62  stm32f4xx_fsmc.o(.text)
    FSMC_ClearITPendingBit                   0x08006c2b   Thumb Code    66  stm32f4xx_fsmc.o(.text)
    RCC_DeInit                               0x08006c71   Thumb Code    82  stm32f4xx_rcc.o(.text)
    RCC_HSEConfig                            0x08006cc3   Thumb Code    14  stm32f4xx_rcc.o(.text)
    RCC_GetFlagStatus                        0x08006cd1   Thumb Code    60  stm32f4xx_rcc.o(.text)
    RCC_WaitForHSEStartUp                    0x08006d0d   Thumb Code    56  stm32f4xx_rcc.o(.text)
    RCC_AdjustHSICalibrationValue            0x08006d45   Thumb Code    20  stm32f4xx_rcc.o(.text)
    RCC_HSICmd                               0x08006d59   Thumb Code     6  stm32f4xx_rcc.o(.text)
    RCC_LSEConfig                            0x08006d5f   Thumb Code    46  stm32f4xx_rcc.o(.text)
    RCC_LSICmd                               0x08006d8d   Thumb Code     6  stm32f4xx_rcc.o(.text)
    RCC_PLLConfig                            0x08006d93   Thumb Code    32  stm32f4xx_rcc.o(.text)
    RCC_PLLCmd                               0x08006db3   Thumb Code     6  stm32f4xx_rcc.o(.text)
    RCC_PLLI2SConfig                         0x08006db9   Thumb Code    14  stm32f4xx_rcc.o(.text)
    RCC_PLLI2SCmd                            0x08006dc7   Thumb Code     6  stm32f4xx_rcc.o(.text)
    RCC_PLLSAIConfig                         0x08006dcd   Thumb Code    20  stm32f4xx_rcc.o(.text)
    RCC_PLLSAICmd                            0x08006de1   Thumb Code     6  stm32f4xx_rcc.o(.text)
    RCC_ClockSecuritySystemCmd               0x08006de7   Thumb Code     6  stm32f4xx_rcc.o(.text)
    RCC_MCO1Config                           0x08006ded   Thumb Code    28  stm32f4xx_rcc.o(.text)
    RCC_MCO2Config                           0x08006e09   Thumb Code    28  stm32f4xx_rcc.o(.text)
    RCC_SYSCLKConfig                         0x08006e25   Thumb Code    20  stm32f4xx_rcc.o(.text)
    RCC_GetSYSCLKSource                      0x08006e39   Thumb Code    12  stm32f4xx_rcc.o(.text)
    RCC_HCLKConfig                           0x08006e45   Thumb Code    20  stm32f4xx_rcc.o(.text)
    RCC_PCLK1Config                          0x08006e59   Thumb Code    20  stm32f4xx_rcc.o(.text)
    RCC_PCLK2Config                          0x08006e6d   Thumb Code    22  stm32f4xx_rcc.o(.text)
    RCC_GetClocksFreq                        0x08006e83   Thumb Code   222  stm32f4xx_rcc.o(.text)
    RCC_RTCCLKConfig                         0x08006f61   Thumb Code    54  stm32f4xx_rcc.o(.text)
    RCC_RTCCLKCmd                            0x08006f97   Thumb Code     8  stm32f4xx_rcc.o(.text)
    RCC_BackupResetCmd                       0x08006f9f   Thumb Code     8  stm32f4xx_rcc.o(.text)
    RCC_I2SCLKConfig                         0x08006fa7   Thumb Code     6  stm32f4xx_rcc.o(.text)
    RCC_SAIPLLI2SClkDivConfig                0x08006fad   Thumb Code    26  stm32f4xx_rcc.o(.text)
    RCC_SAIPLLSAIClkDivConfig                0x08006fc7   Thumb Code    28  stm32f4xx_rcc.o(.text)
    RCC_SAIBlockACLKConfig                   0x08006fe3   Thumb Code    20  stm32f4xx_rcc.o(.text)
    RCC_SAIBlockBCLKConfig                   0x08006ff7   Thumb Code    20  stm32f4xx_rcc.o(.text)
    RCC_LTDCCLKDivConfig                     0x0800700b   Thumb Code    20  stm32f4xx_rcc.o(.text)
    RCC_TIMCLKPresConfig                     0x0800701f   Thumb Code     6  stm32f4xx_rcc.o(.text)
    RCC_AHB1PeriphClockCmd                   0x08007025   Thumb Code    34  stm32f4xx_rcc.o(.text)
    RCC_AHB2PeriphClockCmd                   0x08007047   Thumb Code    78  stm32f4xx_rcc.o(.text)
    RCC_AHB3PeriphClockCmd                   0x08007095   Thumb Code    34  stm32f4xx_rcc.o(.text)
    RCC_APB1PeriphClockCmd                   0x080070b7   Thumb Code    34  stm32f4xx_rcc.o(.text)
    RCC_APB2PeriphClockCmd                   0x080070d9   Thumb Code    34  stm32f4xx_rcc.o(.text)
    RCC_AHB1PeriphResetCmd                   0x080070fb   Thumb Code    34  stm32f4xx_rcc.o(.text)
    RCC_AHB2PeriphResetCmd                   0x0800711d   Thumb Code    34  stm32f4xx_rcc.o(.text)
    RCC_AHB3PeriphResetCmd                   0x0800713f   Thumb Code    34  stm32f4xx_rcc.o(.text)
    RCC_APB1PeriphResetCmd                   0x08007161   Thumb Code    34  stm32f4xx_rcc.o(.text)
    RCC_APB2PeriphResetCmd                   0x08007183   Thumb Code    34  stm32f4xx_rcc.o(.text)
    RCC_AHB1PeriphClockLPModeCmd             0x080071a5   Thumb Code    34  stm32f4xx_rcc.o(.text)
    RCC_AHB2PeriphClockLPModeCmd             0x080071c7   Thumb Code    34  stm32f4xx_rcc.o(.text)
    RCC_AHB3PeriphClockLPModeCmd             0x080071e9   Thumb Code    34  stm32f4xx_rcc.o(.text)
    RCC_APB1PeriphClockLPModeCmd             0x0800720b   Thumb Code    34  stm32f4xx_rcc.o(.text)
    RCC_APB2PeriphClockLPModeCmd             0x0800722d   Thumb Code    34  stm32f4xx_rcc.o(.text)
    RCC_LSEModeConfig                        0x0800724f   Thumb Code    40  stm32f4xx_rcc.o(.text)
    RCC_ITConfig                             0x08007277   Thumb Code    34  stm32f4xx_rcc.o(.text)
    RCC_ClearFlag                            0x08007299   Thumb Code    18  stm32f4xx_rcc.o(.text)
    RCC_GetITStatus                          0x080072ab   Thumb Code    22  stm32f4xx_rcc.o(.text)
    RCC_ClearITPendingBit                    0x080072c1   Thumb Code     8  stm32f4xx_rcc.o(.text)
    USART_DeInit                             0x080072cd   Thumb Code   206  stm32f4xx_usart.o(.text)
    USART_Init                               0x0800739b   Thumb Code   204  stm32f4xx_usart.o(.text)
    USART_StructInit                         0x08007467   Thumb Code    24  stm32f4xx_usart.o(.text)
    USART_ClockInit                          0x0800747f   Thumb Code    32  stm32f4xx_usart.o(.text)
    USART_ClockStructInit                    0x0800749f   Thumb Code    12  stm32f4xx_usart.o(.text)
    USART_Cmd                                0x080074ab   Thumb Code    24  stm32f4xx_usart.o(.text)
    USART_SetPrescaler                       0x080074c3   Thumb Code    16  stm32f4xx_usart.o(.text)
    USART_OverSampling8Cmd                   0x080074d3   Thumb Code    22  stm32f4xx_usart.o(.text)
    USART_OneBitMethodCmd                    0x080074e9   Thumb Code    24  stm32f4xx_usart.o(.text)
    USART_SendData                           0x08007501   Thumb Code     8  stm32f4xx_usart.o(.text)
    USART_ReceiveData                        0x08007509   Thumb Code    10  stm32f4xx_usart.o(.text)
    USART_SetAddress                         0x08007513   Thumb Code    18  stm32f4xx_usart.o(.text)
    USART_ReceiverWakeUpCmd                  0x08007525   Thumb Code    24  stm32f4xx_usart.o(.text)
    USART_WakeUpConfig                       0x0800753d   Thumb Code    18  stm32f4xx_usart.o(.text)
    USART_LINBreakDetectLengthConfig         0x0800754f   Thumb Code    18  stm32f4xx_usart.o(.text)
    USART_LINCmd                             0x08007561   Thumb Code    24  stm32f4xx_usart.o(.text)
    USART_SendBreak                          0x08007579   Thumb Code    10  stm32f4xx_usart.o(.text)
    USART_HalfDuplexCmd                      0x08007583   Thumb Code    24  stm32f4xx_usart.o(.text)
    USART_SetGuardTime                       0x0800759b   Thumb Code    16  stm32f4xx_usart.o(.text)
    USART_SmartCardCmd                       0x080075ab   Thumb Code    24  stm32f4xx_usart.o(.text)
    USART_SmartCardNACKCmd                   0x080075c3   Thumb Code    24  stm32f4xx_usart.o(.text)
    USART_IrDAConfig                         0x080075db   Thumb Code    18  stm32f4xx_usart.o(.text)
    USART_IrDACmd                            0x080075ed   Thumb Code    24  stm32f4xx_usart.o(.text)
    USART_DMACmd                             0x08007605   Thumb Code    18  stm32f4xx_usart.o(.text)
    USART_ITConfig                           0x08007617   Thumb Code    74  stm32f4xx_usart.o(.text)
    USART_GetFlagStatus                      0x08007661   Thumb Code    26  stm32f4xx_usart.o(.text)
    USART_ClearFlag                          0x0800767b   Thumb Code    18  stm32f4xx_usart.o(.text)
    USART_GetITStatus                        0x0800768d   Thumb Code   118  stm32f4xx_usart.o(.text)
    USART_ClearITPendingBit                  0x08007703   Thumb Code    30  stm32f4xx_usart.o(.text)
    TIM_DeInit                               0x08007721   Thumb Code   346  stm32f4xx_tim.o(.text)
    TIM_TimeBaseInit                         0x0800787b   Thumb Code   104  stm32f4xx_tim.o(.text)
    TIM_TimeBaseStructInit                   0x080078e3   Thumb Code    18  stm32f4xx_tim.o(.text)
    TIM_PrescalerConfig                      0x080078f5   Thumb Code     6  stm32f4xx_tim.o(.text)
    TIM_CounterModeConfig                    0x080078fb   Thumb Code    18  stm32f4xx_tim.o(.text)
    TIM_SetCounter                           0x0800790d   Thumb Code     4  stm32f4xx_tim.o(.text)
    TIM_SetAutoreload                        0x08007911   Thumb Code     4  stm32f4xx_tim.o(.text)
    TIM_GetCounter                           0x08007915   Thumb Code     6  stm32f4xx_tim.o(.text)
    TIM_GetPrescaler                         0x0800791b   Thumb Code     6  stm32f4xx_tim.o(.text)
    TIM_UpdateDisableConfig                  0x08007921   Thumb Code    24  stm32f4xx_tim.o(.text)
    TIM_UpdateRequestConfig                  0x08007939   Thumb Code    24  stm32f4xx_tim.o(.text)
    TIM_ARRPreloadConfig                     0x08007951   Thumb Code    24  stm32f4xx_tim.o(.text)
    TIM_SelectOnePulseMode                   0x08007969   Thumb Code    18  stm32f4xx_tim.o(.text)
    TIM_SetClockDivision                     0x0800797b   Thumb Code    18  stm32f4xx_tim.o(.text)
    TIM_Cmd                                  0x0800798d   Thumb Code    24  stm32f4xx_tim.o(.text)
    TIM_OC1Init                              0x080079a5   Thumb Code   114  stm32f4xx_tim.o(.text)
    TIM_OC2Init                              0x08007a17   Thumb Code   154  stm32f4xx_tim.o(.text)
    TIM_OC3Init                              0x08007ab1   Thumb Code   204  stm32f4xx_tim.o(.text)
    TIM_OC4Init                              0x08007b7d   Thumb Code   112  stm32f4xx_tim.o(.text)
    TIM_OCStructInit                         0x08007bed   Thumb Code    20  stm32f4xx_tim.o(.text)
    TIM_SelectOCxM                           0x08007c01   Thumb Code    86  stm32f4xx_tim.o(.text)
    TIM_SetCompare1                          0x08007c57   Thumb Code     4  stm32f4xx_tim.o(.text)
    TIM_SetCompare2                          0x08007c5b   Thumb Code     4  stm32f4xx_tim.o(.text)
    TIM_SetCompare3                          0x08007c5f   Thumb Code     4  stm32f4xx_tim.o(.text)
    TIM_SetCompare4                          0x08007c63   Thumb Code     4  stm32f4xx_tim.o(.text)
    TIM_ForcedOC1Config                      0x08007c67   Thumb Code    18  stm32f4xx_tim.o(.text)
    TIM_ForcedOC2Config                      0x08007c79   Thumb Code    26  stm32f4xx_tim.o(.text)
    TIM_ForcedOC3Config                      0x08007c93   Thumb Code    18  stm32f4xx_tim.o(.text)
    TIM_ForcedOC4Config                      0x08007ca5   Thumb Code    26  stm32f4xx_tim.o(.text)
    TIM_OC1PreloadConfig                     0x08007cbf   Thumb Code    18  stm32f4xx_tim.o(.text)
    TIM_OC2PreloadConfig                     0x08007cd1   Thumb Code    26  stm32f4xx_tim.o(.text)
    TIM_OC3PreloadConfig                     0x08007ceb   Thumb Code    18  stm32f4xx_tim.o(.text)
    TIM_OC4PreloadConfig                     0x08007cfd   Thumb Code    26  stm32f4xx_tim.o(.text)
    TIM_OC1FastConfig                        0x08007d17   Thumb Code    18  stm32f4xx_tim.o(.text)
    TIM_OC2FastConfig                        0x08007d29   Thumb Code    26  stm32f4xx_tim.o(.text)
    TIM_OC3FastConfig                        0x08007d43   Thumb Code    18  stm32f4xx_tim.o(.text)
    TIM_OC4FastConfig                        0x08007d55   Thumb Code    26  stm32f4xx_tim.o(.text)
    TIM_ClearOC1Ref                          0x08007d6f   Thumb Code    18  stm32f4xx_tim.o(.text)
    TIM_ClearOC2Ref                          0x08007d81   Thumb Code    24  stm32f4xx_tim.o(.text)
    TIM_ClearOC3Ref                          0x08007d99   Thumb Code    18  stm32f4xx_tim.o(.text)
    TIM_ClearOC4Ref                          0x08007dab   Thumb Code    24  stm32f4xx_tim.o(.text)
    TIM_OC1PolarityConfig                    0x08007dc3   Thumb Code    18  stm32f4xx_tim.o(.text)
    TIM_OC1NPolarityConfig                   0x08007dd5   Thumb Code    18  stm32f4xx_tim.o(.text)
    TIM_OC2PolarityConfig                    0x08007de7   Thumb Code    26  stm32f4xx_tim.o(.text)
    TIM_OC2NPolarityConfig                   0x08007e01   Thumb Code    26  stm32f4xx_tim.o(.text)
    TIM_OC3PolarityConfig                    0x08007e1b   Thumb Code    26  stm32f4xx_tim.o(.text)
    TIM_OC3NPolarityConfig                   0x08007e35   Thumb Code    26  stm32f4xx_tim.o(.text)
    TIM_OC4PolarityConfig                    0x08007e4f   Thumb Code    26  stm32f4xx_tim.o(.text)
    TIM_CCxCmd                               0x08007e69   Thumb Code    30  stm32f4xx_tim.o(.text)
    TIM_CCxNCmd                              0x08007e87   Thumb Code    30  stm32f4xx_tim.o(.text)
    TIM_SetIC4Prescaler                      0x08007ea5   Thumb Code    26  stm32f4xx_tim.o(.text)
    TIM_SetIC3Prescaler                      0x08007f0f   Thumb Code    18  stm32f4xx_tim.o(.text)
    TIM_SetIC2Prescaler                      0x08007f69   Thumb Code    26  stm32f4xx_tim.o(.text)
    TIM_SetIC1Prescaler                      0x08007fdd   Thumb Code    18  stm32f4xx_tim.o(.text)
    TIM_ICInit                               0x08008029   Thumb Code   110  stm32f4xx_tim.o(.text)
    TIM_ICStructInit                         0x08008097   Thumb Code    18  stm32f4xx_tim.o(.text)
    TIM_PWMIConfig                           0x080080a9   Thumb Code   124  stm32f4xx_tim.o(.text)
    TIM_GetCapture1                          0x08008125   Thumb Code     6  stm32f4xx_tim.o(.text)
    TIM_GetCapture2                          0x0800812b   Thumb Code     6  stm32f4xx_tim.o(.text)
    TIM_GetCapture3                          0x08008131   Thumb Code     6  stm32f4xx_tim.o(.text)
    TIM_GetCapture4                          0x08008137   Thumb Code     6  stm32f4xx_tim.o(.text)
    TIM_BDTRConfig                           0x0800813d   Thumb Code    32  stm32f4xx_tim.o(.text)
    TIM_BDTRStructInit                       0x0800815d   Thumb Code    18  stm32f4xx_tim.o(.text)
    TIM_CtrlPWMOutputs                       0x0800816f   Thumb Code    30  stm32f4xx_tim.o(.text)
    TIM_SelectCOM                            0x0800818d   Thumb Code    24  stm32f4xx_tim.o(.text)
    TIM_CCPreloadControl                     0x080081a5   Thumb Code    24  stm32f4xx_tim.o(.text)
    TIM_ITConfig                             0x080081bd   Thumb Code    18  stm32f4xx_tim.o(.text)
    TIM_GenerateEvent                        0x080081cf   Thumb Code     4  stm32f4xx_tim.o(.text)
    TIM_GetFlagStatus                        0x080081d3   Thumb Code    18  stm32f4xx_tim.o(.text)
    TIM_ClearFlag                            0x080081e5   Thumb Code     6  stm32f4xx_tim.o(.text)
    TIM_GetITStatus                          0x080081eb   Thumb Code    34  stm32f4xx_tim.o(.text)
    TIM_ClearITPendingBit                    0x0800820d   Thumb Code     6  stm32f4xx_tim.o(.text)
    TIM_DMAConfig                            0x08008213   Thumb Code    10  stm32f4xx_tim.o(.text)
    TIM_DMACmd                               0x0800821d   Thumb Code    18  stm32f4xx_tim.o(.text)
    TIM_SelectCCDMA                          0x0800822f   Thumb Code    24  stm32f4xx_tim.o(.text)
    TIM_InternalClockConfig                  0x08008247   Thumb Code    12  stm32f4xx_tim.o(.text)
    TIM_SelectInputTrigger                   0x08008253   Thumb Code    18  stm32f4xx_tim.o(.text)
    TIM_ITRxExternalClockConfig              0x08008265   Thumb Code    24  stm32f4xx_tim.o(.text)
    TIM_TIxExternalClockConfig               0x0800827d   Thumb Code    62  stm32f4xx_tim.o(.text)
    TIM_ETRConfig                            0x080082bb   Thumb Code    28  stm32f4xx_tim.o(.text)
    TIM_ETRClockMode1Config                  0x080082d7   Thumb Code    54  stm32f4xx_tim.o(.text)
    TIM_ETRClockMode2Config                  0x0800830d   Thumb Code    32  stm32f4xx_tim.o(.text)
    TIM_SelectOutputTrigger                  0x0800832d   Thumb Code    18  stm32f4xx_tim.o(.text)
    TIM_SelectSlaveMode                      0x0800833f   Thumb Code    18  stm32f4xx_tim.o(.text)
    TIM_SelectMasterSlaveMode                0x08008351   Thumb Code    18  stm32f4xx_tim.o(.text)
    TIM_EncoderInterfaceConfig               0x08008363   Thumb Code    66  stm32f4xx_tim.o(.text)
    TIM_SelectHallSensor                     0x080083a5   Thumb Code    24  stm32f4xx_tim.o(.text)
    TIM_RemapConfig                          0x080083bd   Thumb Code     6  stm32f4xx_tim.o(.text)
    __use_no_semihosting                     0x080083c3   Thumb Code     2  use_no_semi_2.o(.text)
    __2printf                                0x080083c5   Thumb Code    20  noretval__2printf.o(.text)
    __printf                                 0x080083dd   Thumb Code   104  __printf.o(.text)
    _printf_int_dec                          0x08008445   Thumb Code   104  _printf_dec.o(.text)
    _printf_int_hex                          0x080084bd   Thumb Code    84  _printf_hex_int.o(.text)
    _printf_longlong_hex                     0x080084bd   Thumb Code     0  _printf_hex_int.o(.text)
    __use_two_region_memory                  0x08008515   Thumb Code     2  heapauxi.o(.text)
    __rt_heap_escrow$2region                 0x08008517   Thumb Code     2  heapauxi.o(.text)
    __rt_heap_expand$2region                 0x08008519   Thumb Code     2  heapauxi.o(.text)
    __I$use$semihosting                      0x0800851b   Thumb Code     0  use_no_semi.o(.text)
    __use_no_semihosting_swi                 0x0800851b   Thumb Code     2  use_no_semi.o(.text)
    _printf_int_common                       0x0800851d   Thumb Code   178  _printf_intcommon.o(.text)
    _printf_char_file                        0x080085d1   Thumb Code    32  _printf_char_file.o(.text)
    _printf_char_common                      0x080085ff   Thumb Code    32  _printf_char_common.o(.text)
    ferror                                   0x08008625   Thumb Code     8  ferror.o(.text)
    __user_setup_stackheap                   0x0800862d   Thumb Code    74  sys_stackheap_outer.o(.text)
    exit                                     0x08008677   Thumb Code    18  exit.o(.text)
    __user_libspace                          0x08008689   Thumb Code     8  libspace.o(.text)
    __user_perproc_libspace                  0x08008689   Thumb Code     0  libspace.o(.text)
    __user_perthread_libspace                0x08008689   Thumb Code     0  libspace.o(.text)
    __aeabi_dadd                             0x08008691   Thumb Code     0  daddsub_clz.o(x$fpl$dadd)
    _dadd                                    0x08008691   Thumb Code   332  daddsub_clz.o(x$fpl$dadd)
    __aeabi_ddiv                             0x080087e1   Thumb Code     0  ddiv.o(x$fpl$ddiv)
    _ddiv                                    0x080087e1   Thumb Code   552  ddiv.o(x$fpl$ddiv)
    __aeabi_d2iz                             0x08008a91   Thumb Code     0  dfix.o(x$fpl$dfix)
    _dfix                                    0x08008a91   Thumb Code    94  dfix.o(x$fpl$dfix)
    __aeabi_d2uiz                            0x08008af1   Thumb Code     0  dfixu.o(x$fpl$dfixu)
    _dfixu                                   0x08008af1   Thumb Code    90  dfixu.o(x$fpl$dfixu)
    __aeabi_ui2d                             0x08008b4b   Thumb Code     0  dflt_clz.o(x$fpl$dfltu)
    _dfltu                                   0x08008b4b   Thumb Code    38  dflt_clz.o(x$fpl$dfltu)
    __aeabi_dmul                             0x08008b71   Thumb Code     0  dmul.o(x$fpl$dmul)
    _dmul                                    0x08008b71   Thumb Code   332  dmul.o(x$fpl$dmul)
    __fpl_dnaninf                            0x08008cc5   Thumb Code   156  dnaninf.o(x$fpl$dnaninf)
    __fpl_dretinf                            0x08008d61   Thumb Code    12  dretinf.o(x$fpl$dretinf)
    __aeabi_dsub                             0x08008d6d   Thumb Code     0  daddsub_clz.o(x$fpl$dsub)
    _dsub                                    0x08008d6d   Thumb Code   464  daddsub_clz.o(x$fpl$dsub)
    __aeabi_f2d                              0x08008f41   Thumb Code     0  f2d.o(x$fpl$f2d)
    _f2d                                     0x08008f41   Thumb Code    86  f2d.o(x$fpl$f2d)
    __fpl_fnaninf                            0x08008f97   Thumb Code   140  fnaninf.o(x$fpl$fnaninf)
    _fp_init                                 0x08009023   Thumb Code    10  fpinit.o(x$fpl$fpinit)
    __fplib_config_fpu_vfp                   0x0800902b   Thumb Code     0  fpinit.o(x$fpl$fpinit)
    __fplib_config_pureend_doubles           0x0800902b   Thumb Code     0  fpinit.o(x$fpl$fpinit)
    __I$use$fp                               0x0800902c   Number         0  usenofp.o(x$fpl$usenofp)
    asc2_1206                                0x0800902c   Data        1140  lcd.o(.constdata)
    asc2_1608                                0x080094a0   Data        1520  lcd.o(.constdata)
    asc2_2412                                0x08009a90   Data        3420  lcd.o(.constdata)
    FSMC_DefaultTimingStruct                 0x0800a7ec   Data          28  stm32f4xx_fsmc.o(.constdata)
    Region$$Table$$Base                      0x0800a830   Number         0  anon$$obj.o(Region$$Table)
    Region$$Table$$Limit                     0x0800a850   Number         0  anon$$obj.o(Region$$Table)
    SystemCoreClock                          0x20000000   Data           4  system_stm32f4xx.o(.data)
    AHBPrescTable                            0x20000004   Data          16  system_stm32f4xx.o(.data)
    POINT_COLOR                              0x20000014   Data           2  lcd.o(.data)
    BACK_COLOR                               0x20000016   Data           2  lcd.o(.data)
    RmtSta                                   0x2000001c   Data           1  remote.o(.data)
    Dval                                     0x2000001e   Data           2  remote.o(.data)
    RmtRec                                   0x20000020   Data           4  remote.o(.data)
    RmtCnt                                   0x20000024   Data           1  remote.o(.data)
    screen                                   0x20000025   Data           1  timer.o(.data)
    __stdout                                 0x2000002c   Data           4  usart.o(.data)
    USART_RX_STA                             0x20000030   Data           2  usart.o(.data)
    lcddev                                   0x20000044   Data          14  lcd.o(.bss)
    USART_RX_BUF                             0x20000052   Data         200  usart.o(.bss)
    __libspace_start                         0x2000011c   Data          96  libspace.o(.bss)
    __temporary_stack_top$libspace           0x2000017c   Data           0  libspace.o(.bss)



==============================================================================

Memory Map of the image

  Image Entry point : 0x08000189

  Load Region LR_IROM1 (Base: 0x08000000, Size: 0x0000a894, Max: 0x00100000, ABSOLUTE)

    Execution Region ER_IROM1 (Base: 0x08000000, Size: 0x0000a850, Max: 0x00100000, ABSOLUTE)

    Base Addr    Size         Type   Attr      Idx    E Section Name        Object

    0x08000000   0x00000188   Data   RO          530    RESET               startup_stm32f40_41xxx.o
    0x08000188   0x00000008   Code   RO          758  * !!!main             c_w.l(__main.o)
    0x08000190   0x00000034   Code   RO          961    !!!scatter          c_w.l(__scatter.o)
    0x080001c4   0x0000001a   Code   RO          963    !!handler_copy      c_w.l(__scatter_copy.o)
    0x080001de   0x00000002   PAD
    0x080001e0   0x0000001c   Code   RO          965    !!handler_zi        c_w.l(__scatter_zi.o)
    0x080001fc   0x00000000   Code   RO          755    .ARM.Collect$$_printf_percent$$00000000  c_w.l(_printf_percent.o)
    0x080001fc   0x00000006   Code   RO          754    .ARM.Collect$$_printf_percent$$00000009  c_w.l(_printf_d.o)
    0x08000202   0x00000006   Code   RO          753    .ARM.Collect$$_printf_percent$$0000000C  c_w.l(_printf_x.o)
    0x08000208   0x00000004   Code   RO          795    .ARM.Collect$$_printf_percent$$00000017  c_w.l(_printf_percent_end.o)
    0x0800020c   0x00000002   Code   RO          835    .ARM.Collect$$libinit$$00000000  c_w.l(libinit.o)
    0x0800020e   0x00000004   Code   RO          841    .ARM.Collect$$libinit$$00000001  c_w.l(libinit2.o)
    0x08000212   0x00000000   Code   RO          844    .ARM.Collect$$libinit$$00000004  c_w.l(libinit2.o)
    0x08000212   0x00000000   Code   RO          847    .ARM.Collect$$libinit$$0000000A  c_w.l(libinit2.o)
    0x08000212   0x00000000   Code   RO          849    .ARM.Collect$$libinit$$0000000C  c_w.l(libinit2.o)
    0x08000212   0x00000000   Code   RO          851    .ARM.Collect$$libinit$$0000000E  c_w.l(libinit2.o)
    0x08000212   0x00000000   Code   RO          854    .ARM.Collect$$libinit$$00000011  c_w.l(libinit2.o)
    0x08000212   0x00000000   Code   RO          856    .ARM.Collect$$libinit$$00000013  c_w.l(libinit2.o)
    0x08000212   0x00000000   Code   RO          858    .ARM.Collect$$libinit$$00000015  c_w.l(libinit2.o)
    0x08000212   0x00000000   Code   RO          860    .ARM.Collect$$libinit$$00000017  c_w.l(libinit2.o)
    0x08000212   0x00000000   Code   RO          862    .ARM.Collect$$libinit$$00000019  c_w.l(libinit2.o)
    0x08000212   0x00000000   Code   RO          864    .ARM.Collect$$libinit$$0000001B  c_w.l(libinit2.o)
    0x08000212   0x00000000   Code   RO          866    .ARM.Collect$$libinit$$0000001D  c_w.l(libinit2.o)
    0x08000212   0x00000000   Code   RO          868    .ARM.Collect$$libinit$$0000001F  c_w.l(libinit2.o)
    0x08000212   0x00000000   Code   RO          870    .ARM.Collect$$libinit$$00000021  c_w.l(libinit2.o)
    0x08000212   0x00000000   Code   RO          872    .ARM.Collect$$libinit$$00000023  c_w.l(libinit2.o)
    0x08000212   0x00000000   Code   RO          874    .ARM.Collect$$libinit$$00000025  c_w.l(libinit2.o)
    0x08000212   0x00000000   Code   RO          878    .ARM.Collect$$libinit$$0000002C  c_w.l(libinit2.o)
    0x08000212   0x00000000   Code   RO          880    .ARM.Collect$$libinit$$0000002E  c_w.l(libinit2.o)
    0x08000212   0x00000000   Code   RO          882    .ARM.Collect$$libinit$$00000030  c_w.l(libinit2.o)
    0x08000212   0x00000000   Code   RO          884    .ARM.Collect$$libinit$$00000032  c_w.l(libinit2.o)
    0x08000212   0x00000002   Code   RO          885    .ARM.Collect$$libinit$$00000033  c_w.l(libinit2.o)
    0x08000214   0x00000002   Code   RO          903    .ARM.Collect$$libshutdown$$00000000  c_w.l(libshutdown.o)
    0x08000216   0x00000000   Code   RO          913    .ARM.Collect$$libshutdown$$00000002  c_w.l(libshutdown2.o)
    0x08000216   0x00000000   Code   RO          915    .ARM.Collect$$libshutdown$$00000004  c_w.l(libshutdown2.o)
    0x08000216   0x00000000   Code   RO          918    .ARM.Collect$$libshutdown$$00000007  c_w.l(libshutdown2.o)
    0x08000216   0x00000000   Code   RO          921    .ARM.Collect$$libshutdown$$0000000A  c_w.l(libshutdown2.o)
    0x08000216   0x00000000   Code   RO          923    .ARM.Collect$$libshutdown$$0000000C  c_w.l(libshutdown2.o)
    0x08000216   0x00000000   Code   RO          926    .ARM.Collect$$libshutdown$$0000000F  c_w.l(libshutdown2.o)
    0x08000216   0x00000002   Code   RO          927    .ARM.Collect$$libshutdown$$00000010  c_w.l(libshutdown2.o)
    0x08000218   0x00000000   Code   RO          790    .ARM.Collect$$rtentry$$00000000  c_w.l(__rtentry.o)
    0x08000218   0x00000000   Code   RO          804    .ARM.Collect$$rtentry$$00000002  c_w.l(__rtentry2.o)
    0x08000218   0x00000006   Code   RO          816    .ARM.Collect$$rtentry$$00000004  c_w.l(__rtentry4.o)
    0x0800021e   0x00000000   Code   RO          806    .ARM.Collect$$rtentry$$00000009  c_w.l(__rtentry2.o)
    0x0800021e   0x00000004   Code   RO          807    .ARM.Collect$$rtentry$$0000000A  c_w.l(__rtentry2.o)
    0x08000222   0x00000000   Code   RO          809    .ARM.Collect$$rtentry$$0000000C  c_w.l(__rtentry2.o)
    0x08000222   0x00000008   Code   RO          810    .ARM.Collect$$rtentry$$0000000D  c_w.l(__rtentry2.o)
    0x0800022a   0x00000002   Code   RO          839    .ARM.Collect$$rtexit$$00000000  c_w.l(rtexit.o)
    0x0800022c   0x00000000   Code   RO          887    .ARM.Collect$$rtexit$$00000002  c_w.l(rtexit2.o)
    0x0800022c   0x00000004   Code   RO          888    .ARM.Collect$$rtexit$$00000003  c_w.l(rtexit2.o)
    0x08000230   0x00000006   Code   RO          889    .ARM.Collect$$rtexit$$00000004  c_w.l(rtexit2.o)
    0x08000236   0x00000002   PAD
    0x08000238   0x000001ec   Code   RO            3    .text               main.o
    0x08000424   0x0000001a   Code   RO          176    .text               stm32f4xx_it.o
    0x0800043e   0x00000002   PAD
    0x08000440   0x00000210   Code   RO          225    .text               system_stm32f4xx.o
    0x08000650   0x00000040   Code   RO          251    .text               led.o
    0x08000690   0x00004c80   Code   RO          271    .text               lcd.o
    0x08005310   0x000001b0   Code   RO          309    .text               adc.o
    0x080054c0   0x00000040   Code   RO          329    .text               beep.o
    0x08005500   0x00000104   Code   RO          349    .text               key.o
    0x08005604   0x000002e0   Code   RO          370    .text               remote.o
    0x080058e4   0x0000008c   Code   RO          396    .text               adc3.o
    0x08005970   0x00000138   Code   RO          416    .text               smog.o
    0x08005aa8   0x00000198   Code   RO          436    .text               timer.o
    0x08005c40   0x00000104   Code   RO          459    .text               delay.o
    0x08005d44   0x0000014c   Code   RO          499    .text               usart.o
    0x08005e90   0x00000040   Code   RO          531    .text               startup_stm32f40_41xxx.o
    0x08005ed0   0x000000e0   Code   RO          537    .text               misc.o
    0x08005fb0   0x00000464   Code   RO          557    .text               stm32f4xx_adc.o
    0x08006414   0x00000294   Code   RO          577    .text               stm32f4xx_gpio.o
    0x080066a8   0x000005c8   Code   RO          597    .text               stm32f4xx_fsmc.o
    0x08006c70   0x0000065c   Code   RO          620    .text               stm32f4xx_rcc.o
    0x080072cc   0x00000454   Code   RO          642    .text               stm32f4xx_usart.o
    0x08007720   0x00000ca2   Code   RO          662    .text               stm32f4xx_tim.o
    0x080083c2   0x00000002   Code   RO          702    .text               c_w.l(use_no_semi_2.o)
    0x080083c4   0x00000018   Code   RO          706    .text               c_w.l(noretval__2printf.o)
    0x080083dc   0x00000068   Code   RO          708    .text               c_w.l(__printf.o)
    0x08008444   0x00000078   Code   RO          710    .text               c_w.l(_printf_dec.o)
    0x080084bc   0x00000058   Code   RO          715    .text               c_w.l(_printf_hex_int.o)
    0x08008514   0x00000006   Code   RO          756    .text               c_w.l(heapauxi.o)
    0x0800851a   0x00000002   Code   RO          788    .text               c_w.l(use_no_semi.o)
    0x0800851c   0x000000b2   Code   RO          791    .text               c_w.l(_printf_intcommon.o)
    0x080085ce   0x00000002   PAD
    0x080085d0   0x00000024   Code   RO          793    .text               c_w.l(_printf_char_file.o)
    0x080085f4   0x00000030   Code   RO          818    .text               c_w.l(_printf_char_common.o)
    0x08008624   0x00000008   Code   RO          820    .text               c_w.l(ferror.o)
    0x0800862c   0x0000004a   Code   RO          824    .text               c_w.l(sys_stackheap_outer.o)
    0x08008676   0x00000012   Code   RO          828    .text               c_w.l(exit.o)
    0x08008688   0x00000008   Code   RO          836    .text               c_w.l(libspace.o)
    0x08008690   0x00000150   Code   RO          760    x$fpl$dadd          fz_wm.l(daddsub_clz.o)
    0x080087e0   0x000002b0   Code   RO          767    x$fpl$ddiv          fz_wm.l(ddiv.o)
    0x08008a90   0x0000005e   Code   RO          770    x$fpl$dfix          fz_wm.l(dfix.o)
    0x08008aee   0x00000002   PAD
    0x08008af0   0x0000005a   Code   RO          774    x$fpl$dfixu         fz_wm.l(dfixu.o)
    0x08008b4a   0x00000026   Code   RO          778    x$fpl$dfltu         fz_wm.l(dflt_clz.o)
    0x08008b70   0x00000154   Code   RO          784    x$fpl$dmul          fz_wm.l(dmul.o)
    0x08008cc4   0x0000009c   Code   RO          796    x$fpl$dnaninf       fz_wm.l(dnaninf.o)
    0x08008d60   0x0000000c   Code   RO          798    x$fpl$dretinf       fz_wm.l(dretinf.o)
    0x08008d6c   0x000001d4   Code   RO          762    x$fpl$dsub          fz_wm.l(daddsub_clz.o)
    0x08008f40   0x00000056   Code   RO          786    x$fpl$f2d           fz_wm.l(f2d.o)
    0x08008f96   0x0000008c   Code   RO          800    x$fpl$fnaninf       fz_wm.l(fnaninf.o)
    0x08009022   0x0000000a   Code   RO          895    x$fpl$fpinit        fz_wm.l(fpinit.o)
    0x0800902c   0x00000000   Code   RO          802    x$fpl$usenofp       fz_wm.l(usenofp.o)
    0x0800902c   0x000017c0   Data   RO          273    .constdata          lcd.o
    0x0800a7ec   0x0000001c   Data   RO          598    .constdata          stm32f4xx_fsmc.o
    0x0800a808   0x00000028   Data   RO          716    .constdata          c_w.l(_printf_hex_int.o)
    0x0800a830   0x00000020   Data   RO          959    Region$$Table       anon$$obj.o


    Execution Region RW_IRAM1 (Base: 0x20000000, Size: 0x00000780, Max: 0x00020000, ABSOLUTE)

    Base Addr    Size         Type   Attr      Idx    E Section Name        Object

    0x20000000   0x00000014   Data   RW          226    .data               system_stm32f4xx.o
    0x20000014   0x00000004   Data   RW          274    .data               lcd.o
    0x20000018   0x00000001   Data   RW          350    .data               key.o
    0x20000019   0x00000003   PAD
    0x2000001c   0x00000009   Data   RW          371    .data               remote.o
    0x20000025   0x00000001   Data   RW          437    .data               timer.o
    0x20000026   0x00000004   Data   RW          460    .data               delay.o
    0x2000002a   0x00000002   PAD
    0x2000002c   0x00000006   Data   RW          501    .data               usart.o
    0x20000032   0x00000010   Data   RW          621    .data               stm32f4xx_rcc.o
    0x20000042   0x00000002   PAD
    0x20000044   0x0000000e   Zero   RW          272    .bss                lcd.o
    0x20000052   0x000000c8   Zero   RW          500    .bss                usart.o
    0x2000011a   0x00000002   PAD
    0x2000011c   0x00000060   Zero   RW          837    .bss                c_w.l(libspace.o)
    0x2000017c   0x00000004   PAD
    0x20000180   0x00000200   Zero   RW          529    HEAP                startup_stm32f40_41xxx.o
    0x20000380   0x00000400   Zero   RW          528    STACK               startup_stm32f40_41xxx.o


==============================================================================

Image component sizes


      Code (inc. data)   RO Data    RW Data    ZI Data      Debug   Object Name

       432         48          0          0          0       1476   adc.o
       140          4          0          0          0        829   adc3.o
        64          4          0          0          0        540   beep.o
       260          8          0          4          0       1501   delay.o
       260         12          0          1          0        888   key.o
     19584        174       6080          4         14      22934   lcd.o
        64          4          0          0          0        535   led.o
       492         96          0          0          0     304158   main.o
       224         20          0          0          0       1841   misc.o
       736         28          0          9          0       1890   remote.o
       312         84          0          0          0       1038   smog.o
        64         26        392          0       1536        848   startup_stm32f40_41xxx.o
      1124         24          0          0          0      10710   stm32f4xx_adc.o
      1480         18         28          0          0       5682   stm32f4xx_fsmc.o
       660         44          0          0          0       4181   stm32f4xx_gpio.o
        26          0          0          0          0       1234   stm32f4xx_it.o
      1628         52          0         16          0      13068   stm32f4xx_rcc.o
      3234         60          0          0          0      23036   stm32f4xx_tim.o
      1108         34          0          0          0       7904   stm32f4xx_usart.o
       528         46          0         20          0       1811   system_stm32f4xx.o
       408         20          0          1          0       1548   timer.o
       332         18          0          6        200       3370   usart.o

    ----------------------------------------------------------------------
     33162        824       6532         68       1752     411022   Object Totals
         0          0         32          0          0          0   (incl. Generated)
         2          0          0          7          2          0   (incl. Padding)

    ----------------------------------------------------------------------

      Code (inc. data)   RO Data    RW Data    ZI Data      Debug   Library Member Name

         8          0          0          0          0         68   __main.o
       104          0          0          0          0         84   __printf.o
         0          0          0          0          0          0   __rtentry.o
        12          0          0          0          0          0   __rtentry2.o
         6          0          0          0          0          0   __rtentry4.o
        52          8          0          0          0          0   __scatter.o
        26          0          0          0          0          0   __scatter_copy.o
        28          0          0          0          0          0   __scatter_zi.o
        48          6          0          0          0         96   _printf_char_common.o
        36          4          0          0          0         80   _printf_char_file.o
         6          0          0          0          0          0   _printf_d.o
       120         16          0          0          0         92   _printf_dec.o
        88          4         40          0          0         88   _printf_hex_int.o
       178          0          0          0          0         88   _printf_intcommon.o
         0          0          0          0          0          0   _printf_percent.o
         4          0          0          0          0          0   _printf_percent_end.o
         6          0          0          0          0          0   _printf_x.o
        18          0          0          0          0         80   exit.o
         8          0          0          0          0         68   ferror.o
         6          0          0          0          0        152   heapauxi.o
         2          0          0          0          0          0   libinit.o
         6          0          0          0          0          0   libinit2.o
         2          0          0          0          0          0   libshutdown.o
         2          0          0          0          0          0   libshutdown2.o
         8          4          0          0         96         68   libspace.o
        24          4          0          0          0         84   noretval__2printf.o
         2          0          0          0          0          0   rtexit.o
        10          0          0          0          0          0   rtexit2.o
        74          0          0          0          0         80   sys_stackheap_outer.o
         2          0          0          0          0         68   use_no_semi.o
         2          0          0          0          0         68   use_no_semi_2.o
       804         16          0          0          0        368   daddsub_clz.o
       688        140          0          0          0        256   ddiv.o
        94          4          0          0          0        140   dfix.o
        90          4          0          0          0        140   dfixu.o
        38          0          0          0          0        116   dflt_clz.o
       340         12          0          0          0        152   dmul.o
       156          4          0          0          0        140   dnaninf.o
        12          0          0          0          0        116   dretinf.o
        86          4          0          0          0        132   f2d.o
       140          4          0          0          0        132   fnaninf.o
        10          0          0          0          0        116   fpinit.o
         0          0          0          0          0          0   usenofp.o

    ----------------------------------------------------------------------
      3354        234         40          0        100       3072   Library Totals
         8          0          0          0          4          0   (incl. Padding)

    ----------------------------------------------------------------------

      Code (inc. data)   RO Data    RW Data    ZI Data      Debug   Library Name

       888         46         40          0         96       1264   c_w.l
      2458        188          0          0          0       1808   fz_wm.l

    ----------------------------------------------------------------------
      3354        234         40          0        100       3072   Library Totals

    ----------------------------------------------------------------------

==============================================================================


      Code (inc. data)   RO Data    RW Data    ZI Data      Debug   

     36516       1058       6572         68       1852     408222   Grand Totals
     36516       1058       6572         68       1852     408222   ELF Image Totals
     36516       1058       6572         68          0          0   ROM Totals

==============================================================================

    Total RO  Size (Code + RO Data)                43088 (  42.08kB)
    Total RW  Size (RW Data + ZI Data)              1920 (   1.88kB)
    Total ROM Size (Code + RO Data + RW Data)      43156 (  42.14kB)

==============================================================================

